******************************************************************************
                  TI ARM Linker PC v20.2.7                     
******************************************************************************
>> Linked Fri Dec 15 18:05:28 2023

OUTPUT FILE NAME:   <P6_BemfComp.out>
ENTRY POINT SYMBOL: "_c_int00_noargs"  address: 00002409


MEMORY CONFIGURATION

         name            origin    length      used     unused   attr    fill
----------------------  --------  ---------  --------  --------  ----  --------
  FLASH                 00000000   00040000  00002a1e  0003d5e2  R  X
  SRAM                  20000000   00008000  000004b8  00007b48  RW X


SEGMENT ALLOCATION MAP

run origin  load origin   length   init length attrs members
----------  ----------- ---------- ----------- ----- -------
00000000    00000000    00002a20   00002a20    r-x
  00000000    00000000    0000026c   0000026c    r-- .intvecs
  0000026c    0000026c    00002502   00002502    r-x .text
  00002770    00002770    00000250   00000250    r-- .const
  000029c0    000029c0    00000060   00000060    r-- .cinit
20000000    20000000    000004bc   00000000    rw-
  20000000    20000000    0000026c   00000000    rw- .vtable
  20000270    20000270    00000200   00000000    rw- .stack
  20000470    20000470    0000003c   00000000    rw- .data
  200004ac    200004ac    00000010   00000000    rw- .bss


SECTION ALLOCATION MAP

 output                                  attributes/
section   page    origin      length       input sections
--------  ----  ----------  ----------   ----------------
.intvecs   0    00000000    0000026c     
                  00000000    0000026c     tm4c123gh6pm_startup_ccs.obj (.intvecs)

.text      0    0000026c    00002502     
                  0000026c    00000a38     fSW.obj (.text)
                  00000ca4    000006cc     initHW.obj (.text)
                  00001370    0000026c     fHW.obj (.text)
                  000015dc    000001b6     rtsv7M4_T_le_v4SPD16_eabi.lib : fd_add_t2.asm.obj (.text)
                  00001792    00000002     --HOLE-- [fill = 0]
                  00001794    0000016c     driverlib.lib : gpio.obj (.text:GPIOPadConfigSet)
                  00001900    00000136     rtsv7M4_T_le_v4SPD16_eabi.lib : fd_div_t2.asm.obj (.text)
                  00001a36    000000fc                                   : fd_mul_t2.asm.obj (.text)
                  00001b32    00000002     --HOLE-- [fill = 0]
                  00001b34    000000f4     driverlib.lib : sysctl.obj (.text:SysCtlClockSet)
                  00001c28    0000009c     rtsv7M4_T_le_v4SPD16_eabi.lib : memcpy_t2.asm.obj (.text)
                  00001cc4    00000086                                   : fd_cmp_t2.asm.obj (.text:__aeabi_cdcmple)
                  00001d4a    00000086                                   : fd_cmp_t2.asm.obj (.text:__aeabi_cdrcmple)
                  00001dd0    0000007c     main.obj (.text)
                  00001e4c    0000007a     driverlib.lib : adc.obj (.text:ADCSequenceStepConfigure)
                  00001ec6    0000006e     rtsv7M4_T_le_v4SPD16_eabi.lib : fd_tos_t2.asm.obj (.text)
                  00001f34    00000068     driverlib.lib : interrupt.obj (.text:IntDisable)
                  00001f9c    00000068                   : interrupt.obj (.text:IntEnable)
                  00002004    00000068     rtsv7M4_T_le_v4SPD16_eabi.lib : copy_decompress_lzss.c.obj (.text:decompress:lzss:__TI_decompress_lzss)
                  0000206c    00000060     driverlib.lib : timer.obj (.text:TimerConfigure)
                  000020cc    0000005c                   : timer.obj (.text:TimerControlTrigger)
                  00002128    00000058                   : gpio.obj (.text:GPIOIntTypeSet)
                  00002180    0000004e                   : adc.obj (.text:ADCSequenceConfigure)
                  000021ce    00000002     --HOLE-- [fill = 0]
                  000021d0    0000004c                   : gpio.obj (.text:GPIOPinConfigure)
                  0000221c    00000046                   : uart.obj (.text:UARTConfigSetExpClk)
                  00002262    00000002     --HOLE-- [fill = 0]
                  00002264    00000044                   : gpio.obj (.text:_GPIOIntNumberGet)
                  000022a8    00000044     rtsv7M4_T_le_v4SPD16_eabi.lib : autoinit.c.obj (.text:__TI_auto_init_nobinit_nopinit:__TI_auto_init_nobinit_nopinit)
                  000022ec    00000044                                   : fd_tou_t2.asm.obj (.text)
                  00002330    00000038     driverlib.lib : sysctl.obj (.text:SysCtlPeripheralReady)
                  00002368    00000038     rtsv7M4_T_le_v4SPD16_eabi.lib : fs_tod_t2.asm.obj (.text)
                  000023a0    00000034     driverlib.lib : interrupt.obj (.text:IntRegister)
                  000023d4    00000034                   : sysctl.obj (.text:SysCtlPeripheralEnable)
                  00002408    00000034     rtsv7M4_T_le_v4SPD16_eabi.lib : boot_cortex_m.c.obj (.text:_c_int00_noargs:_c_int00_noargs)
                  0000243c    0000002c     driverlib.lib : gpio.obj (.text:GPIODirModeSet)
                  00002468    00000022                   : pwm.obj (.text:PWMGenConfigure)
                  0000248a    00000002     --HOLE-- [fill = 0]
                  0000248c    00000020                   : uart.obj (.text:UARTDisable)
                  000024ac    00000020     rtsv7M4_T_le_v4SPD16_eabi.lib : u_tofd_t2.asm.obj (.text)
                  000024cc    0000001e     driverlib.lib : adc.obj (.text:ADCSequenceDataGet)
                  000024ea    0000001e                   : pwm.obj (.text:PWMPulseWidthGet)
                  00002508    0000001e                   : pwm.obj (.text:PWMPulseWidthSet)
                  00002526    0000001c     rtsv7M4_T_le_v4SPD16_eabi.lib : copy_zero_init.c.obj (.text:decompress:ZI:__TI_zero_init_nomemset:__TI_zero_init_nomemset)
                  00002542    0000001a     driverlib.lib : gpio.obj (.text:GPIOPinTypeGPIOOutput)
                  0000255c    00000018                   : adc.obj (.text:ADCProcessorTrigger)
                  00002574    00000018                   : gpio.obj (.text:GPIOIntRegister)
                  0000258c    00000018                   : timer.obj (.text:TimerDisable)
                  000025a4    00000016                   : gpio.obj (.text:GPIOPinTypeADC)
                  000025ba    00000016                   : gpio.obj (.text:GPIOPinTypeGPIOInput)
                  000025d0    00000016                   : gpio.obj (.text:GPIOPinTypePWM)
                  000025e6    00000016                   : gpio.obj (.text:GPIOPinTypeUART)
                  000025fc    00000014                   : uart.obj (.text:UARTEnable)
                  00002610    00000012                   : pwm.obj (.text:PWMGenPeriodGet)
                  00002622    00000012                   : pwm.obj (.text:PWMOutputInvert)
                  00002634    00000012                   : pwm.obj (.text:PWMOutputState)
                  00002646    00000012                   : timer.obj (.text:TimerLoadSet)
                  00002658    00000010                   : adc.obj (.text:ADCIntEnable)
                  00002668    00000010                   : interrupt.obj (.text:IntMasterEnable)
                  00002678    00000010                   : pwm.obj (.text:PWMGenPeriodSet)
                  00002688    0000000e                   : adc.obj (.text:ADCHardwareOversampleConfigure)
                  00002696    0000000e                   : adc.obj (.text:ADCSequenceDisable)
                  000026a4    0000000e                   : adc.obj (.text:ADCSequenceEnable)
                  000026b2    0000000e                   : gpio.obj (.text:GPIOIntDisable)
                  000026c0    0000000e                   : gpio.obj (.text:GPIOIntStatus)
                  000026ce    0000000e                   : timer.obj (.text:TimerEnable)
                  000026dc    0000000e     rtsv7M4_T_le_v4SPD16_eabi.lib : copy_decompress_none.c.obj (.text:decompress:none:__TI_decompress_none)
                  000026ea    0000000c     driverlib.lib : cpu.obj (.text:CPUcpsie)
                  000026f6    0000000c                   : gpio.obj (.text:GPIOIntEnable)
                  00002702    0000000c                   : pwm.obj (.text:PWMGenEnable)
                  0000270e    0000000c     tm4c123gh6pm_startup_ccs.obj (.text)
                  0000271a    0000000a     driverlib.lib : adc.obj (.text:ADCIntClear)
                  00002724    0000000a                   : timer.obj (.text:TimerValueGet)
                  0000272e    0000000a                   : uart.obj (.text:UARTCharPut)
                  00002738    00000008                   : timer.obj (.text:TimerIntEnable)
                  00002740    00000006                   : gpio.obj (.text:GPIOIntClear)
                  00002746    00000006                   : gpio.obj (.text:GPIOPinWrite)
                  0000274c    00000006                   : sysctl.obj (.text:SysCtlDelay)
                  00002752    00000006                   : timer.obj (.text:TimerClockSourceSet)
                  00002758    00000006                   : uart.obj (.text:UARTClockSourceSet)
                  0000275e    00000004                   : timer.obj (.text:TimerADCEventSet)
                  00002762    00000004                   : timer.obj (.text:TimerIntClear)
                  00002766    00000004     rtsv7M4_T_le_v4SPD16_eabi.lib : pre_init.c.obj (.text:_system_pre_init)
                  0000276a    00000004                                   : exit.c.obj (.text:abort:abort)

.const     0    00002770    00000250     
                  00002770    000000d8     driverlib.lib : gpio.obj (.const:g_ppui32GPIOIntMapSnowflake)
                  00002848    000000c0                   : gpio.obj (.const:g_ppui32GPIOIntMapBlizzard)
                  00002908    00000090                   : gpio.obj (.const:g_pui32GPIOBaseAddrs)
                  00002998    00000014                   : interrupt.obj (.const:g_pui32Dii16Regs)
                  000029ac    00000014                   : interrupt.obj (.const:g_pui32EnRegs)

.cinit     0    000029c0    00000060     
                  000029c0    00000025     (.cinit..data.load) [load image, compression = lzss]
                  000029e5    00000003     --HOLE-- [fill = 0]
                  000029e8    0000000c     (__TI_handler_table)
                  000029f4    00000004     --HOLE-- [fill = 0]
                  000029f8    00000008     (.cinit..bss.load) [load image, compression = zero_init]
                  00002a00    00000008     (.cinit..vtable.load) [load image, compression = zero_init]
                  00002a08    00000018     (__TI_cinit_table)

.init_array 
*          0    00000000    00000000     UNINITIALIZED

.vtable    0    20000000    0000026c     UNINITIALIZED
                  20000000    0000026c     driverlib.lib : interrupt.obj (.vtable)

.data      0    20000470    0000003c     UNINITIALIZED
                  20000470    00000030     fSW.obj (.data)
                  200004a0    0000000c     fHW.obj (.data)

.bss       0    200004ac    00000010     UNINITIALIZED
                  200004ac    00000004     (.common:Velocity)
                  200004b0    00000004     (.common:contador)
                  200004b4    00000004     (.common:referenceADC)
                  200004b8    00000004     (.common:velocitatAnt)

.stack     0    20000270    00000200     UNINITIALIZED
                  20000270    00000004     rtsv7M4_T_le_v4SPD16_eabi.lib : boot_cortex_m.c.obj (.stack)
                  20000274    000001fc     --HOLE--

__llvm_prf_cnts 
*          0    20000000    00000000     UNINITIALIZED

MODULE SUMMARY

       Module                         code   ro data   rw data
       ------                         ----   -------   -------
    .\
       fSW.obj                        2616   0         60     
       initHW.obj                     1740   0         0      
       fHW.obj                        620    0         16     
       tm4c123gh6pm_startup_ccs.obj   12     620       0      
       main.obj                       124    0         0      
    +--+------------------------------+------+---------+---------+
       Total:                         5112   620       76     
                                                              
    C:/ti/TivaWare_C_Series-2.2.0.295/driverlib/ccs/Debug/driverlib.lib
       gpio.obj                       830    552       0      
       interrupt.obj                  276    40        620    
       sysctl.obj                     358    0         0      
       adc.obj                        322    0         0      
       timer.obj                      276    0         0      
       pwm.obj                        176    0         0      
       uart.obj                       138    0         0      
       cpu.obj                        12     0         0      
    +--+------------------------------+------+---------+---------+
       Total:                         2388   592       620    
                                                              
    C:\ti\ccs1240\ccs\tools\compiler\ti-cgt-arm_20.2.7.LTS\lib\rtsv7M4_T_le_v4SPD16_eabi.lib
       fd_add_t2.asm.obj              438    0         0      
       fd_div_t2.asm.obj              310    0         0      
       fd_cmp_t2.asm.obj              268    0         0      
       fd_mul_t2.asm.obj              252    0         0      
       memcpy_t2.asm.obj              156    0         0      
       fd_tos_t2.asm.obj              110    0         0      
       copy_decompress_lzss.c.obj     104    0         0      
       autoinit.c.obj                 68     0         0      
       fd_tou_t2.asm.obj              68     0         0      
       fs_tod_t2.asm.obj              56     0         0      
       boot_cortex_m.c.obj            52     0         0      
       u_tofd_t2.asm.obj              32     0         0      
       copy_zero_init.c.obj           28     0         0      
       copy_decompress_none.c.obj     14     0         0      
       exit.c.obj                     4      0         0      
       pre_init.c.obj                 4      0         0      
    +--+------------------------------+------+---------+---------+
       Total:                         1964   0         0      
                                                              
       Stack:                         0      0         512    
       Linker Generated:              0      89        0      
    +--+------------------------------+------+---------+---------+
       Grand Total:                   9464   1301      1208   


LINKER GENERATED COPY TABLES

__TI_cinit_table @ 00002a08 records: 3, size/record: 8, table size: 24
	.data: load addr=000029c0, load size=00000025 bytes, run addr=20000470, run size=0000003c bytes, compression=lzss
	.bss: load addr=000029f8, load size=00000008 bytes, run addr=200004ac, run size=00000010 bytes, compression=zero_init
	.vtable: load addr=00002a00, load size=00000008 bytes, run addr=20000000, run size=0000026c bytes, compression=zero_init


LINKER GENERATED HANDLER TABLE

__TI_handler_table @ 000029e8 records: 3, size/record: 4, table size: 12
	index: 0, handler: __TI_zero_init
	index: 1, handler: __TI_decompress_lzss
	index: 2, handler: __TI_decompress_none


GLOBAL SYMBOLS: SORTED ALPHABETICALLY BY Name 

address   name                          
-------   ----                          
0000065f  ADC0IntHandler                
200004a8  ADC0Pointer                   
00000703  ADC1IntHandler                
00002689  ADCHardwareOversampleConfigure
0000271b  ADCIntClear                   
00002659  ADCIntEnable                  
0000255d  ADCProcessorTrigger           
00002181  ADCSequenceConfigure          
000024cd  ADCSequenceDataGet            
00002697  ADCSequenceDisable            
000026a5  ADCSequenceEnable             
00001e4d  ADCSequenceStepConfigure      
0000276b  C$$EXIT                       
000026eb  CPUcpsie                      
00000425  Fstate                        
0000243d  GPIODirModeSet                
00002741  GPIOIntClear                  
000026b3  GPIOIntDisable                
000026f7  GPIOIntEnable                 
00002575  GPIOIntRegister               
000026c1  GPIOIntStatus                 
00002129  GPIOIntTypeSet                
00001795  GPIOPadConfigSet              
000021d1  GPIOPinConfigure              
000025a5  GPIOPinTypeADC                
000025bb  GPIOPinTypeGPIOInput          
00002543  GPIOPinTypeGPIOOutput         
000025d1  GPIOPinTypePWM                
000025e7  GPIOPinTypeUART               
00002747  GPIOPinWrite                  
200004a4  GPIO_ints                     
20000484  GainState                     
2000047c  GainVel                       
00001f35  IntDisable                    
00001f9d  IntEnable                     
00002669  IntMasterEnable               
000023a1  IntRegister                   
00000b89  InterruptTimeChange           
000007f1  InterruptTimeOut              
20000476  Mode_Rampa                    
00002469  PWMGenConfigure               
00002703  PWMGenEnable                  
00002611  PWMGenPeriodGet               
00002679  PWMGenPeriodSet               
00002623  PWMOutputInvert               
00002635  PWMOutputState                
000024eb  PWMPulseWidthGet              
00002509  PWMPulseWidthSet              
00000831  PortIntHandler                
20000475  PotData                       
00000775  PotVel                        
0000026d  RdChangeState                 
0000270f  ResetISR                      
00001595  RstTimeOut                    
00001b35  SysCtlClockSet                
0000274d  SysCtlDelay                   
000023d5  SysCtlPeripheralEnable        
00002331  SysCtlPeripheralReady         
000013c7  Timer1AIntHandler_funcioDelay 
0000275f  TimerADCEventSet              
00002753  TimerClockSourceSet           
0000206d  TimerConfigure                
000020cd  TimerControlTrigger           
0000258d  TimerDisable                  
000026cf  TimerEnable                   
00002763  TimerIntClear                 
00002739  TimerIntEnable                
00002647  TimerLoadSet                  
00002725  TimerValueGet                 
0000272f  UARTCharPut                   
00002759  UARTClockSourceSet            
0000221d  UARTConfigSetExpClk           
0000248d  UARTDisable                   
000025fd  UARTEnable                    
00001495  UARTSend                      
20000480  VFuture                       
200004ac  Velocity                      
20000470  __STACK_END                   
00000200  __STACK_SIZE                  
20000470  __STACK_TOP                   
00002a08  __TI_CINIT_Base               
00002a20  __TI_CINIT_Limit              
000029e8  __TI_Handler_Table_Base       
000029f4  __TI_Handler_Table_Limit      
000022a9  __TI_auto_init_nobinit_nopinit
00002005  __TI_decompress_lzss          
000026dd  __TI_decompress_none          
ffffffff  __TI_pprof_out_hndl           
ffffffff  __TI_prof_data_size           
ffffffff  __TI_prof_data_start          
00000000  __TI_static_base__            
00002527  __TI_zero_init_nomemset       
00001cc5  __aeabi_cdcmpeq               
00001cc5  __aeabi_cdcmple               
00001d4b  __aeabi_cdrcmple              
00001ec7  __aeabi_d2f                   
000022ed  __aeabi_d2uiz                 
000015e7  __aeabi_dadd                  
00001901  __aeabi_ddiv                  
00001a37  __aeabi_dmul                  
000015dd  __aeabi_dsub                  
00002369  __aeabi_f2d                   
00001c29  __aeabi_memcpy                
00001c29  __aeabi_memcpy4               
00001c29  __aeabi_memcpy8               
000024ad  __aeabi_ui2d                  
ffffffff  __binit__                     
ffffffff  __c_args__                    
UNDEFED   __mpu_init                    
20000270  __stack                       
20000000  __start___llvm_prf_cnts       
20000000  __stop___llvm_prf_cnts        
00002409  _c_int00_noargs               
UNDEFED   _system_post_cinit            
00002767  _system_pre_init              
200004a0  a1                            
200004a1  a2                            
0000276b  abort                         
0000144f  activarADC                    
00001461  adcChannel                    
2000048a  arribatADC                    
ffffffff  binit                         
0000095d  changeDuty                    
20000470  changeState                   
200004b0  contador                      
2000048c  contadorADC                   
20000490  contadorTimer                 
20000478  countState                    
00001371  createADC0MEM                 
20000498  data_ant                      
2000049c  data_init                     
0000137d  delayms                       
200004a6  delayms_GOUT                  
000013f3  dt                            
0000140b  enableGPIOInt                 
20000000  g_pfnRAMVectors               
00000000  g_pfnVectors                  
000012ad  initUART                      
000011c1  init_ADC                      
00000caf  init_GPIOs                    
00000dcb  init_PWMs                     
00000ca5  init_clock                    
00001091  init_timers                   
00001dd1  main                          
00001c29  memcpy                        
00000273  nState                        
20000489  provaADCBemf                  
20000494  ready                         
20000488  refADCrun                     
200004b4  referenceADC                  
200004a2  sendU                         
20000474  sentit                        
00000c05  setADC0ref                    
20000472  setError                      
00001013  setGPIO                       
00001517  setOut                        
00000f31  setPWM                        
00000ebb  setPWMDuty                    
00000e87  setPWMfreqk                   
00001579  setTimeOut                    
20000473  state                         
20000471  switchPressed                 
000013db  t0                            
20000477  updateVelocity                
200004b8  velocitatAnt                  
000014bd  write                         
000014e9  writeData                     


GLOBAL SYMBOLS: SORTED BY Symbol Address 

address   name                          
-------   ----                          
00000000  __TI_static_base__            
00000000  g_pfnVectors                  
00000200  __STACK_SIZE                  
0000026d  RdChangeState                 
00000273  nState                        
00000425  Fstate                        
0000065f  ADC0IntHandler                
00000703  ADC1IntHandler                
00000775  PotVel                        
000007f1  InterruptTimeOut              
00000831  PortIntHandler                
0000095d  changeDuty                    
00000b89  InterruptTimeChange           
00000c05  setADC0ref                    
00000ca5  init_clock                    
00000caf  init_GPIOs                    
00000dcb  init_PWMs                     
00000e87  setPWMfreqk                   
00000ebb  setPWMDuty                    
00000f31  setPWM                        
00001013  setGPIO                       
00001091  init_timers                   
000011c1  init_ADC                      
000012ad  initUART                      
00001371  createADC0MEM                 
0000137d  delayms                       
000013c7  Timer1AIntHandler_funcioDelay 
000013db  t0                            
000013f3  dt                            
0000140b  enableGPIOInt                 
0000144f  activarADC                    
00001461  adcChannel                    
00001495  UARTSend                      
000014bd  write                         
000014e9  writeData                     
00001517  setOut                        
00001579  setTimeOut                    
00001595  RstTimeOut                    
000015dd  __aeabi_dsub                  
000015e7  __aeabi_dadd                  
00001795  GPIOPadConfigSet              
00001901  __aeabi_ddiv                  
00001a37  __aeabi_dmul                  
00001b35  SysCtlClockSet                
00001c29  __aeabi_memcpy                
00001c29  __aeabi_memcpy4               
00001c29  __aeabi_memcpy8               
00001c29  memcpy                        
00001cc5  __aeabi_cdcmpeq               
00001cc5  __aeabi_cdcmple               
00001d4b  __aeabi_cdrcmple              
00001dd1  main                          
00001e4d  ADCSequenceStepConfigure      
00001ec7  __aeabi_d2f                   
00001f35  IntDisable                    
00001f9d  IntEnable                     
00002005  __TI_decompress_lzss          
0000206d  TimerConfigure                
000020cd  TimerControlTrigger           
00002129  GPIOIntTypeSet                
00002181  ADCSequenceConfigure          
000021d1  GPIOPinConfigure              
0000221d  UARTConfigSetExpClk           
000022a9  __TI_auto_init_nobinit_nopinit
000022ed  __aeabi_d2uiz                 
00002331  SysCtlPeripheralReady         
00002369  __aeabi_f2d                   
000023a1  IntRegister                   
000023d5  SysCtlPeripheralEnable        
00002409  _c_int00_noargs               
0000243d  GPIODirModeSet                
00002469  PWMGenConfigure               
0000248d  UARTDisable                   
000024ad  __aeabi_ui2d                  
000024cd  ADCSequenceDataGet            
000024eb  PWMPulseWidthGet              
00002509  PWMPulseWidthSet              
00002527  __TI_zero_init_nomemset       
00002543  GPIOPinTypeGPIOOutput         
0000255d  ADCProcessorTrigger           
00002575  GPIOIntRegister               
0000258d  TimerDisable                  
000025a5  GPIOPinTypeADC                
000025bb  GPIOPinTypeGPIOInput          
000025d1  GPIOPinTypePWM                
000025e7  GPIOPinTypeUART               
000025fd  UARTEnable                    
00002611  PWMGenPeriodGet               
00002623  PWMOutputInvert               
00002635  PWMOutputState                
00002647  TimerLoadSet                  
00002659  ADCIntEnable                  
00002669  IntMasterEnable               
00002679  PWMGenPeriodSet               
00002689  ADCHardwareOversampleConfigure
00002697  ADCSequenceDisable            
000026a5  ADCSequenceEnable             
000026b3  GPIOIntDisable                
000026c1  GPIOIntStatus                 
000026cf  TimerEnable                   
000026dd  __TI_decompress_none          
000026eb  CPUcpsie                      
000026f7  GPIOIntEnable                 
00002703  PWMGenEnable                  
0000270f  ResetISR                      
0000271b  ADCIntClear                   
00002725  TimerValueGet                 
0000272f  UARTCharPut                   
00002739  TimerIntEnable                
00002741  GPIOIntClear                  
00002747  GPIOPinWrite                  
0000274d  SysCtlDelay                   
00002753  TimerClockSourceSet           
00002759  UARTClockSourceSet            
0000275f  TimerADCEventSet              
00002763  TimerIntClear                 
00002767  _system_pre_init              
0000276b  C$$EXIT                       
0000276b  abort                         
000029e8  __TI_Handler_Table_Base       
000029f4  __TI_Handler_Table_Limit      
00002a08  __TI_CINIT_Base               
00002a20  __TI_CINIT_Limit              
20000000  __start___llvm_prf_cnts       
20000000  __stop___llvm_prf_cnts        
20000000  g_pfnRAMVectors               
20000270  __stack                       
20000470  __STACK_END                   
20000470  __STACK_TOP                   
20000470  changeState                   
20000471  switchPressed                 
20000472  setError                      
20000473  state                         
20000474  sentit                        
20000475  PotData                       
20000476  Mode_Rampa                    
20000477  updateVelocity                
20000478  countState                    
2000047c  GainVel                       
20000480  VFuture                       
20000484  GainState                     
20000488  refADCrun                     
20000489  provaADCBemf                  
2000048a  arribatADC                    
2000048c  contadorADC                   
20000490  contadorTimer                 
20000494  ready                         
20000498  data_ant                      
2000049c  data_init                     
200004a0  a1                            
200004a1  a2                            
200004a2  sendU                         
200004a4  GPIO_ints                     
200004a6  delayms_GOUT                  
200004a8  ADC0Pointer                   
200004ac  Velocity                      
200004b0  contador                      
200004b4  referenceADC                  
200004b8  velocitatAnt                  
ffffffff  __TI_pprof_out_hndl           
ffffffff  __TI_prof_data_size           
ffffffff  __TI_prof_data_start          
ffffffff  __binit__                     
ffffffff  __c_args__                    
ffffffff  binit                         
UNDEFED   __mpu_init                    
UNDEFED   _system_post_cinit            

[167 symbols]
