******************************************************************************
                  TI ARM Linker PC v20.2.7                     
******************************************************************************
>> Linked Thu May 23 13:25:52 2024

OUTPUT FILE NAME:   <RISCV_prog.out>
ENTRY POINT SYMBOL: "_c_int00_noargs"  address: 00000ff5


MEMORY CONFIGURATION

         name            origin    length      used     unused   attr    fill
----------------------  --------  ---------  --------  --------  ----  --------
  FLASH                 00000000   00040000  000012ca  0003ed36  R  X
  SRAM                  20000000   00008000  00000c82  0000737e  RW X


SEGMENT ALLOCATION MAP

run origin  load origin   length   init length attrs members
----------  ----------- ---------- ----------- ----- -------
00000000    00000000    000012d0   000012d0    r-x
  00000000    00000000    0000026c   0000026c    r-- .intvecs
  0000026c    0000026c    00000efa   00000efa    r-x .text
  00001168    00001168    00000124   00000124    r-- .const
  00001290    00001290    00000040   00000040    r-- .cinit
20000000    20000000    00000c82   00000000    rw-
  20000000    20000000    0000026c   00000000    rw- .vtable
  2000026c    2000026c    00000814   00000000    rw- .bss
  20000a80    20000a80    00000200   00000000    rw- .stack
  20000c80    20000c80    00000002   00000000    rw- .data


SECTION ALLOCATION MAP

 output                                  attributes/
section   page    origin      length       input sections
--------  ----  ----------  ----------   ----------------
.intvecs   0    00000000    0000026c     
                  00000000    0000026c     tm4c123gh6pm_startup_ccs.obj (.intvecs)

.text      0    0000026c    00000efa     
                  0000026c    000002b8     initHW.obj (.text)
                  00000524    000001e8     main.obj (.text)
                  0000070c    0000016c     driverlib.lib : gpio.obj (.text:GPIOPadConfigSet)
                  00000878    00000154     flash.obj (.text)
                  000009cc    00000118     driverlib.lib : sysctl.obj (.text:SysCtlClockGet)
                  00000ae4    000000f4                   : sysctl.obj (.text:SysCtlClockSet)
                  00000bd8    0000009c     rtsv7M4_T_le_v4SPD16_eabi.lib : memcpy_t2.asm.obj (.text)
                  00000c74    0000007a                                   : memset_t2.asm.obj (.text)
                  00000cee    00000002     --HOLE-- [fill = 0]
                  00000cf0    00000068     driverlib.lib : interrupt.obj (.text:IntDisable)
                  00000d58    00000068                   : interrupt.obj (.text:IntEnable)
                  00000dc0    00000068     rtsv7M4_T_le_v4SPD16_eabi.lib : copy_decompress_lzss.c.obj (.text:decompress:lzss:__TI_decompress_lzss)
                  00000e28    00000060     driverlib.lib : timer.obj (.text:TimerConfigure)
                  00000e88    0000004c                   : gpio.obj (.text:GPIOPinConfigure)
                  00000ed4    00000044     rtsv7M4_T_le_v4SPD16_eabi.lib : autoinit.c.obj (.text:__TI_auto_init_nobinit_nopinit:__TI_auto_init_nobinit_nopinit)
                  00000f18    0000003c     driverlib.lib : ssi.obj (.text:SSIConfigSetExpClk)
                  00000f54    00000038                   : sysctl.obj (.text:SysCtlPeripheralReady)
                  00000f8c    00000034                   : interrupt.obj (.text:IntRegister)
                  00000fc0    00000034                   : sysctl.obj (.text:SysCtlPeripheralEnable)
                  00000ff4    00000034     rtsv7M4_T_le_v4SPD16_eabi.lib : boot_cortex_m.c.obj (.text:_c_int00_noargs:_c_int00_noargs)
                  00001028    0000002c     driverlib.lib : gpio.obj (.text:GPIODirModeSet)
                  00001054    0000001a                   : gpio.obj (.text:GPIOPinTypeGPIOOutput)
                  0000106e    00000002     --HOLE-- [fill = 0]
                  00001070    00000018                   : timer.obj (.text:TimerDisable)
                  00001088    00000016                   : gpio.obj (.text:GPIOPinTypeGPIOInput)
                  0000109e    00000016                   : gpio.obj (.text:GPIOPinTypeSSI)
                  000010b4    00000012                   : ssi.obj (.text:SSIDataGetNonBlocking)
                  000010c6    00000012                   : timer.obj (.text:TimerLoadSet)
                  000010d8    00000010                   : interrupt.obj (.text:IntMasterEnable)
                  000010e8    0000000e                   : ssi.obj (.text:SSIDataPutNonBlocking)
                  000010f6    0000000e                   : timer.obj (.text:TimerEnable)
                  00001104    0000000e     rtsv7M4_T_le_v4SPD16_eabi.lib : copy_decompress_none.c.obj (.text:decompress:none:__TI_decompress_none)
                  00001112    0000000c     driverlib.lib : cpu.obj (.text:CPUcpsie)
                  0000111e    0000000c     rtsv7M4_T_le_v4SPD16_eabi.lib : copy_zero_init.c.obj (.text:decompress:ZI:__TI_zero_init)
                  0000112a    0000000c     tm4c123gh6pm_startup_ccs.obj (.text)
                  00001136    0000000a     driverlib.lib : ssi.obj (.text:SSIEnable)
                  00001140    00000008                   : timer.obj (.text:TimerIntEnable)
                  00001148    00000006                   : gpio.obj (.text:GPIOPinWrite)
                  0000114e    00000006                   : sysctl.obj (.text:SysCtlDelay)
                  00001154    00000006                   : timer.obj (.text:TimerClockSourceSet)
                  0000115a    00000004                   : timer.obj (.text:TimerIntClear)
                  0000115e    00000004     rtsv7M4_T_le_v4SPD16_eabi.lib : pre_init.c.obj (.text:_system_pre_init)
                  00001162    00000004                                   : exit.c.obj (.text:abort:abort)

.const     0    00001168    00000124     
                  00001168    00000090     driverlib.lib : gpio.obj (.const:g_pui32GPIOBaseAddrs)
                  000011f8    0000006c                   : sysctl.obj (.const:g_pui32Xtals)
                  00001264    00000014                   : interrupt.obj (.const:g_pui32Dii16Regs)
                  00001278    00000014                   : interrupt.obj (.const:g_pui32EnRegs)

.cinit     0    00001290    00000040     
                  00001290    0000000c     (__TI_handler_table)
                  0000129c    00000004     --HOLE-- [fill = 0]
                  000012a0    00000008     (.cinit..bss.load) [load image, compression = zero_init]
                  000012a8    00000008     (.cinit..vtable.load) [load image, compression = zero_init]
                  000012b0    00000006     (.cinit..data.load) [load image, compression = lzss]
                  000012b6    00000002     --HOLE-- [fill = 0]
                  000012b8    00000018     (__TI_cinit_table)

.init_array 
*          0    00000000    00000000     UNINITIALIZED

.vtable    0    20000000    0000026c     UNINITIALIZED
                  20000000    0000026c     driverlib.lib : interrupt.obj (.vtable)

.bss       0    2000026c    00000814     UNINITIALIZED
                  2000026c    00000800     (.common:data)
                  20000a6c    00000008     (.common:SPI_rx)
                  20000a74    00000008     (.common:SPI_tx)
                  20000a7c    00000004     (.common:TCount)

.data      0    20000c80    00000002     UNINITIALIZED
                  20000c80    00000002     flash.obj (.data)

.stack     0    20000a80    00000200     UNINITIALIZED
                  20000a80    00000004     rtsv7M4_T_le_v4SPD16_eabi.lib : boot_cortex_m.c.obj (.stack)
                  20000a84    000001fc     --HOLE--

__llvm_prf_cnts 
*          0    20000000    00000000     UNINITIALIZED

MODULE SUMMARY

       Module                         code   ro data   rw data
       ------                         ----   -------   -------
    .\
       main.obj                       488    0         2064   
       initHW.obj                     696    0         4      
       tm4c123gh6pm_startup_ccs.obj   12     620       0      
       flash.obj                      340    0         2      
    +--+------------------------------+------+---------+---------+
       Total:                         1536   620       2070   
                                                              
    C:/ti/TivaWare_C_Series-2.2.0.295/driverlib/ccs/Debug/driverlib.lib
       interrupt.obj                  276    40        620    
       sysctl.obj                     638    108       0      
       gpio.obj                       560    144       0      
       timer.obj                      170    0         0      
       ssi.obj                        102    0         0      
       cpu.obj                        12     0         0      
    +--+------------------------------+------+---------+---------+
       Total:                         1758   292       620    
                                                              
    C:\ti\ccs1240\ccs\tools\compiler\ti-cgt-arm_20.2.7.LTS\lib\rtsv7M4_T_le_v4SPD16_eabi.lib
       memcpy_t2.asm.obj              156    0         0      
       memset_t2.asm.obj              122    0         0      
       copy_decompress_lzss.c.obj     104    0         0      
       autoinit.c.obj                 68     0         0      
       boot_cortex_m.c.obj            52     0         0      
       copy_decompress_none.c.obj     14     0         0      
       copy_zero_init.c.obj           12     0         0      
       exit.c.obj                     4      0         0      
       pre_init.c.obj                 4      0         0      
    +--+------------------------------+------+---------+---------+
       Total:                         536    0         0      
                                                              
       Stack:                         0      0         512    
       Linker Generated:              0      58        0      
    +--+------------------------------+------+---------+---------+
       Grand Total:                   3830   970       3202   


LINKER GENERATED COPY TABLES

__TI_cinit_table @ 000012b8 records: 3, size/record: 8, table size: 24
	.bss: load addr=000012a0, load size=00000008 bytes, run addr=2000026c, run size=00000814 bytes, compression=zero_init
	.vtable: load addr=000012a8, load size=00000008 bytes, run addr=20000000, run size=0000026c bytes, compression=zero_init
	.data: load addr=000012b0, load size=00000006 bytes, run addr=20000c80, run size=00000002 bytes, compression=lzss


LINKER GENERATED HANDLER TABLE

__TI_handler_table @ 00001290 records: 3, size/record: 4, table size: 12
	index: 0, handler: __TI_zero_init
	index: 1, handler: __TI_decompress_lzss
	index: 2, handler: __TI_decompress_none


GLOBAL SYMBOLS: SORTED ALPHABETICALLY BY Name 

address   name                          
-------   ----                          
00001163  C$$EXIT                       
00001113  CPUcpsie                      
00000879  Flash_Enable                  
00000895  Flash_Erase                   
0000097f  Flash_Read                    
000008f9  Flash_Write                   
00001029  GPIODirModeSet                
0000070d  GPIOPadConfigSet              
00000e89  GPIOPinConfigure              
00001089  GPIOPinTypeGPIOInput          
00001055  GPIOPinTypeGPIOOutput         
0000109f  GPIOPinTypeSSI                
00001149  GPIOPinWrite                  
000003ff  ISRtimerDelay                 
00000cf1  IntDisable                    
00000d59  IntEnable                     
000010d9  IntMasterEnable               
00000f8d  IntRegister                   
0000112b  ResetISR                      
000005cf  SPI_program                   
20000a6c  SPI_rx                        
00000413  SPI_send                      
20000a74  SPI_tx                        
00000f19  SSIConfigSetExpClk            
000010b5  SSIDataGetNonBlocking         
000010e9  SSIDataPutNonBlocking         
00001137  SSIEnable                     
000009cd  SysCtlClockGet                
00000ae5  SysCtlClockSet                
0000114f  SysCtlDelay                   
00000fc1  SysCtlPeripheralEnable        
00000f55  SysCtlPeripheralReady         
20000a7c  TCount                        
00001155  TimerClockSourceSet           
00000e29  TimerConfigure                
00001071  TimerDisable                  
000010f7  TimerEnable                   
0000115b  TimerIntClear                 
00001141  TimerIntEnable                
000010c7  TimerLoadSet                  
20000c80  __STACK_END                   
00000200  __STACK_SIZE                  
20000c80  __STACK_TOP                   
000012b8  __TI_CINIT_Base               
000012d0  __TI_CINIT_Limit              
00001290  __TI_Handler_Table_Base       
0000129c  __TI_Handler_Table_Limit      
00000ed5  __TI_auto_init_nobinit_nopinit
00000dc1  __TI_decompress_lzss          
00001105  __TI_decompress_none          
ffffffff  __TI_pprof_out_hndl           
ffffffff  __TI_prof_data_size           
ffffffff  __TI_prof_data_start          
00000000  __TI_static_base__            
0000111f  __TI_zero_init                
00000c75  __aeabi_memclr                
00000c75  __aeabi_memclr4               
00000c75  __aeabi_memclr8               
00000bd9  __aeabi_memcpy                
00000bd9  __aeabi_memcpy4               
00000bd9  __aeabi_memcpy8               
00000c77  __aeabi_memset                
00000c77  __aeabi_memset4               
00000c77  __aeabi_memset8               
ffffffff  __binit__                     
ffffffff  __c_args__                    
UNDEFED   __mpu_init                    
20000a80  __stack                       
20000000  __start___llvm_prf_cnts       
20000000  __stop___llvm_prf_cnts        
00000ff5  _c_int00_noargs               
UNDEFED   _system_post_cinit            
0000115f  _system_pre_init              
00001163  abort                         
ffffffff  binit                         
2000026c  data                          
000003b7  delay100us                    
20000000  g_pfnRAMVectors               
00000000  g_pfnVectors                  
000002bb  init_SPI                      
0000026d  init_clock                    
00000277  init_timers                   
00000525  main                          
00000bd9  memcpy                        
00000c7d  memset                        


GLOBAL SYMBOLS: SORTED BY Symbol Address 

address   name                          
-------   ----                          
00000000  __TI_static_base__            
00000000  g_pfnVectors                  
00000200  __STACK_SIZE                  
0000026d  init_clock                    
00000277  init_timers                   
000002bb  init_SPI                      
000003b7  delay100us                    
000003ff  ISRtimerDelay                 
00000413  SPI_send                      
00000525  main                          
000005cf  SPI_program                   
0000070d  GPIOPadConfigSet              
00000879  Flash_Enable                  
00000895  Flash_Erase                   
000008f9  Flash_Write                   
0000097f  Flash_Read                    
000009cd  SysCtlClockGet                
00000ae5  SysCtlClockSet                
00000bd9  __aeabi_memcpy                
00000bd9  __aeabi_memcpy4               
00000bd9  __aeabi_memcpy8               
00000bd9  memcpy                        
00000c75  __aeabi_memclr                
00000c75  __aeabi_memclr4               
00000c75  __aeabi_memclr8               
00000c77  __aeabi_memset                
00000c77  __aeabi_memset4               
00000c77  __aeabi_memset8               
00000c7d  memset                        
00000cf1  IntDisable                    
00000d59  IntEnable                     
00000dc1  __TI_decompress_lzss          
00000e29  TimerConfigure                
00000e89  GPIOPinConfigure              
00000ed5  __TI_auto_init_nobinit_nopinit
00000f19  SSIConfigSetExpClk            
00000f55  SysCtlPeripheralReady         
00000f8d  IntRegister                   
00000fc1  SysCtlPeripheralEnable        
00000ff5  _c_int00_noargs               
00001029  GPIODirModeSet                
00001055  GPIOPinTypeGPIOOutput         
00001071  TimerDisable                  
00001089  GPIOPinTypeGPIOInput          
0000109f  GPIOPinTypeSSI                
000010b5  SSIDataGetNonBlocking         
000010c7  TimerLoadSet                  
000010d9  IntMasterEnable               
000010e9  SSIDataPutNonBlocking         
000010f7  TimerEnable                   
00001105  __TI_decompress_none          
00001113  CPUcpsie                      
0000111f  __TI_zero_init                
0000112b  ResetISR                      
00001137  SSIEnable                     
00001141  TimerIntEnable                
00001149  GPIOPinWrite                  
0000114f  SysCtlDelay                   
00001155  TimerClockSourceSet           
0000115b  TimerIntClear                 
0000115f  _system_pre_init              
00001163  C$$EXIT                       
00001163  abort                         
00001290  __TI_Handler_Table_Base       
0000129c  __TI_Handler_Table_Limit      
000012b8  __TI_CINIT_Base               
000012d0  __TI_CINIT_Limit              
20000000  __start___llvm_prf_cnts       
20000000  __stop___llvm_prf_cnts        
20000000  g_pfnRAMVectors               
2000026c  data                          
20000a6c  SPI_rx                        
20000a74  SPI_tx                        
20000a7c  TCount                        
20000a80  __stack                       
20000c80  __STACK_END                   
20000c80  __STACK_TOP                   
ffffffff  __TI_pprof_out_hndl           
ffffffff  __TI_prof_data_size           
ffffffff  __TI_prof_data_start          
ffffffff  __binit__                     
ffffffff  __c_args__                    
ffffffff  binit                         
UNDEFED   __mpu_init                    
UNDEFED   _system_post_cinit            

[85 symbols]
