------------------------------------------------------------
Timing Analyzer Summary
------------------------------------------------------------

Type  : Slow 1200mV 85C Model Setup 'i_clk'
Slack : -10.507
TNS   : -148825.210

Type  : Slow 1200mV 85C Model Setup 'i_SCLK'
Slack : -3.448
TNS   : -36.687

Type  : Slow 1200mV 85C Model Setup 'globalRSTN'
Slack : -1.589
TNS   : -6.091

Type  : Slow 1200mV 85C Model Hold 'i_clk'
Slack : 0.383
TNS   : 0.000

Type  : Slow 1200mV 85C Model Hold 'i_SCLK'
Slack : 0.475
TNS   : 0.000

Type  : Slow 1200mV 85C Model Hold 'globalRSTN'
Slack : 0.628
TNS   : 0.000

Type  : Slow 1200mV 85C Model Recovery 'i_clk'
Slack : -3.428
TNS   : -343.747

Type  : Slow 1200mV 85C Model Recovery 'i_SCLK'
Slack : -2.076
TNS   : -18.216

Type  : Slow 1200mV 85C Model Removal 'i_SCLK'
Slack : -0.584
TNS   : -5.021

Type  : Slow 1200mV 85C Model Removal 'i_clk'
Slack : 1.241
TNS   : 0.000

Type  : Slow 1200mV 85C Model Minimum Pulse Width 'i_clk'
Slack : -3.000
TNS   : -25329.779

Type  : Slow 1200mV 85C Model Minimum Pulse Width 'i_SCLK'
Slack : -3.000
TNS   : -67.250

Type  : Slow 1200mV 85C Model Minimum Pulse Width 'globalRSTN'
Slack : -3.000
TNS   : -3.000

Type  : Slow 1200mV 0C Model Setup 'i_clk'
Slack : -9.414
TNS   : -135187.234

Type  : Slow 1200mV 0C Model Setup 'i_SCLK'
Slack : -3.026
TNS   : -34.210

Type  : Slow 1200mV 0C Model Setup 'globalRSTN'
Slack : -1.365
TNS   : -5.221

Type  : Slow 1200mV 0C Model Hold 'i_clk'
Slack : 0.336
TNS   : 0.000

Type  : Slow 1200mV 0C Model Hold 'i_SCLK'
Slack : 0.436
TNS   : 0.000

Type  : Slow 1200mV 0C Model Hold 'globalRSTN'
Slack : 0.600
TNS   : 0.000

Type  : Slow 1200mV 0C Model Recovery 'i_clk'
Slack : -3.098
TNS   : -303.040

Type  : Slow 1200mV 0C Model Recovery 'i_SCLK'
Slack : -1.856
TNS   : -16.424

Type  : Slow 1200mV 0C Model Removal 'i_SCLK'
Slack : -0.546
TNS   : -4.698

Type  : Slow 1200mV 0C Model Removal 'i_clk'
Slack : 1.189
TNS   : 0.000

Type  : Slow 1200mV 0C Model Minimum Pulse Width 'i_clk'
Slack : -3.000
TNS   : -25328.316

Type  : Slow 1200mV 0C Model Minimum Pulse Width 'i_SCLK'
Slack : -3.000
TNS   : -67.250

Type  : Slow 1200mV 0C Model Minimum Pulse Width 'globalRSTN'
Slack : -3.000
TNS   : -3.000

Type  : Fast 1200mV 0C Model Setup 'i_clk'
Slack : -5.060
TNS   : -65639.622

Type  : Fast 1200mV 0C Model Setup 'i_SCLK'
Slack : -1.846
TNS   : -21.601

Type  : Fast 1200mV 0C Model Setup 'globalRSTN'
Slack : -0.515
TNS   : -1.883

Type  : Fast 1200mV 0C Model Hold 'i_clk'
Slack : 0.173
TNS   : 0.000

Type  : Fast 1200mV 0C Model Hold 'i_SCLK'
Slack : 0.200
TNS   : 0.000

Type  : Fast 1200mV 0C Model Hold 'globalRSTN'
Slack : 0.265
TNS   : 0.000

Type  : Fast 1200mV 0C Model Recovery 'i_clk'
Slack : -1.379
TNS   : -176.400

Type  : Fast 1200mV 0C Model Recovery 'i_SCLK'
Slack : -0.628
TNS   : -5.480

Type  : Fast 1200mV 0C Model Removal 'i_SCLK'
Slack : -0.388
TNS   : -2.732

Type  : Fast 1200mV 0C Model Removal 'i_clk'
Slack : 0.477
TNS   : 0.000

Type  : Fast 1200mV 0C Model Minimum Pulse Width 'i_clk'
Slack : -3.000
TNS   : -20813.625

Type  : Fast 1200mV 0C Model Minimum Pulse Width 'i_SCLK'
Slack : -3.000
TNS   : -65.126

Type  : Fast 1200mV 0C Model Minimum Pulse Width 'globalRSTN'
Slack : -3.000
TNS   : -3.000

------------------------------------------------------------
