<?xml version="1.0" encoding="ISO-8859-1" ?>
<link_info>
   <banner>TI ARM Linker PC v20.2.7.LTS</banner>
   <copyright>Copyright (c) 1996-2018 Texas Instruments Incorporated</copyright>
   <link_time>0x65bbba8d</link_time>
   <link_errors>0x0</link_errors>
   <output_file>P18_BEMF_alpha.out</output_file>
   <entry_point>
      <name>_c_int00_noargs</name>
      <address>0x3069</address>
   </entry_point>
   <input_file_list>
      <input_file id="fl-2">
         <path>.\</path>
         <kind>object</kind>
         <file>fHW.obj</file>
         <name>fHW.obj</name>
      </input_file>
      <input_file id="fl-3">
         <path>.\</path>
         <kind>object</kind>
         <file>fSW.obj</file>
         <name>fSW.obj</name>
      </input_file>
      <input_file id="fl-4">
         <path>.\</path>
         <kind>object</kind>
         <file>flash.obj</file>
         <name>flash.obj</name>
      </input_file>
      <input_file id="fl-5">
         <path>.\</path>
         <kind>object</kind>
         <file>initHW.obj</file>
         <name>initHW.obj</name>
      </input_file>
      <input_file id="fl-6">
         <path>.\</path>
         <kind>object</kind>
         <file>main.obj</file>
         <name>main.obj</name>
      </input_file>
      <input_file id="fl-7">
         <path>.\</path>
         <kind>object</kind>
         <file>tm4c123gh6pm_startup_ccs.obj</file>
         <name>tm4c123gh6pm_startup_ccs.obj</name>
      </input_file>
      <input_file id="fl-c">
         <kind>object</kind>
         <file>&lt;internal&gt;</file>
         <name>&lt;internal&gt;</name>
      </input_file>
      <input_file id="fl-d">
         <path>C:\ti\TivaWare_C_Series-2.2.0.295\driverlib\ccs\Debug\</path>
         <kind>archive</kind>
         <file>driverlib.lib</file>
         <name>adc.obj</name>
      </input_file>
      <input_file id="fl-e">
         <path>C:\ti\TivaWare_C_Series-2.2.0.295\driverlib\ccs\Debug\</path>
         <kind>archive</kind>
         <file>driverlib.lib</file>
         <name>gpio.obj</name>
      </input_file>
      <input_file id="fl-f">
         <path>C:\ti\TivaWare_C_Series-2.2.0.295\driverlib\ccs\Debug\</path>
         <kind>archive</kind>
         <file>driverlib.lib</file>
         <name>interrupt.obj</name>
      </input_file>
      <input_file id="fl-10">
         <path>C:\ti\TivaWare_C_Series-2.2.0.295\driverlib\ccs\Debug\</path>
         <kind>archive</kind>
         <file>driverlib.lib</file>
         <name>pwm.obj</name>
      </input_file>
      <input_file id="fl-11">
         <path>C:\ti\TivaWare_C_Series-2.2.0.295\driverlib\ccs\Debug\</path>
         <kind>archive</kind>
         <file>driverlib.lib</file>
         <name>sysctl.obj</name>
      </input_file>
      <input_file id="fl-12">
         <path>C:\ti\TivaWare_C_Series-2.2.0.295\driverlib\ccs\Debug\</path>
         <kind>archive</kind>
         <file>driverlib.lib</file>
         <name>timer.obj</name>
      </input_file>
      <input_file id="fl-13">
         <path>C:\ti\TivaWare_C_Series-2.2.0.295\driverlib\ccs\Debug\</path>
         <kind>archive</kind>
         <file>driverlib.lib</file>
         <name>uart.obj</name>
      </input_file>
      <input_file id="fl-14">
         <path>C:\ti\TivaWare_C_Series-2.2.0.295\driverlib\ccs\Debug\</path>
         <kind>archive</kind>
         <file>driverlib.lib</file>
         <name>cpu.obj</name>
      </input_file>
      <input_file id="fl-ca">
         <path>C:\ti\ccs1240\ccs\tools\compiler\ti-cgt-arm_20.2.7.LTS\lib\</path>
         <kind>archive</kind>
         <file>rtsv7M4_T_le_v4SPD16_eabi.lib</file>
         <name>fd_add_t2.asm.obj</name>
      </input_file>
      <input_file id="fl-cb">
         <path>C:\ti\ccs1240\ccs\tools\compiler\ti-cgt-arm_20.2.7.LTS\lib\</path>
         <kind>archive</kind>
         <file>rtsv7M4_T_le_v4SPD16_eabi.lib</file>
         <name>fd_cmp_t2.asm.obj</name>
      </input_file>
      <input_file id="fl-cc">
         <path>C:\ti\ccs1240\ccs\tools\compiler\ti-cgt-arm_20.2.7.LTS\lib\</path>
         <kind>archive</kind>
         <file>rtsv7M4_T_le_v4SPD16_eabi.lib</file>
         <name>fd_div_t2.asm.obj</name>
      </input_file>
      <input_file id="fl-cd">
         <path>C:\ti\ccs1240\ccs\tools\compiler\ti-cgt-arm_20.2.7.LTS\lib\</path>
         <kind>archive</kind>
         <file>rtsv7M4_T_le_v4SPD16_eabi.lib</file>
         <name>fd_mul_t2.asm.obj</name>
      </input_file>
      <input_file id="fl-ce">
         <path>C:\ti\ccs1240\ccs\tools\compiler\ti-cgt-arm_20.2.7.LTS\lib\</path>
         <kind>archive</kind>
         <file>rtsv7M4_T_le_v4SPD16_eabi.lib</file>
         <name>fd_tos_t2.asm.obj</name>
      </input_file>
      <input_file id="fl-cf">
         <path>C:\ti\ccs1240\ccs\tools\compiler\ti-cgt-arm_20.2.7.LTS\lib\</path>
         <kind>archive</kind>
         <file>rtsv7M4_T_le_v4SPD16_eabi.lib</file>
         <name>fd_tou_t2.asm.obj</name>
      </input_file>
      <input_file id="fl-d0">
         <path>C:\ti\ccs1240\ccs\tools\compiler\ti-cgt-arm_20.2.7.LTS\lib\</path>
         <kind>archive</kind>
         <file>rtsv7M4_T_le_v4SPD16_eabi.lib</file>
         <name>fs_tod_t2.asm.obj</name>
      </input_file>
      <input_file id="fl-d1">
         <path>C:\ti\ccs1240\ccs\tools\compiler\ti-cgt-arm_20.2.7.LTS\lib\</path>
         <kind>archive</kind>
         <file>rtsv7M4_T_le_v4SPD16_eabi.lib</file>
         <name>u_tofd_t2.asm.obj</name>
      </input_file>
      <input_file id="fl-d2">
         <path>C:\ti\ccs1240\ccs\tools\compiler\ti-cgt-arm_20.2.7.LTS\lib\</path>
         <kind>archive</kind>
         <file>rtsv7M4_T_le_v4SPD16_eabi.lib</file>
         <name>copy_zero_init.c.obj</name>
      </input_file>
      <input_file id="fl-d3">
         <path>C:\ti\ccs1240\ccs\tools\compiler\ti-cgt-arm_20.2.7.LTS\lib\</path>
         <kind>archive</kind>
         <file>rtsv7M4_T_le_v4SPD16_eabi.lib</file>
         <name>copy_decompress_none.c.obj</name>
      </input_file>
      <input_file id="fl-d4">
         <path>C:\ti\ccs1240\ccs\tools\compiler\ti-cgt-arm_20.2.7.LTS\lib\</path>
         <kind>archive</kind>
         <file>rtsv7M4_T_le_v4SPD16_eabi.lib</file>
         <name>copy_decompress_lzss.c.obj</name>
      </input_file>
      <input_file id="fl-d5">
         <path>C:\ti\ccs1240\ccs\tools\compiler\ti-cgt-arm_20.2.7.LTS\lib\</path>
         <kind>archive</kind>
         <file>rtsv7M4_T_le_v4SPD16_eabi.lib</file>
         <name>boot_cortex_m.c.obj</name>
      </input_file>
      <input_file id="fl-d6">
         <path>C:\ti\ccs1240\ccs\tools\compiler\ti-cgt-arm_20.2.7.LTS\lib\</path>
         <kind>archive</kind>
         <file>rtsv7M4_T_le_v4SPD16_eabi.lib</file>
         <name>memcpy_t2.asm.obj</name>
      </input_file>
      <input_file id="fl-d7">
         <path>C:\ti\ccs1240\ccs\tools\compiler\ti-cgt-arm_20.2.7.LTS\lib\</path>
         <kind>archive</kind>
         <file>rtsv7M4_T_le_v4SPD16_eabi.lib</file>
         <name>memset_t2.asm.obj</name>
      </input_file>
      <input_file id="fl-d8">
         <path>C:\ti\ccs1240\ccs\tools\compiler\ti-cgt-arm_20.2.7.LTS\lib\</path>
         <kind>archive</kind>
         <file>rtsv7M4_T_le_v4SPD16_eabi.lib</file>
         <name>autoinit.c.obj</name>
      </input_file>
      <input_file id="fl-d9">
         <path>C:\ti\ccs1240\ccs\tools\compiler\ti-cgt-arm_20.2.7.LTS\lib\</path>
         <kind>archive</kind>
         <file>rtsv7M4_T_le_v4SPD16_eabi.lib</file>
         <name>pre_init.c.obj</name>
      </input_file>
      <input_file id="fl-da">
         <path>C:\ti\ccs1240\ccs\tools\compiler\ti-cgt-arm_20.2.7.LTS\lib\</path>
         <kind>archive</kind>
         <file>rtsv7M4_T_le_v4SPD16_eabi.lib</file>
         <name>cpy_tbl.c.obj</name>
      </input_file>
      <input_file id="fl-db">
         <path>C:\ti\ccs1240\ccs\tools\compiler\ti-cgt-arm_20.2.7.LTS\lib\</path>
         <kind>archive</kind>
         <file>rtsv7M4_T_le_v4SPD16_eabi.lib</file>
         <name>exit.c.obj</name>
      </input_file>
      <input_file id="fl-dc">
         <path>C:\ti\ccs1240\ccs\tools\compiler\ti-cgt-arm_20.2.7.LTS\lib\</path>
         <kind>archive</kind>
         <file>rtsv7M4_T_le_v4SPD16_eabi.lib</file>
         <name>_lock.c.obj</name>
      </input_file>
      <input_file id="fl-dd">
         <path>C:\ti\ccs1240\ccs\tools\compiler\ti-cgt-arm_20.2.7.LTS\lib\</path>
         <kind>archive</kind>
         <file>rtsv7M4_T_le_v4SPD16_eabi.lib</file>
         <name>args_main.c.obj</name>
      </input_file>
   </input_file_list>
   <object_component_list>
      <object_component id="oc-12">
         <name>.intvecs</name>
         <load_address>0x0</load_address>
         <run_address>0x0</run_address>
         <size>0x26c</size>
         <input_file_ref idref="fl-7"/>
      </object_component>
      <object_component id="oc-db">
         <name>.text</name>
         <load_address>0x26c</load_address>
         <run_address>0x26c</run_address>
         <size>0x11ec</size>
         <input_file_ref idref="fl-3"/>
      </object_component>
      <object_component id="oc-c9">
         <name>.text</name>
         <load_address>0x1458</load_address>
         <run_address>0x1458</run_address>
         <size>0x6fc</size>
         <input_file_ref idref="fl-5"/>
      </object_component>
      <object_component id="oc-cf">
         <name>.text</name>
         <load_address>0x1b54</load_address>
         <run_address>0x1b54</run_address>
         <size>0x310</size>
         <input_file_ref idref="fl-2"/>
      </object_component>
      <object_component id="oc-269">
         <name>.text</name>
         <load_address>0x1e64</load_address>
         <run_address>0x1e64</run_address>
         <size>0x1b6</size>
         <input_file_ref idref="fl-ca"/>
      </object_component>
      <object_component id="oc-152">
         <name>.text:GPIOPadConfigSet</name>
         <load_address>0x201c</load_address>
         <run_address>0x201c</run_address>
         <size>0x16c</size>
         <input_file_ref idref="fl-e"/>
      </object_component>
      <object_component id="oc-9b">
         <name>.text</name>
         <load_address>0x2188</load_address>
         <run_address>0x2188</run_address>
         <size>0x16c</size>
         <input_file_ref idref="fl-6"/>
      </object_component>
      <object_component id="oc-e1">
         <name>.text</name>
         <load_address>0x22f4</load_address>
         <run_address>0x22f4</run_address>
         <size>0x154</size>
         <input_file_ref idref="fl-4"/>
      </object_component>
      <object_component id="oc-28a">
         <name>.text</name>
         <load_address>0x2448</load_address>
         <run_address>0x2448</run_address>
         <size>0x136</size>
         <input_file_ref idref="fl-cc"/>
      </object_component>
      <object_component id="oc-210">
         <name>.text:SysCtlClockGet</name>
         <load_address>0x2580</load_address>
         <run_address>0x2580</run_address>
         <size>0x118</size>
         <input_file_ref idref="fl-11"/>
      </object_component>
      <object_component id="oc-285">
         <name>.text</name>
         <load_address>0x2698</load_address>
         <run_address>0x2698</run_address>
         <size>0xfc</size>
         <input_file_ref idref="fl-cd"/>
      </object_component>
      <object_component id="oc-128">
         <name>.text:SysCtlClockSet</name>
         <load_address>0x2794</load_address>
         <run_address>0x2794</run_address>
         <size>0xf4</size>
         <input_file_ref idref="fl-11"/>
      </object_component>
      <object_component id="oc-3b">
         <name>.text</name>
         <load_address>0x2888</load_address>
         <run_address>0x2888</run_address>
         <size>0x9c</size>
         <input_file_ref idref="fl-d6"/>
      </object_component>
      <object_component id="oc-27a">
         <name>.text:__aeabi_cdcmple</name>
         <load_address>0x2924</load_address>
         <run_address>0x2924</run_address>
         <size>0x86</size>
         <input_file_ref idref="fl-cb"/>
      </object_component>
      <object_component id="oc-18d">
         <name>.text:__aeabi_cdrcmple</name>
         <load_address>0x29aa</load_address>
         <run_address>0x29aa</run_address>
         <size>0x86</size>
         <input_file_ref idref="fl-cb"/>
      </object_component>
      <object_component id="oc-1ec">
         <name>.text:ADCSequenceStepConfigure</name>
         <load_address>0x2a30</load_address>
         <run_address>0x2a30</run_address>
         <size>0x7a</size>
         <input_file_ref idref="fl-d"/>
      </object_component>
      <object_component id="oc-8f">
         <name>.text</name>
         <load_address>0x2aaa</load_address>
         <run_address>0x2aaa</run_address>
         <size>0x7a</size>
         <input_file_ref idref="fl-d7"/>
      </object_component>
      <object_component id="oc-26e">
         <name>.text</name>
         <load_address>0x2b24</load_address>
         <run_address>0x2b24</run_address>
         <size>0x6e</size>
         <input_file_ref idref="fl-ce"/>
      </object_component>
      <object_component id="oc-229">
         <name>.text:IntDisable</name>
         <load_address>0x2b94</load_address>
         <run_address>0x2b94</run_address>
         <size>0x68</size>
         <input_file_ref idref="fl-f"/>
      </object_component>
      <object_component id="oc-16a">
         <name>.text:IntEnable</name>
         <load_address>0x2bfc</load_address>
         <run_address>0x2bfc</run_address>
         <size>0x68</size>
         <input_file_ref idref="fl-f"/>
      </object_component>
      <object_component id="oc-15">
         <name>.text:decompress:lzss:__TI_decompress_lzss</name>
         <load_address>0x2c64</load_address>
         <run_address>0x2c64</run_address>
         <size>0x68</size>
         <input_file_ref idref="fl-d4"/>
      </object_component>
      <object_component id="oc-1b0">
         <name>.text:TimerConfigure</name>
         <load_address>0x2ccc</load_address>
         <run_address>0x2ccc</run_address>
         <size>0x60</size>
         <input_file_ref idref="fl-12"/>
      </object_component>
      <object_component id="oc-1ce">
         <name>.text:TimerControlTrigger</name>
         <load_address>0x2d2c</load_address>
         <run_address>0x2d2c</run_address>
         <size>0x5c</size>
         <input_file_ref idref="fl-12"/>
      </object_component>
      <object_component id="oc-15e">
         <name>.text:GPIOIntTypeSet</name>
         <load_address>0x2d88</load_address>
         <run_address>0x2d88</run_address>
         <size>0x58</size>
         <input_file_ref idref="fl-e"/>
      </object_component>
      <object_component id="oc-1e6">
         <name>.text:ADCSequenceConfigure</name>
         <load_address>0x2de0</load_address>
         <run_address>0x2de0</run_address>
         <size>0x4e</size>
         <input_file_ref idref="fl-d"/>
      </object_component>
      <object_component id="oc-13a">
         <name>.text:GPIOPinConfigure</name>
         <load_address>0x2e30</load_address>
         <run_address>0x2e30</run_address>
         <size>0x4c</size>
         <input_file_ref idref="fl-e"/>
      </object_component>
      <object_component id="oc-216">
         <name>.text:UARTConfigSetExpClk</name>
         <load_address>0x2e7c</load_address>
         <run_address>0x2e7c</run_address>
         <size>0x46</size>
         <input_file_ref idref="fl-13"/>
      </object_component>
      <object_component id="oc-2e5">
         <name>.text:_GPIOIntNumberGet</name>
         <load_address>0x2ec4</load_address>
         <run_address>0x2ec4</run_address>
         <size>0x44</size>
         <input_file_ref idref="fl-e"/>
      </object_component>
      <object_component id="oc-f4">
         <name>.text:__TI_auto_init_nobinit_nopinit:__TI_auto_init_nobinit_nopinit</name>
         <load_address>0x2f08</load_address>
         <run_address>0x2f08</run_address>
         <size>0x44</size>
         <input_file_ref idref="fl-d8"/>
      </object_component>
      <object_component id="oc-2a0">
         <name>.text</name>
         <load_address>0x2f4c</load_address>
         <run_address>0x2f4c</run_address>
         <size>0x44</size>
         <input_file_ref idref="fl-cf"/>
      </object_component>
      <object_component id="oc-134">
         <name>.text:SysCtlPeripheralReady</name>
         <load_address>0x2f90</load_address>
         <run_address>0x2f90</run_address>
         <size>0x38</size>
         <input_file_ref idref="fl-11"/>
      </object_component>
      <object_component id="oc-188">
         <name>.text</name>
         <load_address>0x2fc8</load_address>
         <run_address>0x2fc8</run_address>
         <size>0x38</size>
         <input_file_ref idref="fl-d0"/>
      </object_component>
      <object_component id="oc-1bc">
         <name>.text:IntRegister</name>
         <load_address>0x3000</load_address>
         <run_address>0x3000</run_address>
         <size>0x34</size>
         <input_file_ref idref="fl-f"/>
      </object_component>
      <object_component id="oc-12e">
         <name>.text:SysCtlPeripheralEnable</name>
         <load_address>0x3034</load_address>
         <run_address>0x3034</run_address>
         <size>0x34</size>
         <input_file_ref idref="fl-11"/>
      </object_component>
      <object_component id="oc-59">
         <name>.text:_c_int00_noargs:_c_int00_noargs</name>
         <load_address>0x3068</load_address>
         <run_address>0x3068</run_address>
         <size>0x34</size>
         <input_file_ref idref="fl-d5"/>
      </object_component>
      <object_component id="oc-2db">
         <name>.text:GPIODirModeSet</name>
         <load_address>0x309c</load_address>
         <run_address>0x309c</run_address>
         <size>0x2c</size>
         <input_file_ref idref="fl-e"/>
      </object_component>
      <object_component id="oc-170">
         <name>.text:PWMGenConfigure</name>
         <load_address>0x30c8</load_address>
         <run_address>0x30c8</run_address>
         <size>0x22</size>
         <input_file_ref idref="fl-10"/>
      </object_component>
      <object_component id="oc-319">
         <name>.text:UARTDisable</name>
         <load_address>0x30ec</load_address>
         <run_address>0x30ec</run_address>
         <size>0x20</size>
         <input_file_ref idref="fl-13"/>
      </object_component>
      <object_component id="oc-29b">
         <name>.text</name>
         <load_address>0x310c</load_address>
         <run_address>0x310c</run_address>
         <size>0x20</size>
         <input_file_ref idref="fl-d1"/>
      </object_component>
      <object_component id="oc-27f">
         <name>.text:ADCSequenceDataGet</name>
         <load_address>0x312c</load_address>
         <run_address>0x312c</run_address>
         <size>0x1e</size>
         <input_file_ref idref="fl-d"/>
      </object_component>
      <object_component id="oc-247">
         <name>.text:PWMPulseWidthGet</name>
         <load_address>0x314a</load_address>
         <run_address>0x314a</run_address>
         <size>0x1e</size>
         <input_file_ref idref="fl-10"/>
      </object_component>
      <object_component id="oc-17c">
         <name>.text:PWMPulseWidthSet</name>
         <load_address>0x3168</load_address>
         <run_address>0x3168</run_address>
         <size>0x1e</size>
         <input_file_ref idref="fl-10"/>
      </object_component>
      <object_component id="oc-146">
         <name>.text:GPIOPinTypeGPIOOutput</name>
         <load_address>0x3186</load_address>
         <run_address>0x3186</run_address>
         <size>0x1a</size>
         <input_file_ref idref="fl-e"/>
      </object_component>
      <object_component id="oc-158">
         <name>.text:GPIOIntRegister</name>
         <load_address>0x31a0</load_address>
         <run_address>0x31a0</run_address>
         <size>0x18</size>
         <input_file_ref idref="fl-e"/>
      </object_component>
      <object_component id="oc-223">
         <name>.text:TimerDisable</name>
         <load_address>0x31b8</load_address>
         <run_address>0x31b8</run_address>
         <size>0x18</size>
         <input_file_ref idref="fl-12"/>
      </object_component>
      <object_component id="oc-1d4">
         <name>.text:GPIOPinTypeADC</name>
         <load_address>0x31d0</load_address>
         <run_address>0x31d0</run_address>
         <size>0x16</size>
         <input_file_ref idref="fl-e"/>
      </object_component>
      <object_component id="oc-14c">
         <name>.text:GPIOPinTypeGPIOInput</name>
         <load_address>0x31e6</load_address>
         <run_address>0x31e6</run_address>
         <size>0x16</size>
         <input_file_ref idref="fl-e"/>
      </object_component>
      <object_component id="oc-140">
         <name>.text:GPIOPinTypePWM</name>
         <load_address>0x31fc</load_address>
         <run_address>0x31fc</run_address>
         <size>0x16</size>
         <input_file_ref idref="fl-e"/>
      </object_component>
      <object_component id="oc-204">
         <name>.text:GPIOPinTypeUART</name>
         <load_address>0x3212</load_address>
         <run_address>0x3212</run_address>
         <size>0x16</size>
         <input_file_ref idref="fl-e"/>
      </object_component>
      <object_component id="oc-31f">
         <name>.text:UARTEnable</name>
         <load_address>0x3228</load_address>
         <run_address>0x3228</run_address>
         <size>0x14</size>
         <input_file_ref idref="fl-13"/>
      </object_component>
      <object_component id="oc-192">
         <name>.text:PWMGenPeriodGet</name>
         <load_address>0x323c</load_address>
         <run_address>0x323c</run_address>
         <size>0x12</size>
         <input_file_ref idref="fl-10"/>
      </object_component>
      <object_component id="oc-198">
         <name>.text:PWMOutputInvert</name>
         <load_address>0x324e</load_address>
         <run_address>0x324e</run_address>
         <size>0x12</size>
         <input_file_ref idref="fl-10"/>
      </object_component>
      <object_component id="oc-19e">
         <name>.text:PWMOutputState</name>
         <load_address>0x3260</load_address>
         <run_address>0x3260</run_address>
         <size>0x12</size>
         <input_file_ref idref="fl-10"/>
      </object_component>
      <object_component id="oc-1b6">
         <name>.text:TimerLoadSet</name>
         <load_address>0x3272</load_address>
         <run_address>0x3272</run_address>
         <size>0x12</size>
         <input_file_ref idref="fl-12"/>
      </object_component>
      <object_component id="oc-1fe">
         <name>.text:ADCIntEnable</name>
         <load_address>0x3284</load_address>
         <run_address>0x3284</run_address>
         <size>0x10</size>
         <input_file_ref idref="fl-d"/>
      </object_component>
      <object_component id="oc-d5">
         <name>.text:IntMasterEnable</name>
         <load_address>0x3294</load_address>
         <run_address>0x3294</run_address>
         <size>0x10</size>
         <input_file_ref idref="fl-f"/>
      </object_component>
      <object_component id="oc-176">
         <name>.text:PWMGenPeriodSet</name>
         <load_address>0x32a4</load_address>
         <run_address>0x32a4</run_address>
         <size>0x10</size>
         <input_file_ref idref="fl-10"/>
      </object_component>
      <object_component id="oc-1da">
         <name>.text:ADCHardwareOversampleConfigure</name>
         <load_address>0x32b4</load_address>
         <run_address>0x32b4</run_address>
         <size>0xe</size>
         <input_file_ref idref="fl-d"/>
      </object_component>
      <object_component id="oc-1e0">
         <name>.text:ADCSequenceDisable</name>
         <load_address>0x32c2</load_address>
         <run_address>0x32c2</run_address>
         <size>0xe</size>
         <input_file_ref idref="fl-d"/>
      </object_component>
      <object_component id="oc-1f2">
         <name>.text:ADCSequenceEnable</name>
         <load_address>0x32d0</load_address>
         <run_address>0x32d0</run_address>
         <size>0xe</size>
         <input_file_ref idref="fl-d"/>
      </object_component>
      <object_component id="oc-23b">
         <name>.text:GPIOIntDisable</name>
         <load_address>0x32de</load_address>
         <run_address>0x32de</run_address>
         <size>0xe</size>
         <input_file_ref idref="fl-e"/>
      </object_component>
      <object_component id="oc-28f">
         <name>.text:GPIOIntStatus</name>
         <load_address>0x32ec</load_address>
         <run_address>0x32ec</run_address>
         <size>0xe</size>
         <input_file_ref idref="fl-e"/>
      </object_component>
      <object_component id="oc-21d">
         <name>.text:TimerEnable</name>
         <load_address>0x32fa</load_address>
         <run_address>0x32fa</run_address>
         <size>0xe</size>
         <input_file_ref idref="fl-12"/>
      </object_component>
      <object_component id="oc-1b">
         <name>.text:decompress:none:__TI_decompress_none</name>
         <load_address>0x3308</load_address>
         <run_address>0x3308</run_address>
         <size>0xe</size>
         <input_file_ref idref="fl-d3"/>
      </object_component>
      <object_component id="oc-252">
         <name>.text:CPUcpsie</name>
         <load_address>0x3316</load_address>
         <run_address>0x3316</run_address>
         <size>0xc</size>
         <input_file_ref idref="fl-14"/>
      </object_component>
      <object_component id="oc-164">
         <name>.text:GPIOIntEnable</name>
         <load_address>0x3322</load_address>
         <run_address>0x3322</run_address>
         <size>0xc</size>
         <input_file_ref idref="fl-e"/>
      </object_component>
      <object_component id="oc-182">
         <name>.text:PWMGenEnable</name>
         <load_address>0x332e</load_address>
         <run_address>0x332e</run_address>
         <size>0xc</size>
         <input_file_ref idref="fl-10"/>
      </object_component>
      <object_component id="oc-4d">
         <name>.text:decompress:ZI:__TI_zero_init</name>
         <load_address>0x333a</load_address>
         <run_address>0x333a</run_address>
         <size>0xc</size>
         <input_file_ref idref="fl-d2"/>
      </object_component>
      <object_component id="oc-27">
         <name>.text</name>
         <load_address>0x3346</load_address>
         <run_address>0x3346</run_address>
         <size>0xc</size>
         <input_file_ref idref="fl-7"/>
      </object_component>
      <object_component id="oc-1f8">
         <name>.text:ADCIntClear</name>
         <load_address>0x3352</load_address>
         <run_address>0x3352</run_address>
         <size>0xa</size>
         <input_file_ref idref="fl-d"/>
      </object_component>
      <object_component id="oc-235">
         <name>.text:TimerValueGet</name>
         <load_address>0x335c</load_address>
         <run_address>0x335c</run_address>
         <size>0xa</size>
         <input_file_ref idref="fl-12"/>
      </object_component>
      <object_component id="oc-241">
         <name>.text:UARTCharPut</name>
         <load_address>0x3366</load_address>
         <run_address>0x3366</run_address>
         <size>0xa</size>
         <input_file_ref idref="fl-13"/>
      </object_component>
      <object_component id="oc-1c2">
         <name>.text:TimerIntEnable</name>
         <load_address>0x3370</load_address>
         <run_address>0x3370</run_address>
         <size>0x8</size>
         <input_file_ref idref="fl-12"/>
      </object_component>
      <object_component id="oc-295">
         <name>.text:GPIOIntClear</name>
         <load_address>0x3378</load_address>
         <run_address>0x3378</run_address>
         <size>0x6</size>
         <input_file_ref idref="fl-e"/>
      </object_component>
      <object_component id="oc-1a4">
         <name>.text:GPIOPinWrite</name>
         <load_address>0x337e</load_address>
         <run_address>0x337e</run_address>
         <size>0x6</size>
         <input_file_ref idref="fl-e"/>
      </object_component>
      <object_component id="oc-2cc">
         <name>.text:SysCtlDelay</name>
         <load_address>0x3384</load_address>
         <run_address>0x3384</run_address>
         <size>0x6</size>
         <input_file_ref idref="fl-11"/>
      </object_component>
      <object_component id="oc-1aa">
         <name>.text:TimerClockSourceSet</name>
         <load_address>0x338a</load_address>
         <run_address>0x338a</run_address>
         <size>0x6</size>
         <input_file_ref idref="fl-12"/>
      </object_component>
      <object_component id="oc-20a">
         <name>.text:UARTClockSourceSet</name>
         <load_address>0x3390</load_address>
         <run_address>0x3390</run_address>
         <size>0x6</size>
         <input_file_ref idref="fl-13"/>
      </object_component>
      <object_component id="oc-1c8">
         <name>.text:TimerADCEventSet</name>
         <load_address>0x3396</load_address>
         <run_address>0x3396</run_address>
         <size>0x4</size>
         <input_file_ref idref="fl-12"/>
      </object_component>
      <object_component id="oc-22f">
         <name>.text:TimerIntClear</name>
         <load_address>0x339a</load_address>
         <run_address>0x339a</run_address>
         <size>0x4</size>
         <input_file_ref idref="fl-12"/>
      </object_component>
      <object_component id="oc-95">
         <name>.text:_system_pre_init</name>
         <load_address>0x339e</load_address>
         <run_address>0x339e</run_address>
         <size>0x4</size>
         <input_file_ref idref="fl-d9"/>
      </object_component>
      <object_component id="oc-e8">
         <name>.text:abort:abort</name>
         <load_address>0x33a2</load_address>
         <run_address>0x33a2</run_address>
         <size>0x4</size>
         <input_file_ref idref="fl-db"/>
      </object_component>
      <object_component id="oc-384">
         <name>.const:g_ppui32GPIOIntMapSnowflake</name>
         <load_address>0x33a8</load_address>
         <run_address>0x33a8</run_address>
         <size>0xd8</size>
         <input_file_ref idref="fl-e"/>
      </object_component>
      <object_component id="oc-381">
         <name>.const:g_ppui32GPIOIntMapBlizzard</name>
         <load_address>0x3480</load_address>
         <run_address>0x3480</run_address>
         <size>0xc0</size>
         <input_file_ref idref="fl-e"/>
      </object_component>
      <object_component id="oc-2d6">
         <name>.const:g_pui32GPIOBaseAddrs</name>
         <load_address>0x3540</load_address>
         <run_address>0x3540</run_address>
         <size>0x90</size>
         <input_file_ref idref="fl-e"/>
      </object_component>
      <object_component id="oc-315">
         <name>.const:g_pui32Xtals</name>
         <load_address>0x35d0</load_address>
         <run_address>0x35d0</run_address>
         <size>0x6c</size>
         <input_file_ref idref="fl-11"/>
      </object_component>
      <object_component id="oc-328">
         <name>.const:g_pui32Dii16Regs</name>
         <load_address>0x363c</load_address>
         <run_address>0x363c</run_address>
         <size>0x14</size>
         <input_file_ref idref="fl-f"/>
      </object_component>
      <object_component id="oc-2ee">
         <name>.const:g_pui32EnRegs</name>
         <load_address>0x3650</load_address>
         <run_address>0x3650</run_address>
         <size>0x14</size>
         <input_file_ref idref="fl-f"/>
      </object_component>
      <object_component id="oc-3db">
         <name>.cinit..data.load</name>
         <load_address>0x3668</load_address>
         <run_address>0x3668</run_address>
         <size>0x1a</size>
      </object_component>
      <object_component id="oc-3d8">
         <name>__TI_handler_table</name>
         <load_address>0x3684</load_address>
         <run_address>0x3684</run_address>
         <size>0xc</size>
      </object_component>
      <object_component id="oc-3dc">
         <name>.cinit..bss.load</name>
         <load_address>0x3690</load_address>
         <run_address>0x3690</run_address>
         <size>0x8</size>
      </object_component>
      <object_component id="oc-3da">
         <name>.cinit..vtable.load</name>
         <load_address>0x3698</load_address>
         <run_address>0x3698</run_address>
         <size>0x8</size>
      </object_component>
      <object_component id="oc-3d9">
         <name>__TI_cinit_table</name>
         <load_address>0x36a0</load_address>
         <run_address>0x36a0</run_address>
         <size>0x18</size>
      </object_component>
      <object_component id="oc-302">
         <name>.vtable</name>
         <uninitialized>true</uninitialized>
         <run_address>0x20000000</run_address>
         <size>0x26c</size>
         <input_file_ref idref="fl-f"/>
      </object_component>
      <object_component id="oc-24e">
         <name>.data</name>
         <load_address>0x20000b9c</load_address>
         <run_address>0x20000b9c</run_address>
         <size>0x4</size>
         <input_file_ref idref="fl-2"/>
      </object_component>
      <object_component id="oc-259">
         <name>.data</name>
         <load_address>0x20000b80</load_address>
         <run_address>0x20000b80</run_address>
         <size>0x1c</size>
         <input_file_ref idref="fl-3"/>
      </object_component>
      <object_component id="oc-2a7">
         <name>.data</name>
         <load_address>0x20000ba0</load_address>
         <run_address>0x20000ba0</run_address>
         <size>0x2</size>
         <input_file_ref idref="fl-4"/>
      </object_component>
      <object_component id="oc-24d">
         <name>.common:contador</name>
         <uninitialized>true</uninitialized>
         <run_address>0x2000094c</run_address>
         <size>0x4</size>
      </object_component>
      <object_component id="oc-25c">
         <name>.common:velocitatOL</name>
         <uninitialized>true</uninitialized>
         <run_address>0x2000096c</run_address>
         <size>0x4</size>
      </object_component>
      <object_component id="oc-25f">
         <name>.common:BemfA</name>
         <uninitialized>true</uninitialized>
         <run_address>0x20000970</run_address>
         <size>0x1</size>
      </object_component>
      <object_component id="oc-260">
         <name>.common:BemfB</name>
         <uninitialized>true</uninitialized>
         <run_address>0x20000971</run_address>
         <size>0x1</size>
      </object_component>
      <object_component id="oc-261">
         <name>.common:BemfC</name>
         <uninitialized>true</uninitialized>
         <run_address>0x20000972</run_address>
         <size>0x1</size>
      </object_component>
      <object_component id="oc-268">
         <name>.common:stateTimeCounter</name>
         <uninitialized>true</uninitialized>
         <run_address>0x20000964</run_address>
         <size>0x4</size>
      </object_component>
      <object_component id="oc-2a5">
         <name>.common:count</name>
         <uninitialized>true</uninitialized>
         <run_address>0x20000974</run_address>
         <size>0x1</size>
      </object_component>
      <object_component id="oc-262">
         <name>.common:fastComm</name>
         <uninitialized>true</uninitialized>
         <run_address>0x20000976</run_address>
         <size>0x1</size>
      </object_component>
      <object_component id="oc-265">
         <name>.common:switch2</name>
         <uninitialized>true</uninitialized>
         <run_address>0x20000978</run_address>
         <size>0x1</size>
      </object_component>
      <object_component id="oc-263">
         <name>.common:confMode</name>
         <uninitialized>true</uninitialized>
         <run_address>0x20000973</run_address>
         <size>0x1</size>
      </object_component>
      <object_component id="oc-264">
         <name>.common:endconfMode</name>
         <uninitialized>true</uninitialized>
         <run_address>0x20000975</run_address>
         <size>0x1</size>
      </object_component>
      <object_component id="oc-279">
         <name>.common:list_retards</name>
         <uninitialized>true</uninitialized>
         <run_address>0x2000026c</run_address>
         <size>0x4b0</size>
      </object_component>
      <object_component id="oc-276">
         <name>.common:countListRet</name>
         <uninitialized>true</uninitialized>
         <run_address>0x20000950</run_address>
         <size>0x4</size>
      </object_component>
      <object_component id="oc-267">
         <name>.common:listGlobal</name>
         <uninitialized>true</uninitialized>
         <run_address>0x2000071c</run_address>
         <size>0x230</size>
      </object_component>
      <object_component id="oc-278">
         <name>.common:dutysList</name>
         <uninitialized>true</uninitialized>
         <run_address>0x20000954</run_address>
         <size>0x4</size>
      </object_component>
      <object_component id="oc-274">
         <name>.common:mitjTemps</name>
         <uninitialized>true</uninitialized>
         <run_address>0x20000958</run_address>
         <size>0x4</size>
      </object_component>
      <object_component id="oc-275">
         <name>.common:numExp</name>
         <uninitialized>true</uninitialized>
         <run_address>0x2000095c</run_address>
         <size>0x4</size>
      </object_component>
      <object_component id="oc-273">
         <name>.common:retardProva</name>
         <uninitialized>true</uninitialized>
         <run_address>0x20000960</run_address>
         <size>0x4</size>
      </object_component>
      <object_component id="oc-266">
         <name>.common:velAnt_N</name>
         <uninitialized>true</uninitialized>
         <run_address>0x20000968</run_address>
         <size>0x4</size>
      </object_component>
      <object_component id="oc-277">
         <name>.common:readyStab</name>
         <uninitialized>true</uninitialized>
         <run_address>0x20000977</run_address>
         <size>0x1</size>
      </object_component>
      <object_component id="oc-24">
         <name>.stack</name>
         <uninitialized>true</uninitialized>
         <run_address>0x20000980</run_address>
         <size>0x4</size>
         <input_file_ref idref="fl-d5"/>
      </object_component>
      <object_component id="oc-3de">
         <name>.stack</name>
         <uninitialized>true</uninitialized>
         <run_address>0x20000980</run_address>
         <size>0x0</size>
      </object_component>
      <object_component id="oc-b7">
         <name>.debug_info</name>
         <load_address>0x0</load_address>
         <run_address>0x0</run_address>
         <size>0x641</size>
         <input_file_ref idref="fl-2"/>
      </object_component>
      <object_component id="oc-24f">
         <name>.debug_info</name>
         <load_address>0x641</load_address>
         <run_address>0x641</run_address>
         <size>0x130</size>
         <input_file_ref idref="fl-2"/>
      </object_component>
      <object_component id="oc-d3">
         <name>.debug_info</name>
         <load_address>0x771</load_address>
         <run_address>0x771</run_address>
         <size>0xaa4</size>
         <input_file_ref idref="fl-2"/>
      </object_component>
      <object_component id="oc-70">
         <name>.debug_info</name>
         <load_address>0x1215</load_address>
         <run_address>0x1215</run_address>
         <size>0x26b</size>
         <input_file_ref idref="fl-2"/>
      </object_component>
      <object_component id="oc-b2">
         <name>.debug_info</name>
         <load_address>0x1480</load_address>
         <run_address>0x1480</run_address>
         <size>0x8b</size>
         <input_file_ref idref="fl-2"/>
      </object_component>
      <object_component id="oc-ad">
         <name>.debug_info</name>
         <load_address>0x150b</load_address>
         <run_address>0x150b</run_address>
         <size>0x2a4</size>
         <input_file_ref idref="fl-2"/>
      </object_component>
      <object_component id="oc-75">
         <name>.debug_info</name>
         <load_address>0x17af</load_address>
         <run_address>0x17af</run_address>
         <size>0xbb</size>
         <input_file_ref idref="fl-2"/>
      </object_component>
      <object_component id="oc-25d">
         <name>.debug_info</name>
         <load_address>0x186a</load_address>
         <run_address>0x186a</run_address>
         <size>0xa1c</size>
         <input_file_ref idref="fl-3"/>
      </object_component>
      <object_component id="oc-25a">
         <name>.debug_info</name>
         <load_address>0x2286</load_address>
         <run_address>0x2286</run_address>
         <size>0x28c</size>
         <input_file_ref idref="fl-3"/>
      </object_component>
      <object_component id="oc-dc">
         <name>.debug_info</name>
         <load_address>0x2512</load_address>
         <run_address>0x2512</run_address>
         <size>0x175c</size>
         <input_file_ref idref="fl-3"/>
      </object_component>
      <object_component id="oc-2ab">
         <name>.debug_info</name>
         <load_address>0x3c6e</load_address>
         <run_address>0x3c6e</run_address>
         <size>0x29d</size>
         <input_file_ref idref="fl-4"/>
      </object_component>
      <object_component id="oc-2a8">
         <name>.debug_info</name>
         <load_address>0x3f0b</load_address>
         <run_address>0x3f0b</run_address>
         <size>0x107</size>
         <input_file_ref idref="fl-4"/>
      </object_component>
      <object_component id="oc-e4">
         <name>.debug_info</name>
         <load_address>0x4012</load_address>
         <run_address>0x4012</run_address>
         <size>0x364</size>
         <input_file_ref idref="fl-4"/>
      </object_component>
      <object_component id="oc-36">
         <name>.debug_info</name>
         <load_address>0x4376</load_address>
         <run_address>0x4376</run_address>
         <size>0x84</size>
         <input_file_ref idref="fl-4"/>
      </object_component>
      <object_component id="oc-cb">
         <name>.debug_info</name>
         <load_address>0x43fa</load_address>
         <run_address>0x43fa</run_address>
         <size>0x1173</size>
         <input_file_ref idref="fl-5"/>
      </object_component>
      <object_component id="oc-9c">
         <name>.debug_info</name>
         <load_address>0x556d</load_address>
         <run_address>0x556d</run_address>
         <size>0x279</size>
         <input_file_ref idref="fl-6"/>
      </object_component>
      <object_component id="oc-2f">
         <name>.debug_info</name>
         <load_address>0x57e6</load_address>
         <run_address>0x57e6</run_address>
         <size>0x2e2</size>
         <input_file_ref idref="fl-7"/>
      </object_component>
      <object_component id="oc-13">
         <name>.debug_info</name>
         <load_address>0x5ac8</load_address>
         <run_address>0x5ac8</run_address>
         <size>0x121</size>
         <input_file_ref idref="fl-7"/>
      </object_component>
      <object_component id="oc-2b">
         <name>.debug_info</name>
         <load_address>0x5be9</load_address>
         <run_address>0x5be9</run_address>
         <size>0x29d</size>
         <input_file_ref idref="fl-7"/>
      </object_component>
      <object_component id="oc-30b">
         <name>.debug_info</name>
         <load_address>0x5e86</load_address>
         <run_address>0x5e86</run_address>
         <size>0x3ba</size>
         <input_file_ref idref="fl-d"/>
      </object_component>
      <object_component id="oc-1ee">
         <name>.debug_info</name>
         <load_address>0x6240</load_address>
         <run_address>0x6240</run_address>
         <size>0x33c</size>
         <input_file_ref idref="fl-d"/>
      </object_component>
      <object_component id="oc-1f4">
         <name>.debug_info</name>
         <load_address>0x657c</load_address>
         <run_address>0x657c</run_address>
         <size>0x2a9</size>
         <input_file_ref idref="fl-d"/>
      </object_component>
      <object_component id="oc-1e2">
         <name>.debug_info</name>
         <load_address>0x6825</load_address>
         <run_address>0x6825</run_address>
         <size>0x2ab</size>
         <input_file_ref idref="fl-d"/>
      </object_component>
      <object_component id="oc-281">
         <name>.debug_info</name>
         <load_address>0x6ad0</load_address>
         <run_address>0x6ad0</run_address>
         <size>0x308</size>
         <input_file_ref idref="fl-d"/>
      </object_component>
      <object_component id="oc-1e8">
         <name>.debug_info</name>
         <load_address>0x6dd8</load_address>
         <run_address>0x6dd8</run_address>
         <size>0x32f</size>
         <input_file_ref idref="fl-d"/>
      </object_component>
      <object_component id="oc-201">
         <name>.debug_info</name>
         <load_address>0x7107</load_address>
         <run_address>0x7107</run_address>
         <size>0x29f</size>
         <input_file_ref idref="fl-d"/>
      </object_component>
      <object_component id="oc-1fb">
         <name>.debug_info</name>
         <load_address>0x73a6</load_address>
         <run_address>0x73a6</run_address>
         <size>0x29d</size>
         <input_file_ref idref="fl-d"/>
      </object_component>
      <object_component id="oc-1dd">
         <name>.debug_info</name>
         <load_address>0x7643</load_address>
         <run_address>0x7643</run_address>
         <size>0x2ca</size>
         <input_file_ref idref="fl-d"/>
      </object_component>
      <object_component id="oc-377">
         <name>.debug_info</name>
         <load_address>0x790d</load_address>
         <run_address>0x790d</run_address>
         <size>0x26b</size>
         <input_file_ref idref="fl-d"/>
      </object_component>
      <object_component id="oc-367">
         <name>.debug_info</name>
         <load_address>0x7b78</load_address>
         <run_address>0x7b78</run_address>
         <size>0x297</size>
         <input_file_ref idref="fl-d"/>
      </object_component>
      <object_component id="oc-372">
         <name>.debug_info</name>
         <load_address>0x7e0f</load_address>
         <run_address>0x7e0f</run_address>
         <size>0xef</size>
         <input_file_ref idref="fl-d"/>
      </object_component>
      <object_component id="oc-2ce">
         <name>.debug_info</name>
         <load_address>0x7efe</load_address>
         <run_address>0x7efe</run_address>
         <size>0xbb</size>
         <input_file_ref idref="fl-d"/>
      </object_component>
      <object_component id="oc-2da">
         <name>.debug_info</name>
         <load_address>0x7fb9</load_address>
         <run_address>0x7fb9</run_address>
         <size>0x3e4</size>
         <input_file_ref idref="fl-e"/>
      </object_component>
      <object_component id="oc-382">
         <name>.debug_info</name>
         <load_address>0x839d</load_address>
         <run_address>0x839d</run_address>
         <size>0x170</size>
         <input_file_ref idref="fl-e"/>
      </object_component>
      <object_component id="oc-385">
         <name>.debug_info</name>
         <load_address>0x850d</load_address>
         <run_address>0x850d</run_address>
         <size>0x172</size>
         <input_file_ref idref="fl-e"/>
      </object_component>
      <object_component id="oc-2d7">
         <name>.debug_info</name>
         <load_address>0x867f</load_address>
         <run_address>0x867f</run_address>
         <size>0x164</size>
         <input_file_ref idref="fl-e"/>
      </object_component>
      <object_component id="oc-1a5">
         <name>.debug_info</name>
         <load_address>0x87e3</load_address>
         <run_address>0x87e3</run_address>
         <size>0x2ac</size>
         <input_file_ref idref="fl-e"/>
      </object_component>
      <object_component id="oc-2dc">
         <name>.debug_info</name>
         <load_address>0x8a8f</load_address>
         <run_address>0x8a8f</run_address>
         <size>0x2bc</size>
         <input_file_ref idref="fl-e"/>
      </object_component>
      <object_component id="oc-153">
         <name>.debug_info</name>
         <load_address>0x8d4b</load_address>
         <run_address>0x8d4b</run_address>
         <size>0x31f</size>
         <input_file_ref idref="fl-e"/>
      </object_component>
      <object_component id="oc-205">
         <name>.debug_info</name>
         <load_address>0x906a</load_address>
         <run_address>0x906a</run_address>
         <size>0x29b</size>
         <input_file_ref idref="fl-e"/>
      </object_component>
      <object_component id="oc-141">
         <name>.debug_info</name>
         <load_address>0x9305</load_address>
         <run_address>0x9305</run_address>
         <size>0x299</size>
         <input_file_ref idref="fl-e"/>
      </object_component>
      <object_component id="oc-147">
         <name>.debug_info</name>
         <load_address>0x959e</load_address>
         <run_address>0x959e</run_address>
         <size>0x2c0</size>
         <input_file_ref idref="fl-e"/>
      </object_component>
      <object_component id="oc-14d">
         <name>.debug_info</name>
         <load_address>0x985e</load_address>
         <run_address>0x985e</run_address>
         <size>0x2a5</size>
         <input_file_ref idref="fl-e"/>
      </object_component>
      <object_component id="oc-1d5">
         <name>.debug_info</name>
         <load_address>0x9b03</load_address>
         <run_address>0x9b03</run_address>
         <size>0x299</size>
         <input_file_ref idref="fl-e"/>
      </object_component>
      <object_component id="oc-13b">
         <name>.debug_info</name>
         <load_address>0x9d9c</load_address>
         <run_address>0x9d9c</run_address>
         <size>0x289</size>
         <input_file_ref idref="fl-e"/>
      </object_component>
      <object_component id="oc-2e6">
         <name>.debug_info</name>
         <load_address>0xa025</load_address>
         <run_address>0xa025</run_address>
         <size>0x2a1</size>
         <input_file_ref idref="fl-e"/>
      </object_component>
      <object_component id="oc-15f">
         <name>.debug_info</name>
         <load_address>0xa2c6</load_address>
         <run_address>0xa2c6</run_address>
         <size>0x2c4</size>
         <input_file_ref idref="fl-e"/>
      </object_component>
      <object_component id="oc-290">
         <name>.debug_info</name>
         <load_address>0xa58a</load_address>
         <run_address>0xa58a</run_address>
         <size>0x288</size>
         <input_file_ref idref="fl-e"/>
      </object_component>
      <object_component id="oc-159">
         <name>.debug_info</name>
         <load_address>0xa812</load_address>
         <run_address>0xa812</run_address>
         <size>0x2d8</size>
         <input_file_ref idref="fl-e"/>
      </object_component>
      <object_component id="oc-165">
         <name>.debug_info</name>
         <load_address>0xaaea</load_address>
         <run_address>0xaaea</run_address>
         <size>0x298</size>
         <input_file_ref idref="fl-e"/>
      </object_component>
      <object_component id="oc-23c">
         <name>.debug_info</name>
         <load_address>0xad82</load_address>
         <run_address>0xad82</run_address>
         <size>0x29a</size>
         <input_file_ref idref="fl-e"/>
      </object_component>
      <object_component id="oc-296">
         <name>.debug_info</name>
         <load_address>0xb01c</load_address>
         <run_address>0xb01c</run_address>
         <size>0x296</size>
         <input_file_ref idref="fl-e"/>
      </object_component>
      <object_component id="oc-2f2">
         <name>.debug_info</name>
         <load_address>0xb2b2</load_address>
         <run_address>0xb2b2</run_address>
         <size>0x3b7</size>
         <input_file_ref idref="fl-f"/>
      </object_component>
      <object_component id="oc-2ef">
         <name>.debug_info</name>
         <load_address>0xb669</load_address>
         <run_address>0xb669</run_address>
         <size>0x15b</size>
         <input_file_ref idref="fl-f"/>
      </object_component>
      <object_component id="oc-329">
         <name>.debug_info</name>
         <load_address>0xb7c4</load_address>
         <run_address>0xb7c4</run_address>
         <size>0x161</size>
         <input_file_ref idref="fl-f"/>
      </object_component>
      <object_component id="oc-303">
         <name>.debug_info</name>
         <load_address>0xb925</load_address>
         <run_address>0xb925</run_address>
         <size>0x160</size>
         <input_file_ref idref="fl-f"/>
      </object_component>
      <object_component id="oc-1be">
         <name>.debug_info</name>
         <load_address>0xba85</load_address>
         <run_address>0xba85</run_address>
         <size>0x2ca</size>
         <input_file_ref idref="fl-f"/>
      </object_component>
      <object_component id="oc-d7">
         <name>.debug_info</name>
         <load_address>0xbd4f</load_address>
         <run_address>0xbd4f</run_address>
         <size>0x247</size>
         <input_file_ref idref="fl-f"/>
      </object_component>
      <object_component id="oc-16c">
         <name>.debug_info</name>
         <load_address>0xbf96</load_address>
         <run_address>0xbf96</run_address>
         <size>0x271</size>
         <input_file_ref idref="fl-f"/>
      </object_component>
      <object_component id="oc-22b">
         <name>.debug_info</name>
         <load_address>0xc207</load_address>
         <run_address>0xc207</run_address>
         <size>0x273</size>
         <input_file_ref idref="fl-f"/>
      </object_component>
      <object_component id="oc-2f4">
         <name>.debug_info</name>
         <load_address>0xc47a</load_address>
         <run_address>0xc47a</run_address>
         <size>0x396</size>
         <input_file_ref idref="fl-10"/>
      </object_component>
      <object_component id="oc-17d">
         <name>.debug_info</name>
         <load_address>0xc810</load_address>
         <run_address>0xc810</run_address>
         <size>0x2ff</size>
         <input_file_ref idref="fl-10"/>
      </object_component>
      <object_component id="oc-248">
         <name>.debug_info</name>
         <load_address>0xcb0f</load_address>
         <run_address>0xcb0f</run_address>
         <size>0x2e6</size>
         <input_file_ref idref="fl-10"/>
      </object_component>
      <object_component id="oc-19f">
         <name>.debug_info</name>
         <load_address>0xcdf5</load_address>
         <run_address>0xcdf5</run_address>
         <size>0x2cd</size>
         <input_file_ref idref="fl-10"/>
      </object_component>
      <object_component id="oc-199">
         <name>.debug_info</name>
         <load_address>0xd0c2</load_address>
         <run_address>0xd0c2</run_address>
         <size>0x2cf</size>
         <input_file_ref idref="fl-10"/>
      </object_component>
      <object_component id="oc-177">
         <name>.debug_info</name>
         <load_address>0xd391</load_address>
         <run_address>0xd391</run_address>
         <size>0x2bf</size>
         <input_file_ref idref="fl-10"/>
      </object_component>
      <object_component id="oc-193">
         <name>.debug_info</name>
         <load_address>0xd650</load_address>
         <run_address>0xd650</run_address>
         <size>0x289</size>
         <input_file_ref idref="fl-10"/>
      </object_component>
      <object_component id="oc-184">
         <name>.debug_info</name>
         <load_address>0xd8d9</load_address>
         <run_address>0xd8d9</run_address>
         <size>0x27f</size>
         <input_file_ref idref="fl-10"/>
      </object_component>
      <object_component id="oc-172">
         <name>.debug_info</name>
         <load_address>0xdb58</load_address>
         <run_address>0xdb58</run_address>
         <size>0x2bc</size>
         <input_file_ref idref="fl-10"/>
      </object_component>
      <object_component id="oc-2d3">
         <name>.debug_info</name>
         <load_address>0xde14</load_address>
         <run_address>0xde14</run_address>
         <size>0x441</size>
         <input_file_ref idref="fl-11"/>
      </object_component>
      <object_component id="oc-316">
         <name>.debug_info</name>
         <load_address>0xe255</load_address>
         <run_address>0xe255</run_address>
         <size>0x156</size>
         <input_file_ref idref="fl-11"/>
      </object_component>
      <object_component id="oc-136">
         <name>.debug_info</name>
         <load_address>0xe3ab</load_address>
         <run_address>0xe3ab</run_address>
         <size>0x288</size>
         <input_file_ref idref="fl-11"/>
      </object_component>
      <object_component id="oc-12f">
         <name>.debug_info</name>
         <load_address>0xe633</load_address>
         <run_address>0xe633</run_address>
         <size>0x286</size>
         <input_file_ref idref="fl-11"/>
      </object_component>
      <object_component id="oc-129">
         <name>.debug_info</name>
         <load_address>0xe8b9</load_address>
         <run_address>0xe8b9</run_address>
         <size>0x2e4</size>
         <input_file_ref idref="fl-11"/>
      </object_component>
      <object_component id="oc-211">
         <name>.debug_info</name>
         <load_address>0xeb9d</load_address>
         <run_address>0xeb9d</run_address>
         <size>0x2be</size>
         <input_file_ref idref="fl-11"/>
      </object_component>
      <object_component id="oc-36e">
         <name>.debug_info</name>
         <load_address>0xee5b</load_address>
         <run_address>0xee5b</run_address>
         <size>0x51</size>
         <input_file_ref idref="fl-11"/>
      </object_component>
      <object_component id="oc-2ff">
         <name>.debug_info</name>
         <load_address>0xeeac</load_address>
         <run_address>0xeeac</run_address>
         <size>0x3c7</size>
         <input_file_ref idref="fl-12"/>
      </object_component>
      <object_component id="oc-237">
         <name>.debug_info</name>
         <load_address>0xf273</load_address>
         <run_address>0xf273</run_address>
         <size>0x293</size>
         <input_file_ref idref="fl-12"/>
      </object_component>
      <object_component id="oc-1b8">
         <name>.debug_info</name>
         <load_address>0xf506</load_address>
         <run_address>0xf506</run_address>
         <size>0x2c3</size>
         <input_file_ref idref="fl-12"/>
      </object_component>
      <object_component id="oc-1c4">
         <name>.debug_info</name>
         <load_address>0xf7c9</load_address>
         <run_address>0xf7c9</run_address>
         <size>0x29d</size>
         <input_file_ref idref="fl-12"/>
      </object_component>
      <object_component id="oc-231">
         <name>.debug_info</name>
         <load_address>0xfa66</load_address>
         <run_address>0xfa66</run_address>
         <size>0x29b</size>
         <input_file_ref idref="fl-12"/>
      </object_component>
      <object_component id="oc-21f">
         <name>.debug_info</name>
         <load_address>0xfd01</load_address>
         <run_address>0xfd01</run_address>
         <size>0x288</size>
         <input_file_ref idref="fl-12"/>
      </object_component>
      <object_component id="oc-225">
         <name>.debug_info</name>
         <load_address>0xff89</load_address>
         <run_address>0xff89</run_address>
         <size>0x28a</size>
         <input_file_ref idref="fl-12"/>
      </object_component>
      <object_component id="oc-1cf">
         <name>.debug_info</name>
         <load_address>0x10213</load_address>
         <run_address>0x10213</run_address>
         <size>0x2e0</size>
         <input_file_ref idref="fl-12"/>
      </object_component>
      <object_component id="oc-1b1">
         <name>.debug_info</name>
         <load_address>0x104f3</load_address>
         <run_address>0x104f3</run_address>
         <size>0x295</size>
         <input_file_ref idref="fl-12"/>
      </object_component>
      <object_component id="oc-1ab">
         <name>.debug_info</name>
         <load_address>0x10788</load_address>
         <run_address>0x10788</run_address>
         <size>0x29f</size>
         <input_file_ref idref="fl-12"/>
      </object_component>
      <object_component id="oc-1c9">
         <name>.debug_info</name>
         <load_address>0x10a27</load_address>
         <run_address>0x10a27</run_address>
         <size>0x2a1</size>
         <input_file_ref idref="fl-12"/>
      </object_component>
      <object_component id="oc-314">
         <name>.debug_info</name>
         <load_address>0x10cc8</load_address>
         <run_address>0x10cc8</run_address>
         <size>0x3cb</size>
         <input_file_ref idref="fl-13"/>
      </object_component>
      <object_component id="oc-320">
         <name>.debug_info</name>
         <load_address>0x11093</load_address>
         <run_address>0x11093</run_address>
         <size>0x250</size>
         <input_file_ref idref="fl-13"/>
      </object_component>
      <object_component id="oc-31a">
         <name>.debug_info</name>
         <load_address>0x112e3</load_address>
         <run_address>0x112e3</run_address>
         <size>0x252</size>
         <input_file_ref idref="fl-13"/>
      </object_component>
      <object_component id="oc-217">
         <name>.debug_info</name>
         <load_address>0x11535</load_address>
         <run_address>0x11535</run_address>
         <size>0x32f</size>
         <input_file_ref idref="fl-13"/>
      </object_component>
      <object_component id="oc-20b">
         <name>.debug_info</name>
         <load_address>0x11864</load_address>
         <run_address>0x11864</run_address>
         <size>0x29a</size>
         <input_file_ref idref="fl-13"/>
      </object_component>
      <object_component id="oc-242">
         <name>.debug_info</name>
         <load_address>0x11afe</load_address>
         <run_address>0x11afe</run_address>
         <size>0x27c</size>
         <input_file_ref idref="fl-13"/>
      </object_component>
      <object_component id="oc-254">
         <name>.debug_info</name>
         <load_address>0x11d7a</load_address>
         <run_address>0x11d7a</run_address>
         <size>0x21b</size>
         <input_file_ref idref="fl-14"/>
      </object_component>
      <object_component id="oc-26c">
         <name>.debug_info</name>
         <load_address>0x11f95</load_address>
         <run_address>0x11f95</run_address>
         <size>0x14c</size>
         <input_file_ref idref="fl-ca"/>
      </object_component>
      <object_component id="oc-27b">
         <name>.debug_info</name>
         <load_address>0x120e1</load_address>
         <run_address>0x120e1</run_address>
         <size>0x128</size>
         <input_file_ref idref="fl-cb"/>
      </object_component>
      <object_component id="oc-18e">
         <name>.debug_info</name>
         <load_address>0x12209</load_address>
         <run_address>0x12209</run_address>
         <size>0x12a</size>
         <input_file_ref idref="fl-cb"/>
      </object_component>
      <object_component id="oc-28b">
         <name>.debug_info</name>
         <load_address>0x12333</load_address>
         <run_address>0x12333</run_address>
         <size>0x13a</size>
         <input_file_ref idref="fl-cc"/>
      </object_component>
      <object_component id="oc-287">
         <name>.debug_info</name>
         <load_address>0x1246d</load_address>
         <run_address>0x1246d</run_address>
         <size>0x13a</size>
         <input_file_ref idref="fl-cd"/>
      </object_component>
      <object_component id="oc-26f">
         <name>.debug_info</name>
         <load_address>0x125a7</load_address>
         <run_address>0x125a7</run_address>
         <size>0x13e</size>
         <input_file_ref idref="fl-ce"/>
      </object_component>
      <object_component id="oc-2a1">
         <name>.debug_info</name>
         <load_address>0x126e5</load_address>
         <run_address>0x126e5</run_address>
         <size>0x139</size>
         <input_file_ref idref="fl-cf"/>
      </object_component>
      <object_component id="oc-18a">
         <name>.debug_info</name>
         <load_address>0x1281e</load_address>
         <run_address>0x1281e</run_address>
         <size>0x12c</size>
         <input_file_ref idref="fl-d0"/>
      </object_component>
      <object_component id="oc-29e">
         <name>.debug_info</name>
         <load_address>0x1294a</load_address>
         <run_address>0x1294a</run_address>
         <size>0x12e</size>
         <input_file_ref idref="fl-d1"/>
      </object_component>
      <object_component id="oc-8e">
         <name>.debug_info</name>
         <load_address>0x12a78</load_address>
         <run_address>0x12a78</run_address>
         <size>0x2d4</size>
         <input_file_ref idref="fl-d2"/>
      </object_component>
      <object_component id="oc-4f">
         <name>.debug_info</name>
         <load_address>0x12d4c</load_address>
         <run_address>0x12d4c</run_address>
         <size>0x1b5</size>
         <input_file_ref idref="fl-d2"/>
      </object_component>
      <object_component id="oc-89">
         <name>.debug_info</name>
         <load_address>0x12f01</load_address>
         <run_address>0x12f01</run_address>
         <size>0x46</size>
         <input_file_ref idref="fl-d2"/>
      </object_component>
      <object_component id="oc-c0">
         <name>.debug_info</name>
         <load_address>0x12f47</load_address>
         <run_address>0x12f47</run_address>
         <size>0x2c</size>
         <input_file_ref idref="fl-d2"/>
      </object_component>
      <object_component id="oc-46">
         <name>.debug_info</name>
         <load_address>0x12f73</load_address>
         <run_address>0x12f73</run_address>
         <size>0x2a8</size>
         <input_file_ref idref="fl-d3"/>
      </object_component>
      <object_component id="oc-1e">
         <name>.debug_info</name>
         <load_address>0x1321b</load_address>
         <run_address>0x1321b</run_address>
         <size>0x1ea</size>
         <input_file_ref idref="fl-d3"/>
      </object_component>
      <object_component id="oc-41">
         <name>.debug_info</name>
         <load_address>0x13405</load_address>
         <run_address>0x13405</run_address>
         <size>0x46</size>
         <input_file_ref idref="fl-d3"/>
      </object_component>
      <object_component id="oc-81">
         <name>.debug_info</name>
         <load_address>0x1344b</load_address>
         <run_address>0x1344b</run_address>
         <size>0x2c</size>
         <input_file_ref idref="fl-d3"/>
      </object_component>
      <object_component id="oc-7f">
         <name>.debug_info</name>
         <load_address>0x13477</load_address>
         <run_address>0x13477</run_address>
         <size>0x29e</size>
         <input_file_ref idref="fl-d4"/>
      </object_component>
      <object_component id="oc-16">
         <name>.debug_info</name>
         <load_address>0x13715</load_address>
         <run_address>0x13715</run_address>
         <size>0x250</size>
         <input_file_ref idref="fl-d4"/>
      </object_component>
      <object_component id="oc-31">
         <name>.debug_info</name>
         <load_address>0x13965</load_address>
         <run_address>0x13965</run_address>
         <size>0x60</size>
         <input_file_ref idref="fl-d4"/>
      </object_component>
      <object_component id="oc-b9">
         <name>.debug_info</name>
         <load_address>0x139c5</load_address>
         <run_address>0x139c5</run_address>
         <size>0x46</size>
         <input_file_ref idref="fl-d4"/>
      </object_component>
      <object_component id="oc-7a">
         <name>.debug_info</name>
         <load_address>0x13a0b</load_address>
         <run_address>0x13a0b</run_address>
         <size>0x39</size>
         <input_file_ref idref="fl-d4"/>
      </object_component>
      <object_component id="oc-25">
         <name>.debug_info</name>
         <load_address>0x13a44</load_address>
         <run_address>0x13a44</run_address>
         <size>0x10b</size>
         <input_file_ref idref="fl-d5"/>
      </object_component>
      <object_component id="oc-5c">
         <name>.debug_info</name>
         <load_address>0x13b4f</load_address>
         <run_address>0x13b4f</run_address>
         <size>0x1a9</size>
         <input_file_ref idref="fl-d5"/>
      </object_component>
      <object_component id="oc-3e">
         <name>.debug_info</name>
         <load_address>0x13cf8</load_address>
         <run_address>0x13cf8</run_address>
         <size>0x119</size>
         <input_file_ref idref="fl-d6"/>
      </object_component>
      <object_component id="oc-91">
         <name>.debug_info</name>
         <load_address>0x13e11</load_address>
         <run_address>0x13e11</run_address>
         <size>0x147</size>
         <input_file_ref idref="fl-d7"/>
      </object_component>
      <object_component id="oc-2b7">
         <name>.debug_info</name>
         <load_address>0x13f58</load_address>
         <run_address>0x13f58</run_address>
         <size>0x4b3</size>
         <input_file_ref idref="fl-d8"/>
      </object_component>
      <object_component id="oc-f5">
         <name>.debug_info</name>
         <load_address>0x1440b</load_address>
         <run_address>0x1440b</run_address>
         <size>0x1a6</size>
         <input_file_ref idref="fl-d8"/>
      </object_component>
      <object_component id="oc-356">
         <name>.debug_info</name>
         <load_address>0x145b1</load_address>
         <run_address>0x145b1</run_address>
         <size>0x39</size>
         <input_file_ref idref="fl-d8"/>
      </object_component>
      <object_component id="oc-39f">
         <name>.debug_info</name>
         <load_address>0x145ea</load_address>
         <run_address>0x145ea</run_address>
         <size>0x39</size>
         <input_file_ref idref="fl-d8"/>
      </object_component>
      <object_component id="oc-35b">
         <name>.debug_info</name>
         <load_address>0x14623</load_address>
         <run_address>0x14623</run_address>
         <size>0x39</size>
         <input_file_ref idref="fl-d8"/>
      </object_component>
      <object_component id="oc-360">
         <name>.debug_info</name>
         <load_address>0x1465c</load_address>
         <run_address>0x1465c</run_address>
         <size>0xcd</size>
         <input_file_ref idref="fl-d8"/>
      </object_component>
      <object_component id="oc-96">
         <name>.debug_info</name>
         <load_address>0x14729</load_address>
         <run_address>0x14729</run_address>
         <size>0x153</size>
         <input_file_ref idref="fl-d9"/>
      </object_component>
      <object_component id="oc-eb">
         <name>.debug_info</name>
         <load_address>0x1487c</load_address>
         <run_address>0x1487c</run_address>
         <size>0x122</size>
         <input_file_ref idref="fl-db"/>
      </object_component>
      <object_component id="oc-3df">
         <name>.debug_info</name>
         <load_address>0x1499e</load_address>
         <run_address>0x1499e</run_address>
         <size>0xd4</size>
      </object_component>
      <object_component id="oc-127">
         <name>.debug_line</name>
         <load_address>0x0</load_address>
         <run_address>0x0</run_address>
         <size>0x183</size>
         <input_file_ref idref="fl-2"/>
      </object_component>
      <object_component id="oc-332">
         <name>.debug_line</name>
         <load_address>0x183</load_address>
         <run_address>0x183</run_address>
         <size>0x2c</size>
         <input_file_ref idref="fl-2"/>
      </object_component>
      <object_component id="oc-d0">
         <name>.debug_line</name>
         <load_address>0x1af</load_address>
         <run_address>0x1af</run_address>
         <size>0x22c</size>
         <input_file_ref idref="fl-2"/>
      </object_component>
      <object_component id="oc-73">
         <name>.debug_line</name>
         <load_address>0x3db</load_address>
         <run_address>0x3db</run_address>
         <size>0x6f</size>
         <input_file_ref idref="fl-2"/>
      </object_component>
      <object_component id="oc-b5">
         <name>.debug_line</name>
         <load_address>0x44a</load_address>
         <run_address>0x44a</run_address>
         <size>0x20</size>
         <input_file_ref idref="fl-2"/>
      </object_component>
      <object_component id="oc-b0">
         <name>.debug_line</name>
         <load_address>0x46a</load_address>
         <run_address>0x46a</run_address>
         <size>0x73</size>
         <input_file_ref idref="fl-2"/>
      </object_component>
      <object_component id="oc-78">
         <name>.debug_line</name>
         <load_address>0x4dd</load_address>
         <run_address>0x4dd</run_address>
         <size>0x70</size>
         <input_file_ref idref="fl-2"/>
      </object_component>
      <object_component id="oc-337">
         <name>.debug_line</name>
         <load_address>0x54d</load_address>
         <run_address>0x54d</run_address>
         <size>0x167</size>
         <input_file_ref idref="fl-3"/>
      </object_component>
      <object_component id="oc-335">
         <name>.debug_line</name>
         <load_address>0x6b4</load_address>
         <run_address>0x6b4</run_address>
         <size>0x2c</size>
         <input_file_ref idref="fl-3"/>
      </object_component>
      <object_component id="oc-e0">
         <name>.debug_line</name>
         <load_address>0x6e0</load_address>
         <run_address>0x6e0</run_address>
         <size>0x51e</size>
         <input_file_ref idref="fl-3"/>
      </object_component>
      <object_component id="oc-345">
         <name>.debug_line</name>
         <load_address>0xbfe</load_address>
         <run_address>0xbfe</run_address>
         <size>0x20</size>
         <input_file_ref idref="fl-4"/>
      </object_component>
      <object_component id="oc-343">
         <name>.debug_line</name>
         <load_address>0xc1e</load_address>
         <run_address>0xc1e</run_address>
         <size>0x2e</size>
         <input_file_ref idref="fl-4"/>
      </object_component>
      <object_component id="oc-e6">
         <name>.debug_line</name>
         <load_address>0xc4c</load_address>
         <run_address>0xc4c</run_address>
         <size>0xed</size>
         <input_file_ref idref="fl-4"/>
      </object_component>
      <object_component id="oc-39">
         <name>.debug_line</name>
         <load_address>0xd39</load_address>
         <run_address>0xd39</run_address>
         <size>0x20</size>
         <input_file_ref idref="fl-4"/>
      </object_component>
      <object_component id="oc-ca">
         <name>.debug_line</name>
         <load_address>0xd59</load_address>
         <run_address>0xd59</run_address>
         <size>0x275</size>
         <input_file_ref idref="fl-5"/>
      </object_component>
      <object_component id="oc-a0">
         <name>.debug_line</name>
         <load_address>0xfce</load_address>
         <run_address>0xfce</run_address>
         <size>0x66</size>
         <input_file_ref idref="fl-6"/>
      </object_component>
      <object_component id="oc-6f">
         <name>.debug_line</name>
         <load_address>0x1034</load_address>
         <run_address>0x1034</run_address>
         <size>0x41</size>
         <input_file_ref idref="fl-7"/>
      </object_component>
      <object_component id="oc-2e">
         <name>.debug_line</name>
         <load_address>0x1075</load_address>
         <run_address>0x1075</run_address>
         <size>0x41</size>
         <input_file_ref idref="fl-7"/>
      </object_component>
      <object_component id="oc-2a">
         <name>.debug_line</name>
         <load_address>0x10b6</load_address>
         <run_address>0x10b6</run_address>
         <size>0xa1</size>
         <input_file_ref idref="fl-7"/>
      </object_component>
      <object_component id="oc-393">
         <name>.debug_line</name>
         <load_address>0x1157</load_address>
         <run_address>0x1157</run_address>
         <size>0x82</size>
         <input_file_ref idref="fl-d"/>
      </object_component>
      <object_component id="oc-1f1">
         <name>.debug_line</name>
         <load_address>0x11d9</load_address>
         <run_address>0x11d9</run_address>
         <size>0xa7</size>
         <input_file_ref idref="fl-d"/>
      </object_component>
      <object_component id="oc-1f7">
         <name>.debug_line</name>
         <load_address>0x1280</load_address>
         <run_address>0x1280</run_address>
         <size>0x91</size>
         <input_file_ref idref="fl-d"/>
      </object_component>
      <object_component id="oc-1e5">
         <name>.debug_line</name>
         <load_address>0x1311</load_address>
         <run_address>0x1311</run_address>
         <size>0x91</size>
         <input_file_ref idref="fl-d"/>
      </object_component>
      <object_component id="oc-284">
         <name>.debug_line</name>
         <load_address>0x13a2</load_address>
         <run_address>0x13a2</run_address>
         <size>0x9c</size>
         <input_file_ref idref="fl-d"/>
      </object_component>
      <object_component id="oc-1eb">
         <name>.debug_line</name>
         <load_address>0x143e</load_address>
         <run_address>0x143e</run_address>
         <size>0xa4</size>
         <input_file_ref idref="fl-d"/>
      </object_component>
      <object_component id="oc-1ff">
         <name>.debug_line</name>
         <load_address>0x14e2</load_address>
         <run_address>0x14e2</run_address>
         <size>0x92</size>
         <input_file_ref idref="fl-d"/>
      </object_component>
      <object_component id="oc-1f9">
         <name>.debug_line</name>
         <load_address>0x1574</load_address>
         <run_address>0x1574</run_address>
         <size>0x91</size>
         <input_file_ref idref="fl-d"/>
      </object_component>
      <object_component id="oc-1db">
         <name>.debug_line</name>
         <load_address>0x1605</load_address>
         <run_address>0x1605</run_address>
         <size>0x9b</size>
         <input_file_ref idref="fl-d"/>
      </object_component>
      <object_component id="oc-37a">
         <name>.debug_line</name>
         <load_address>0x16a0</load_address>
         <run_address>0x16a0</run_address>
         <size>0x71</size>
         <input_file_ref idref="fl-d"/>
      </object_component>
      <object_component id="oc-36a">
         <name>.debug_line</name>
         <load_address>0x1711</load_address>
         <run_address>0x1711</run_address>
         <size>0x75</size>
         <input_file_ref idref="fl-d"/>
      </object_component>
      <object_component id="oc-375">
         <name>.debug_line</name>
         <load_address>0x1786</load_address>
         <run_address>0x1786</run_address>
         <size>0x71</size>
         <input_file_ref idref="fl-d"/>
      </object_component>
      <object_component id="oc-2d1">
         <name>.debug_line</name>
         <load_address>0x17f7</load_address>
         <run_address>0x17f7</run_address>
         <size>0x72</size>
         <input_file_ref idref="fl-d"/>
      </object_component>
      <object_component id="oc-37f">
         <name>.debug_line</name>
         <load_address>0x1869</load_address>
         <run_address>0x1869</run_address>
         <size>0x82</size>
         <input_file_ref idref="fl-e"/>
      </object_component>
      <object_component id="oc-3ac">
         <name>.debug_line</name>
         <load_address>0x18eb</load_address>
         <run_address>0x18eb</run_address>
         <size>0x7d</size>
         <input_file_ref idref="fl-e"/>
      </object_component>
      <object_component id="oc-3ae">
         <name>.debug_line</name>
         <load_address>0x1968</load_address>
         <run_address>0x1968</run_address>
         <size>0x7d</size>
         <input_file_ref idref="fl-e"/>
      </object_component>
      <object_component id="oc-37d">
[...]
         <name>setDelayTimer</name>
         <value>0x1045</value>
         <object_component_ref idref="oc-db"/>
      </symbol>
      <symbol id="sm-202">
         <name>Fstate</name>
         <value>0x565</value>
         <object_component_ref idref="oc-db"/>
      </symbol>
      <symbol id="sm-203">
         <name>sentit</name>
         <value>0x20000b84</value>
         <object_component_ref idref="oc-259"/>
      </symbol>
      <symbol id="sm-204">
         <name>ready2detect</name>
         <value>0x20000b8d</value>
         <object_component_ref idref="oc-259"/>
      </symbol>
      <symbol id="sm-205">
         <name>changeState</name>
         <value>0x20000b80</value>
         <object_component_ref idref="oc-259"/>
      </symbol>
      <symbol id="sm-206">
         <name>TimerChangeOn</name>
         <value>0x4db</value>
         <object_component_ref idref="oc-db"/>
      </symbol>
      <symbol id="sm-207">
         <name>updateDuty</name>
         <value>0x20000b8c</value>
         <object_component_ref idref="oc-259"/>
      </symbol>
      <symbol id="sm-208">
         <name>InterruptSendStatusUART</name>
         <value>0x11a1</value>
         <object_component_ref idref="oc-db"/>
      </symbol>
      <symbol id="sm-209">
         <name>change2CL</name>
         <value>0x4f9</value>
         <object_component_ref idref="oc-db"/>
      </symbol>
      <symbol id="sm-20a">
         <name>setError</name>
         <value>0x20000b82</value>
         <object_component_ref idref="oc-259"/>
      </symbol>
      <symbol id="sm-20b">
         <name>PortIntHandler</name>
         <value>0xd9d</value>
         <object_component_ref idref="oc-db"/>
      </symbol>
      <symbol id="sm-20c">
         <name>sprintfGuillem</name>
         <value>0x11f7</value>
         <object_component_ref idref="oc-db"/>
      </symbol>
      <symbol id="sm-20d">
         <name>InterruptTimeChange</name>
         <value>0xfd5</value>
         <object_component_ref idref="oc-db"/>
      </symbol>
      <symbol id="sm-20e">
         <name>controlDuty</name>
         <value>0xc95</value>
         <object_component_ref idref="oc-db"/>
      </symbol>
      <symbol id="sm-20f">
         <name>chooseBestRet</name>
         <value>0x12a1</value>
         <object_component_ref idref="oc-db"/>
      </symbol>
      <symbol id="sm-210">
         <name>switchPressed</name>
         <value>0x20000b81</value>
         <object_component_ref idref="oc-259"/>
      </symbol>
      <symbol id="sm-211">
         <name>Bemf2Detect</name>
         <value>0x20000b85</value>
         <object_component_ref idref="oc-259"/>
      </symbol>
      <symbol id="sm-212">
         <name>alphaTimeCalc</name>
         <value>0x1359</value>
         <object_component_ref idref="oc-db"/>
      </symbol>
      <symbol id="sm-213">
         <name>setCI</name>
         <value>0x273</value>
         <object_component_ref idref="oc-db"/>
      </symbol>
      <symbol id="sm-243">
         <name>Flash_Read</name>
         <value>0x23fb</value>
         <object_component_ref idref="oc-e1"/>
      </symbol>
      <symbol id="sm-244">
         <name>Flash_Enable</name>
         <value>0x22f5</value>
         <object_component_ref idref="oc-e1"/>
      </symbol>
      <symbol id="sm-245">
         <name>Flash_Erase</name>
         <value>0x2311</value>
         <object_component_ref idref="oc-e1"/>
      </symbol>
      <symbol id="sm-246">
         <name>Flash_Write</name>
         <value>0x2375</value>
         <object_component_ref idref="oc-e1"/>
      </symbol>
      <symbol id="sm-2ce">
         <name>setPWM</name>
         <value>0x1719</value>
         <object_component_ref idref="oc-c9"/>
      </symbol>
      <symbol id="sm-2cf">
         <name>init_GPIOs</name>
         <value>0x1463</value>
         <object_component_ref idref="oc-c9"/>
      </symbol>
      <symbol id="sm-2d0">
         <name>setPWMfreqk</name>
         <value>0x1657</value>
         <object_component_ref idref="oc-c9"/>
      </symbol>
      <symbol id="sm-2d1">
         <name>init_clock</name>
         <value>0x1459</value>
         <object_component_ref idref="oc-c9"/>
      </symbol>
      <symbol id="sm-2d2">
         <name>init_ADC</name>
         <value>0x1a01</value>
         <object_component_ref idref="oc-c9"/>
      </symbol>
      <symbol id="sm-2d3">
         <name>setPWMDuty</name>
         <value>0x168b</value>
         <object_component_ref idref="oc-c9"/>
      </symbol>
      <symbol id="sm-2d4">
         <name>init_timers</name>
         <value>0x1891</value>
         <object_component_ref idref="oc-c9"/>
      </symbol>
      <symbol id="sm-2d5">
         <name>init_PWMs</name>
         <value>0x159b</value>
         <object_component_ref idref="oc-c9"/>
      </symbol>
      <symbol id="sm-2d6">
         <name>initUART</name>
         <value>0x1a83</value>
         <object_component_ref idref="oc-c9"/>
      </symbol>
      <symbol id="sm-2d7">
         <name>setGPIO</name>
         <value>0x1809</value>
         <object_component_ref idref="oc-c9"/>
      </symbol>
      <symbol id="sm-2ea">
         <name>main</name>
         <value>0x2189</value>
         <object_component_ref idref="oc-9b"/>
      </symbol>
      <symbol id="sm-306">
         <name>ResetISR</name>
         <value>0x3347</value>
         <object_component_ref idref="oc-27"/>
      </symbol>
      <symbol id="sm-307">
         <name>g_pfnVectors</name>
         <value>0x0</value>
         <object_component_ref idref="oc-12"/>
      </symbol>
      <symbol id="sm-368">
         <name>ADCSequenceEnable</name>
         <value>0x32d1</value>
         <object_component_ref idref="oc-1f2"/>
      </symbol>
      <symbol id="sm-369">
         <name>ADCSequenceConfigure</name>
         <value>0x2de1</value>
         <object_component_ref idref="oc-1e6"/>
      </symbol>
      <symbol id="sm-36a">
         <name>ADCIntEnable</name>
         <value>0x3285</value>
         <object_component_ref idref="oc-1fe"/>
      </symbol>
      <symbol id="sm-36b">
         <name>ADCSequenceStepConfigure</name>
         <value>0x2a31</value>
         <object_component_ref idref="oc-1ec"/>
      </symbol>
      <symbol id="sm-36c">
         <name>ADCIntClear</name>
         <value>0x3353</value>
         <object_component_ref idref="oc-1f8"/>
      </symbol>
      <symbol id="sm-36d">
         <name>ADCHardwareOversampleConfigure</name>
         <value>0x32b5</value>
         <object_component_ref idref="oc-1da"/>
      </symbol>
      <symbol id="sm-36e">
         <name>ADCSequenceDisable</name>
         <value>0x32c3</value>
         <object_component_ref idref="oc-1e0"/>
      </symbol>
      <symbol id="sm-36f">
         <name>ADCSequenceDataGet</name>
         <value>0x312d</value>
         <object_component_ref idref="oc-27f"/>
      </symbol>
      <symbol id="sm-420">
         <name>GPIOPinTypePWM</name>
         <value>0x31fd</value>
         <object_component_ref idref="oc-140"/>
      </symbol>
      <symbol id="sm-421">
         <name>GPIOIntRegister</name>
         <value>0x31a1</value>
         <object_component_ref idref="oc-158"/>
      </symbol>
      <symbol id="sm-422">
         <name>GPIOPinConfigure</name>
         <value>0x2e31</value>
         <object_component_ref idref="oc-13a"/>
      </symbol>
      <symbol id="sm-423">
         <name>GPIOIntDisable</name>
         <value>0x32df</value>
         <object_component_ref idref="oc-23b"/>
      </symbol>
      <symbol id="sm-424">
         <name>GPIOIntEnable</name>
         <value>0x3323</value>
         <object_component_ref idref="oc-164"/>
      </symbol>
      <symbol id="sm-425">
         <name>GPIOIntTypeSet</name>
         <value>0x2d89</value>
         <object_component_ref idref="oc-15e"/>
      </symbol>
      <symbol id="sm-426">
         <name>GPIOPinTypeADC</name>
         <value>0x31d1</value>
         <object_component_ref idref="oc-1d4"/>
      </symbol>
      <symbol id="sm-427">
         <name>GPIOPinTypeGPIOInput</name>
         <value>0x31e7</value>
         <object_component_ref idref="oc-14c"/>
      </symbol>
      <symbol id="sm-428">
         <name>GPIOIntClear</name>
         <value>0x3379</value>
         <object_component_ref idref="oc-295"/>
      </symbol>
      <symbol id="sm-429">
         <name>GPIOPinTypeUART</name>
         <value>0x3213</value>
         <object_component_ref idref="oc-204"/>
      </symbol>
      <symbol id="sm-42a">
         <name>GPIOIntStatus</name>
         <value>0x32ed</value>
         <object_component_ref idref="oc-28f"/>
      </symbol>
      <symbol id="sm-42b">
         <name>GPIOPinTypeGPIOOutput</name>
         <value>0x3187</value>
         <object_component_ref idref="oc-146"/>
      </symbol>
      <symbol id="sm-42c">
         <name>GPIODirModeSet</name>
         <value>0x309d</value>
         <object_component_ref idref="oc-2db"/>
      </symbol>
      <symbol id="sm-42d">
         <name>GPIOPinWrite</name>
         <value>0x337f</value>
         <object_component_ref idref="oc-1a4"/>
      </symbol>
      <symbol id="sm-42e">
         <name>GPIOPadConfigSet</name>
         <value>0x201d</value>
         <object_component_ref idref="oc-152"/>
      </symbol>
      <symbol id="sm-482">
         <name>IntEnable</name>
         <value>0x2bfd</value>
         <object_component_ref idref="oc-16a"/>
      </symbol>
      <symbol id="sm-483">
         <name>IntDisable</name>
         <value>0x2b95</value>
         <object_component_ref idref="oc-229"/>
      </symbol>
      <symbol id="sm-484">
         <name>IntRegister</name>
         <value>0x3001</value>
         <object_component_ref idref="oc-1bc"/>
      </symbol>
      <symbol id="sm-485">
         <name>g_pfnRAMVectors</name>
         <value>0x20000000</value>
         <object_component_ref idref="oc-302"/>
      </symbol>
      <symbol id="sm-486">
         <name>IntMasterEnable</name>
         <value>0x3295</value>
         <object_component_ref idref="oc-d5"/>
      </symbol>
      <symbol id="sm-4cb">
         <name>PWMGenPeriodSet</name>
         <value>0x32a5</value>
         <object_component_ref idref="oc-176"/>
      </symbol>
      <symbol id="sm-4cc">
         <name>PWMPulseWidthSet</name>
         <value>0x3169</value>
         <object_component_ref idref="oc-17c"/>
      </symbol>
      <symbol id="sm-4cd">
         <name>PWMGenPeriodGet</name>
         <value>0x323d</value>
         <object_component_ref idref="oc-192"/>
      </symbol>
      <symbol id="sm-4ce">
         <name>PWMOutputState</name>
         <value>0x3261</value>
         <object_component_ref idref="oc-19e"/>
      </symbol>
      <symbol id="sm-4cf">
         <name>PWMGenEnable</name>
         <value>0x332f</value>
         <object_component_ref idref="oc-182"/>
      </symbol>
      <symbol id="sm-4d0">
         <name>PWMGenConfigure</name>
         <value>0x30c9</value>
         <object_component_ref idref="oc-170"/>
      </symbol>
      <symbol id="sm-4d1">
         <name>PWMPulseWidthGet</name>
         <value>0x314b</value>
         <object_component_ref idref="oc-247"/>
      </symbol>
      <symbol id="sm-4d2">
         <name>PWMOutputInvert</name>
         <value>0x324f</value>
         <object_component_ref idref="oc-198"/>
      </symbol>
      <symbol id="sm-530">
         <name>SysCtlClockSet</name>
         <value>0x2795</value>
         <object_component_ref idref="oc-128"/>
      </symbol>
      <symbol id="sm-531">
         <name>SysCtlDelay</name>
         <value>0x3385</value>
         <object_component_ref idref="oc-2cc"/>
      </symbol>
      <symbol id="sm-532">
         <name>SysCtlPeripheralEnable</name>
         <value>0x3035</value>
         <object_component_ref idref="oc-12e"/>
      </symbol>
      <symbol id="sm-533">
         <name>SysCtlClockGet</name>
         <value>0x2581</value>
         <object_component_ref idref="oc-210"/>
      </symbol>
      <symbol id="sm-534">
         <name>SysCtlPeripheralReady</name>
         <value>0x2f91</value>
         <object_component_ref idref="oc-134"/>
      </symbol>
      <symbol id="sm-599">
         <name>TimerLoadSet</name>
         <value>0x3273</value>
         <object_component_ref idref="oc-1b6"/>
      </symbol>
      <symbol id="sm-59a">
         <name>TimerADCEventSet</name>
         <value>0x3397</value>
         <object_component_ref idref="oc-1c8"/>
      </symbol>
      <symbol id="sm-59b">
         <name>TimerDisable</name>
         <value>0x31b9</value>
         <object_component_ref idref="oc-223"/>
      </symbol>
      <symbol id="sm-59c">
         <name>TimerEnable</name>
         <value>0x32fb</value>
         <object_component_ref idref="oc-21d"/>
      </symbol>
      <symbol id="sm-59d">
         <name>TimerValueGet</name>
         <value>0x335d</value>
         <object_component_ref idref="oc-235"/>
      </symbol>
      <symbol id="sm-59e">
         <name>TimerControlTrigger</name>
         <value>0x2d2d</value>
         <object_component_ref idref="oc-1ce"/>
      </symbol>
      <symbol id="sm-59f">
         <name>TimerIntEnable</name>
         <value>0x3371</value>
         <object_component_ref idref="oc-1c2"/>
      </symbol>
      <symbol id="sm-5a0">
         <name>TimerClockSourceSet</name>
         <value>0x338b</value>
         <object_component_ref idref="oc-1aa"/>
      </symbol>
      <symbol id="sm-5a1">
         <name>TimerConfigure</name>
         <value>0x2ccd</value>
         <object_component_ref idref="oc-1b0"/>
      </symbol>
      <symbol id="sm-5a2">
         <name>TimerIntClear</name>
         <value>0x339b</value>
         <object_component_ref idref="oc-22f"/>
      </symbol>
      <symbol id="sm-5d4">
         <name>UARTConfigSetExpClk</name>
         <value>0x2e7d</value>
         <object_component_ref idref="oc-216"/>
      </symbol>
      <symbol id="sm-5d5">
         <name>UARTDisable</name>
         <value>0x30ed</value>
         <object_component_ref idref="oc-319"/>
      </symbol>
      <symbol id="sm-5d6">
         <name>UARTClockSourceSet</name>
         <value>0x3391</value>
         <object_component_ref idref="oc-20a"/>
      </symbol>
      <symbol id="sm-5d7">
         <name>UARTCharPut</name>
         <value>0x3367</value>
         <object_component_ref idref="oc-241"/>
      </symbol>
      <symbol id="sm-5d8">
         <name>UARTEnable</name>
         <value>0x3229</value>
         <object_component_ref idref="oc-31f"/>
      </symbol>
      <symbol id="sm-5e2">
         <name>CPUcpsie</name>
         <value>0x3317</value>
         <object_component_ref idref="oc-252"/>
      </symbol>
      <symbol id="sm-5f9">
         <name>__aeabi_dsub</name>
         <value>0x1e65</value>
         <object_component_ref idref="oc-269"/>
      </symbol>
      <symbol id="sm-5fa">
         <name>__aeabi_dadd</name>
         <value>0x1e6f</value>
         <object_component_ref idref="oc-269"/>
      </symbol>
      <symbol id="sm-61c">
         <name>__aeabi_cdcmpeq</name>
         <value>0x2925</value>
         <object_component_ref idref="oc-27a"/>
      </symbol>
      <symbol id="sm-61d">
         <name>__aeabi_cdcmple</name>
         <value>0x2925</value>
         <object_component_ref idref="oc-27a"/>
      </symbol>
      <symbol id="sm-61e">
         <name>__aeabi_cdrcmple</name>
         <value>0x29ab</value>
         <object_component_ref idref="oc-18d"/>
      </symbol>
      <symbol id="sm-632">
         <name>__aeabi_ddiv</name>
         <value>0x2449</value>
         <object_component_ref idref="oc-28a"/>
      </symbol>
      <symbol id="sm-63d">
         <name>__aeabi_dmul</name>
         <value>0x2699</value>
         <object_component_ref idref="oc-285"/>
      </symbol>
      <symbol id="sm-649">
         <name>__aeabi_d2f</name>
         <value>0x2b25</value>
         <object_component_ref idref="oc-26e"/>
      </symbol>
      <symbol id="sm-653">
         <name>__aeabi_d2uiz</name>
         <value>0x2f4d</value>
         <object_component_ref idref="oc-2a0"/>
      </symbol>
      <symbol id="sm-65e">
         <name>__aeabi_f2d</name>
         <value>0x2fc9</value>
         <object_component_ref idref="oc-188"/>
      </symbol>
      <symbol id="sm-668">
         <name>__aeabi_ui2d</name>
         <value>0x310d</value>
         <object_component_ref idref="oc-29b"/>
      </symbol>
      <symbol id="sm-67f">
         <name>__TI_zero_init</name>
         <value>0x333b</value>
         <object_component_ref idref="oc-4d"/>
      </symbol>
      <symbol id="sm-696">
         <name>__TI_decompress_none</name>
         <value>0x3309</value>
         <object_component_ref idref="oc-1b"/>
      </symbol>
      <symbol id="sm-6b9">
         <name>__TI_decompress_lzss</name>
         <value>0x2c65</value>
         <object_component_ref idref="oc-15"/>
      </symbol>
      <symbol id="sm-6cc">
         <name>__stack</name>
         <value>0x20000980</value>
         <object_component_ref idref="oc-24"/>
      </symbol>
      <symbol id="sm-6cd">
         <name>_c_int00_noargs</name>
         <value>0x3069</value>
         <object_component_ref idref="oc-59"/>
      </symbol>
      <symbol id="sm-6e8">
         <name>memcpy</name>
         <value>0x2889</value>
         <object_component_ref idref="oc-3b"/>
      </symbol>
      <symbol id="sm-6e9">
         <name>__aeabi_memcpy</name>
         <value>0x2889</value>
         <object_component_ref idref="oc-3b"/>
      </symbol>
      <symbol id="sm-6ea">
         <name>__aeabi_memcpy8</name>
         <value>0x2889</value>
         <object_component_ref idref="oc-3b"/>
      </symbol>
      <symbol id="sm-6eb">
         <name>__aeabi_memcpy4</name>
         <value>0x2889</value>
         <object_component_ref idref="oc-3b"/>
      </symbol>
      <symbol id="sm-6fa">
         <name>__aeabi_memset</name>
         <value>0x2aad</value>
         <object_component_ref idref="oc-8f"/>
      </symbol>
      <symbol id="sm-6fb">
         <name>memset</name>
         <value>0x2ab3</value>
         <object_component_ref idref="oc-8f"/>
      </symbol>
      <symbol id="sm-6fc">
         <name>__aeabi_memset8</name>
         <value>0x2aad</value>
         <object_component_ref idref="oc-8f"/>
      </symbol>
      <symbol id="sm-6fd">
         <name>__aeabi_memset4</name>
         <value>0x2aad</value>
         <object_component_ref idref="oc-8f"/>
      </symbol>
      <symbol id="sm-6fe">
         <name>__aeabi_memclr8</name>
         <value>0x2aab</value>
         <object_component_ref idref="oc-8f"/>
      </symbol>
      <symbol id="sm-6ff">
         <name>__aeabi_memclr4</name>
         <value>0x2aab</value>
         <object_component_ref idref="oc-8f"/>
      </symbol>
      <symbol id="sm-700">
         <name>__aeabi_memclr</name>
         <value>0x2aab</value>
         <object_component_ref idref="oc-8f"/>
      </symbol>
      <symbol id="sm-728">
         <name>__TI_auto_init_nobinit_nopinit</name>
         <value>0x2f09</value>
         <object_component_ref idref="oc-f4"/>
      </symbol>
      <symbol id="sm-732">
         <name>_system_pre_init</name>
         <value>0x339f</value>
         <object_component_ref idref="oc-95"/>
      </symbol>
      <symbol id="sm-73e">
         <name>C$$EXIT</name>
         <value>0x33a3</value>
         <object_component_ref idref="oc-e8"/>
      </symbol>
      <symbol id="sm-73f">
         <name>abort</name>
         <value>0x33a3</value>
         <object_component_ref idref="oc-e8"/>
      </symbol>
      <symbol id="sm-742">
         <name>__TI_static_base__</name>
         <value>0x0</value>
      </symbol>
      <symbol id="sm-745">
         <name>__mpu_init</name>
         <value>0x0</value>
      </symbol>
      <symbol id="sm-746">
         <name>_system_post_cinit</name>
         <value>0x0</value>
      </symbol>
   </symbol_table>
   <title>Link successful</title>
</link_info>
