******************************************************************************
                  TI ARM Linker PC v20.2.7                     
******************************************************************************
>> Linked Thu Feb  1 16:36:45 2024

OUTPUT FILE NAME:   <P18_BEMF_alpha.out>
ENTRY POINT SYMBOL: "_c_int00_noargs"  address: 00003069


MEMORY CONFIGURATION

         name            origin    length      used     unused   attr    fill
----------------------  --------  ---------  --------  --------  ----  --------
  FLASH                 00000000   00040000  000036b2  0003c94e  R  X
  SRAM                  20000000   00008000  00000b9b  00007465  RW X


SEGMENT ALLOCATION MAP

run origin  load origin   length   init length attrs members
----------  ----------- ---------- ----------- ----- -------
00000000    00000000    000036b8   000036b8    r-x
  00000000    00000000    0000026c   0000026c    r-- .intvecs
  0000026c    0000026c    0000313a   0000313a    r-x .text
  000033a8    000033a8    000002bc   000002bc    r-- .const
  00003668    00003668    00000050   00000050    r-- .cinit
20000000    20000000    00000ba2   00000000    rw-
  20000000    20000000    0000026c   00000000    rw- .vtable
  2000026c    2000026c    0000070d   00000000    rw- .bss
  20000980    20000980    00000200   00000000    rw- .stack
  20000b80    20000b80    00000022   00000000    rw- .data


SECTION ALLOCATION MAP

 output                                  attributes/
section   page    origin      length       input sections
--------  ----  ----------  ----------   ----------------
.intvecs   0    00000000    0000026c     
                  00000000    0000026c     tm4c123gh6pm_startup_ccs.obj (.intvecs)

.text      0    0000026c    0000313a     
                  0000026c    000011ec     fSW.obj (.text)
                  00001458    000006fc     initHW.obj (.text)
                  00001b54    00000310     fHW.obj (.text)
                  00001e64    000001b6     rtsv7M4_T_le_v4SPD16_eabi.lib : fd_add_t2.asm.obj (.text)
                  0000201a    00000002     --HOLE-- [fill = 0]
                  0000201c    0000016c     driverlib.lib : gpio.obj (.text:GPIOPadConfigSet)
                  00002188    0000016c     main.obj (.text)
                  000022f4    00000154     flash.obj (.text)
                  00002448    00000136     rtsv7M4_T_le_v4SPD16_eabi.lib : fd_div_t2.asm.obj (.text)
                  0000257e    00000002     --HOLE-- [fill = 0]
                  00002580    00000118     driverlib.lib : sysctl.obj (.text:SysCtlClockGet)
                  00002698    000000fc     rtsv7M4_T_le_v4SPD16_eabi.lib : fd_mul_t2.asm.obj (.text)
                  00002794    000000f4     driverlib.lib : sysctl.obj (.text:SysCtlClockSet)
                  00002888    0000009c     rtsv7M4_T_le_v4SPD16_eabi.lib : memcpy_t2.asm.obj (.text)
                  00002924    00000086                                   : fd_cmp_t2.asm.obj (.text:__aeabi_cdcmple)
                  000029aa    00000086                                   : fd_cmp_t2.asm.obj (.text:__aeabi_cdrcmple)
                  00002a30    0000007a     driverlib.lib : adc.obj (.text:ADCSequenceStepConfigure)
                  00002aaa    0000007a     rtsv7M4_T_le_v4SPD16_eabi.lib : memset_t2.asm.obj (.text)
                  00002b24    0000006e                                   : fd_tos_t2.asm.obj (.text)
                  00002b92    00000002     --HOLE-- [fill = 0]
                  00002b94    00000068     driverlib.lib : interrupt.obj (.text:IntDisable)
                  00002bfc    00000068                   : interrupt.obj (.text:IntEnable)
                  00002c64    00000068     rtsv7M4_T_le_v4SPD16_eabi.lib : copy_decompress_lzss.c.obj (.text:decompress:lzss:__TI_decompress_lzss)
                  00002ccc    00000060     driverlib.lib : timer.obj (.text:TimerConfigure)
                  00002d2c    0000005c                   : timer.obj (.text:TimerControlTrigger)
                  00002d88    00000058                   : gpio.obj (.text:GPIOIntTypeSet)
                  00002de0    0000004e                   : adc.obj (.text:ADCSequenceConfigure)
                  00002e2e    00000002     --HOLE-- [fill = 0]
                  00002e30    0000004c                   : gpio.obj (.text:GPIOPinConfigure)
                  00002e7c    00000046                   : uart.obj (.text:UARTConfigSetExpClk)
                  00002ec2    00000002     --HOLE-- [fill = 0]
                  00002ec4    00000044                   : gpio.obj (.text:_GPIOIntNumberGet)
                  00002f08    00000044     rtsv7M4_T_le_v4SPD16_eabi.lib : autoinit.c.obj (.text:__TI_auto_init_nobinit_nopinit:__TI_auto_init_nobinit_nopinit)
                  00002f4c    00000044                                   : fd_tou_t2.asm.obj (.text)
                  00002f90    00000038     driverlib.lib : sysctl.obj (.text:SysCtlPeripheralReady)
                  00002fc8    00000038     rtsv7M4_T_le_v4SPD16_eabi.lib : fs_tod_t2.asm.obj (.text)
                  00003000    00000034     driverlib.lib : interrupt.obj (.text:IntRegister)
                  00003034    00000034                   : sysctl.obj (.text:SysCtlPeripheralEnable)
                  00003068    00000034     rtsv7M4_T_le_v4SPD16_eabi.lib : boot_cortex_m.c.obj (.text:_c_int00_noargs:_c_int00_noargs)
                  0000309c    0000002c     driverlib.lib : gpio.obj (.text:GPIODirModeSet)
                  000030c8    00000022                   : pwm.obj (.text:PWMGenConfigure)
                  000030ea    00000002     --HOLE-- [fill = 0]
                  000030ec    00000020                   : uart.obj (.text:UARTDisable)
                  0000310c    00000020     rtsv7M4_T_le_v4SPD16_eabi.lib : u_tofd_t2.asm.obj (.text)
                  0000312c    0000001e     driverlib.lib : adc.obj (.text:ADCSequenceDataGet)
                  0000314a    0000001e                   : pwm.obj (.text:PWMPulseWidthGet)
                  00003168    0000001e                   : pwm.obj (.text:PWMPulseWidthSet)
                  00003186    0000001a                   : gpio.obj (.text:GPIOPinTypeGPIOOutput)
                  000031a0    00000018                   : gpio.obj (.text:GPIOIntRegister)
                  000031b8    00000018                   : timer.obj (.text:TimerDisable)
                  000031d0    00000016                   : gpio.obj (.text:GPIOPinTypeADC)
                  000031e6    00000016                   : gpio.obj (.text:GPIOPinTypeGPIOInput)
                  000031fc    00000016                   : gpio.obj (.text:GPIOPinTypePWM)
                  00003212    00000016                   : gpio.obj (.text:GPIOPinTypeUART)
                  00003228    00000014                   : uart.obj (.text:UARTEnable)
                  0000323c    00000012                   : pwm.obj (.text:PWMGenPeriodGet)
                  0000324e    00000012                   : pwm.obj (.text:PWMOutputInvert)
                  00003260    00000012                   : pwm.obj (.text:PWMOutputState)
                  00003272    00000012                   : timer.obj (.text:TimerLoadSet)
                  00003284    00000010                   : adc.obj (.text:ADCIntEnable)
                  00003294    00000010                   : interrupt.obj (.text:IntMasterEnable)
                  000032a4    00000010                   : pwm.obj (.text:PWMGenPeriodSet)
                  000032b4    0000000e                   : adc.obj (.text:ADCHardwareOversampleConfigure)
                  000032c2    0000000e                   : adc.obj (.text:ADCSequenceDisable)
                  000032d0    0000000e                   : adc.obj (.text:ADCSequenceEnable)
                  000032de    0000000e                   : gpio.obj (.text:GPIOIntDisable)
                  000032ec    0000000e                   : gpio.obj (.text:GPIOIntStatus)
                  000032fa    0000000e                   : timer.obj (.text:TimerEnable)
                  00003308    0000000e     rtsv7M4_T_le_v4SPD16_eabi.lib : copy_decompress_none.c.obj (.text:decompress:none:__TI_decompress_none)
                  00003316    0000000c     driverlib.lib : cpu.obj (.text:CPUcpsie)
                  00003322    0000000c                   : gpio.obj (.text:GPIOIntEnable)
                  0000332e    0000000c                   : pwm.obj (.text:PWMGenEnable)
                  0000333a    0000000c     rtsv7M4_T_le_v4SPD16_eabi.lib : copy_zero_init.c.obj (.text:decompress:ZI:__TI_zero_init)
                  00003346    0000000c     tm4c123gh6pm_startup_ccs.obj (.text)
                  00003352    0000000a     driverlib.lib : adc.obj (.text:ADCIntClear)
                  0000335c    0000000a                   : timer.obj (.text:TimerValueGet)
                  00003366    0000000a                   : uart.obj (.text:UARTCharPut)
                  00003370    00000008                   : timer.obj (.text:TimerIntEnable)
                  00003378    00000006                   : gpio.obj (.text:GPIOIntClear)
                  0000337e    00000006                   : gpio.obj (.text:GPIOPinWrite)
                  00003384    00000006                   : sysctl.obj (.text:SysCtlDelay)
                  0000338a    00000006                   : timer.obj (.text:TimerClockSourceSet)
                  00003390    00000006                   : uart.obj (.text:UARTClockSourceSet)
                  00003396    00000004                   : timer.obj (.text:TimerADCEventSet)
                  0000339a    00000004                   : timer.obj (.text:TimerIntClear)
                  0000339e    00000004     rtsv7M4_T_le_v4SPD16_eabi.lib : pre_init.c.obj (.text:_system_pre_init)
                  000033a2    00000004                                   : exit.c.obj (.text:abort:abort)

.const     0    000033a8    000002bc     
                  000033a8    000000d8     driverlib.lib : gpio.obj (.const:g_ppui32GPIOIntMapSnowflake)
                  00003480    000000c0                   : gpio.obj (.const:g_ppui32GPIOIntMapBlizzard)
                  00003540    00000090                   : gpio.obj (.const:g_pui32GPIOBaseAddrs)
                  000035d0    0000006c                   : sysctl.obj (.const:g_pui32Xtals)
                  0000363c    00000014                   : interrupt.obj (.const:g_pui32Dii16Regs)
                  00003650    00000014                   : interrupt.obj (.const:g_pui32EnRegs)

.cinit     0    00003668    00000050     
                  00003668    0000001a     (.cinit..data.load) [load image, compression = lzss]
                  00003682    00000002     --HOLE-- [fill = 0]
                  00003684    0000000c     (__TI_handler_table)
                  00003690    00000008     (.cinit..bss.load) [load image, compression = zero_init]
                  00003698    00000008     (.cinit..vtable.load) [load image, compression = zero_init]
                  000036a0    00000018     (__TI_cinit_table)

.init_array 
*          0    00000000    00000000     UNINITIALIZED

.vtable    0    20000000    0000026c     UNINITIALIZED
                  20000000    0000026c     driverlib.lib : interrupt.obj (.vtable)

.bss       0    2000026c    0000070d     UNINITIALIZED
                  2000026c    000004b0     (.common:list_retards)
                  2000071c    00000230     (.common:listGlobal)
                  2000094c    00000004     (.common:contador)
                  20000950    00000004     (.common:countListRet)
                  20000954    00000004     (.common:dutysList)
                  20000958    00000004     (.common:mitjTemps)
                  2000095c    00000004     (.common:numExp)
                  20000960    00000004     (.common:retardProva)
                  20000964    00000004     (.common:stateTimeCounter)
                  20000968    00000004     (.common:velAnt_N)
                  2000096c    00000004     (.common:velocitatOL)
                  20000970    00000001     (.common:BemfA)
                  20000971    00000001     (.common:BemfB)
                  20000972    00000001     (.common:BemfC)
                  20000973    00000001     (.common:confMode)
                  20000974    00000001     (.common:count)
                  20000975    00000001     (.common:endconfMode)
                  20000976    00000001     (.common:fastComm)
                  20000977    00000001     (.common:readyStab)
                  20000978    00000001     (.common:switch2)

.data      0    20000b80    00000022     UNINITIALIZED
                  20000b80    0000001c     fSW.obj (.data)
                  20000b9c    00000004     fHW.obj (.data)
                  20000ba0    00000002     flash.obj (.data)

.stack     0    20000980    00000200     UNINITIALIZED
                  20000980    00000004     rtsv7M4_T_le_v4SPD16_eabi.lib : boot_cortex_m.c.obj (.stack)
                  20000984    000001fc     --HOLE--

__llvm_prf_cnts 
*          0    20000000    00000000     UNINITIALIZED

MODULE SUMMARY

       Module                         code    ro data   rw data
       ------                         ----    -------   -------
    .\
       fSW.obj                        4588    0         1829   
       initHW.obj                     1788    0         0      
       fHW.obj                        784     0         8      
       tm4c123gh6pm_startup_ccs.obj   12      620       0      
       main.obj                       364     0         0      
       flash.obj                      340     0         2      
    +--+------------------------------+-------+---------+---------+
       Total:                         7876    620       1839   
                                                               
    C:/ti/TivaWare_C_Series-2.2.0.295/driverlib/ccs/Debug/driverlib.lib
       gpio.obj                       830     552       0      
       interrupt.obj                  276     40        620    
       sysctl.obj                     638     108       0      
       adc.obj                        298     0         0      
       timer.obj                      276     0         0      
       pwm.obj                        176     0         0      
       uart.obj                       138     0         0      
       cpu.obj                        12      0         0      
    +--+------------------------------+-------+---------+---------+
       Total:                         2644    700       620    
                                                               
    C:\ti\ccs1240\ccs\tools\compiler\ti-cgt-arm_20.2.7.LTS\lib\rtsv7M4_T_le_v4SPD16_eabi.lib
       fd_add_t2.asm.obj              438     0         0      
       fd_div_t2.asm.obj              310     0         0      
       fd_cmp_t2.asm.obj              268     0         0      
       fd_mul_t2.asm.obj              252     0         0      
       memcpy_t2.asm.obj              156     0         0      
       memset_t2.asm.obj              122     0         0      
       fd_tos_t2.asm.obj              110     0         0      
       copy_decompress_lzss.c.obj     104     0         0      
       autoinit.c.obj                 68      0         0      
       fd_tou_t2.asm.obj              68      0         0      
       fs_tod_t2.asm.obj              56      0         0      
       boot_cortex_m.c.obj            52      0         0      
       u_tofd_t2.asm.obj              32      0         0      
       copy_decompress_none.c.obj     14      0         0      
       copy_zero_init.c.obj           12      0         0      
       exit.c.obj                     4       0         0      
       pre_init.c.obj                 4       0         0      
    +--+------------------------------+-------+---------+---------+
       Total:                         2070    0         0      
                                                               
       Stack:                         0       0         512    
       Linker Generated:              0       78        0      
    +--+------------------------------+-------+---------+---------+
       Grand Total:                   12590   1398      2971   


LINKER GENERATED COPY TABLES

__TI_cinit_table @ 000036a0 records: 3, size/record: 8, table size: 24
	.data: load addr=00003668, load size=0000001a bytes, run addr=20000b80, run size=00000022 bytes, compression=lzss
	.bss: load addr=00003690, load size=00000008 bytes, run addr=2000026c, run size=0000070d bytes, compression=zero_init
	.vtable: load addr=00003698, load size=00000008 bytes, run addr=20000000, run size=0000026c bytes, compression=zero_init


LINKER GENERATED HANDLER TABLE

__TI_handler_table @ 00003684 records: 3, size/record: 4, table size: 12
	index: 0, handler: __TI_zero_init
	index: 1, handler: __TI_decompress_lzss
	index: 2, handler: __TI_decompress_none


GLOBAL SYMBOLS: SORTED ALPHABETICALLY BY Name 

address   name                          
-------   ----                          
00000cd1  ADC1IntHandler                
000032b5  ADCHardwareOversampleConfigure
00003353  ADCIntClear                   
00003285  ADCIntEnable                  
00002de1  ADCSequenceConfigure          
0000312d  ADCSequenceDataGet            
000032c3  ADCSequenceDisable            
000032d1  ADCSequenceEnable             
00002a31  ADCSequenceStepConfigure      
20000b85  Bemf2Detect                   
20000970  BemfA                         
20000971  BemfB                         
20000972  BemfC                         
000033a3  C$$EXIT                       
00003317  CPUcpsie                      
00001bdb  DT                            
000022f5  Flash_Enable                  
00002311  Flash_Erase                   
000023fb  Flash_Read                    
00002375  Flash_Write                   
00000565  Fstate                        
0000309d  GPIODirModeSet                
00003379  GPIOIntClear                  
000032df  GPIOIntDisable                
00003323  GPIOIntEnable                 
000031a1  GPIOIntRegister               
000032ed  GPIOIntStatus                 
00002d89  GPIOIntTypeSet                
0000201d  GPIOPadConfigSet              
00002e31  GPIOPinConfigure              
000031d1  GPIOPinTypeADC                
000031e7  GPIOPinTypeGPIOInput          
00003187  GPIOPinTypeGPIOOutput         
000031fd  GPIOPinTypePWM                
00003213  GPIOPinTypeUART               
0000337f  GPIOPinWrite                  
20000b9e  GPIO_ints                     
00002b95  IntDisable                    
00002bfd  IntEnable                     
00003295  IntMasterEnable               
00003001  IntRegister                   
000011a1  InterruptSendStatusUART       
00000fd5  InterruptTimeChange           
00000d4b  InterruptTimeOut              
000030c9  PWMGenConfigure               
0000332f  PWMGenEnable                  
0000323d  PWMGenPeriodGet               
000032a5  PWMGenPeriodSet               
0000324f  PWMOutputInvert               
00003261  PWMOutputState                
0000314b  PWMPulseWidthGet              
00003169  PWMPulseWidthSet              
00000d9d  PortIntHandler                
00000d07  PotVel                        
0000026d  RdChangeState                 
00003347  ResetISR                      
00001e0f  RstTimeOut                    
00002581  SysCtlClockGet                
00002795  SysCtlClockSet                
00003385  SysCtlDelay                   
00003035  SysCtlPeripheralEnable        
00002f91  SysCtlPeripheralReady         
00001b9f  Timer1AIntHandler_funcioDelay 
00003397  TimerADCEventSet              
000004db  TimerChangeOn                 
0000338b  TimerClockSourceSet           
00002ccd  TimerConfigure                
00002d2d  TimerControlTrigger           
000031b9  TimerDisable                  
000032fb  TimerEnable                   
0000339b  TimerIntClear                 
00003371  TimerIntEnable                
00003273  TimerLoadSet                  
0000335d  TimerValueGet                 
00003367  UARTCharPut                   
00003391  UARTClockSourceSet            
00002e7d  UARTConfigSetExpClk           
000030ed  UARTDisable                   
00003229  UARTEnable                    
00001cab  UARTSend                      
20000b80  __STACK_END                   
00000200  __STACK_SIZE                  
20000b80  __STACK_TOP                   
000036a0  __TI_CINIT_Base               
000036b8  __TI_CINIT_Limit              
00003684  __TI_Handler_Table_Base       
00003690  __TI_Handler_Table_Limit      
00002f09  __TI_auto_init_nobinit_nopinit
00002c65  __TI_decompress_lzss          
00003309  __TI_decompress_none          
ffffffff  __TI_pprof_out_hndl           
ffffffff  __TI_prof_data_size           
ffffffff  __TI_prof_data_start          
00000000  __TI_static_base__            
0000333b  __TI_zero_init                
00002925  __aeabi_cdcmpeq               
00002925  __aeabi_cdcmple               
000029ab  __aeabi_cdrcmple              
00002b25  __aeabi_d2f                   
00002f4d  __aeabi_d2uiz                 
00001e6f  __aeabi_dadd                  
00002449  __aeabi_ddiv                  
00002699  __aeabi_dmul                  
00001e65  __aeabi_dsub                  
00002fc9  __aeabi_f2d                   
00002aab  __aeabi_memclr                
00002aab  __aeabi_memclr4               
00002aab  __aeabi_memclr8               
00002889  __aeabi_memcpy                
00002889  __aeabi_memcpy4               
00002889  __aeabi_memcpy8               
00002aad  __aeabi_memset                
00002aad  __aeabi_memset4               
00002aad  __aeabi_memset8               
0000310d  __aeabi_ui2d                  
ffffffff  __binit__                     
ffffffff  __c_args__                    
UNDEFED   __mpu_init                    
20000980  __stack                       
20000000  __start___llvm_prf_cnts       
20000000  __stop___llvm_prf_cnts        
00003069  _c_int00_noargs               
UNDEFED   _system_post_cinit            
0000339f  _system_pre_init              
20000b9c  a1                            
20000b9d  a2                            
000033a3  abort                         
00001c53  activarADC                    
00001c77  adcChannel                    
00001359  alphaTimeCalc                 
ffffffff  binit                         
000004f9  change2CL                     
00000ee5  changeDuty                    
20000b80  changeState                   
000012a1  chooseBestRet                 
20000973  confMode                      
2000094c  contador                      
00000c95  controlDuty                   
20000974  count                         
20000950  countListRet                  
00001b55  delayms                       
00001c65  desactivarADC                 
20000b88  duty                          
20000b90  dutyFuture                    
20000954  dutysList                     
00001c0f  enableGPIOInt                 
20000975  endconfMode                   
20000976  fastComm                      
20000000  g_pfnRAMVectors               
00000000  g_pfnVectors                  
00001a83  initUART                      
00001a01  init_ADC                      
00001463  init_GPIOs                    
0000159b  init_PWMs                     
00001459  init_clock                    
00001891  init_timers                   
2000071c  listGlobal                    
2000026c  list_retards                  
00002189  main                          
00002889  memcpy                        
00002ab3  memset                        
20000958  mitjTemps                     
000002fb  nState                        
2000095c  numExp                        
20000b8d  ready2detect                  
20000977  readyStab                     
20000960  retardProva                   
20000b84  sentit                        
00000273  setCI                         
00001045  setDelayTimer                 
20000b82  setError                      
00001809  setGPIO                       
00001d39  setOut                        
00001719  setPWM                        
0000168b  setPWMDuty                    
00001657  setPWMfreqk                   
00001d9b  setTimeOut                    
000011f7  sprintfGuillem                
20000b83  state                         
20000964  stateTimeCounter              
20000978  switch2                       
20000b81  switchPressed                 
00001bb3  t0                            
00001bcb  time                          
20000b8c  updateDuty                    
20000b98  valueAnt                      
20000968  velAnt_N                      
20000b94  velocitatAnt                  
2000096c  velocitatOL                   
00001cd3  write                         
00001d09  writeData                     


GLOBAL SYMBOLS: SORTED BY Symbol Address 

address   name                          
-------   ----                          
00000000  __TI_static_base__            
00000000  g_pfnVectors                  
00000200  __STACK_SIZE                  
0000026d  RdChangeState                 
00000273  setCI                         
000002fb  nState                        
000004db  TimerChangeOn                 
000004f9  change2CL                     
00000565  Fstate                        
00000c95  controlDuty                   
00000cd1  ADC1IntHandler                
00000d07  PotVel                        
00000d4b  InterruptTimeOut              
00000d9d  PortIntHandler                
00000ee5  changeDuty                    
00000fd5  InterruptTimeChange           
00001045  setDelayTimer                 
000011a1  InterruptSendStatusUART       
000011f7  sprintfGuillem                
000012a1  chooseBestRet                 
00001359  alphaTimeCalc                 
00001459  init_clock                    
00001463  init_GPIOs                    
0000159b  init_PWMs                     
00001657  setPWMfreqk                   
0000168b  setPWMDuty                    
00001719  setPWM                        
00001809  setGPIO                       
00001891  init_timers                   
00001a01  init_ADC                      
00001a83  initUART                      
00001b55  delayms                       
00001b9f  Timer1AIntHandler_funcioDelay 
00001bb3  t0                            
00001bcb  time                          
00001bdb  DT                            
00001c0f  enableGPIOInt                 
00001c53  activarADC                    
00001c65  desactivarADC                 
00001c77  adcChannel                    
00001cab  UARTSend                      
00001cd3  write                         
00001d09  writeData                     
00001d39  setOut                        
00001d9b  setTimeOut                    
00001e0f  RstTimeOut                    
00001e65  __aeabi_dsub                  
00001e6f  __aeabi_dadd                  
0000201d  GPIOPadConfigSet              
00002189  main                          
000022f5  Flash_Enable                  
00002311  Flash_Erase                   
00002375  Flash_Write                   
000023fb  Flash_Read                    
00002449  __aeabi_ddiv                  
00002581  SysCtlClockGet                
00002699  __aeabi_dmul                  
00002795  SysCtlClockSet                
00002889  __aeabi_memcpy                
00002889  __aeabi_memcpy4               
00002889  __aeabi_memcpy8               
00002889  memcpy                        
00002925  __aeabi_cdcmpeq               
00002925  __aeabi_cdcmple               
000029ab  __aeabi_cdrcmple              
00002a31  ADCSequenceStepConfigure      
00002aab  __aeabi_memclr                
00002aab  __aeabi_memclr4               
00002aab  __aeabi_memclr8               
00002aad  __aeabi_memset                
00002aad  __aeabi_memset4               
00002aad  __aeabi_memset8               
00002ab3  memset                        
00002b25  __aeabi_d2f                   
00002b95  IntDisable                    
00002bfd  IntEnable                     
00002c65  __TI_decompress_lzss          
00002ccd  TimerConfigure                
00002d2d  TimerControlTrigger           
00002d89  GPIOIntTypeSet                
00002de1  ADCSequenceConfigure          
00002e31  GPIOPinConfigure              
00002e7d  UARTConfigSetExpClk           
00002f09  __TI_auto_init_nobinit_nopinit
00002f4d  __aeabi_d2uiz                 
00002f91  SysCtlPeripheralReady         
00002fc9  __aeabi_f2d                   
00003001  IntRegister                   
00003035  SysCtlPeripheralEnable        
00003069  _c_int00_noargs               
0000309d  GPIODirModeSet                
000030c9  PWMGenConfigure               
000030ed  UARTDisable                   
0000310d  __aeabi_ui2d                  
0000312d  ADCSequenceDataGet            
0000314b  PWMPulseWidthGet              
00003169  PWMPulseWidthSet              
00003187  GPIOPinTypeGPIOOutput         
000031a1  GPIOIntRegister               
000031b9  TimerDisable                  
000031d1  GPIOPinTypeADC                
000031e7  GPIOPinTypeGPIOInput          
000031fd  GPIOPinTypePWM                
00003213  GPIOPinTypeUART               
00003229  UARTEnable                    
0000323d  PWMGenPeriodGet               
0000324f  PWMOutputInvert               
00003261  PWMOutputState                
00003273  TimerLoadSet                  
00003285  ADCIntEnable                  
00003295  IntMasterEnable               
000032a5  PWMGenPeriodSet               
000032b5  ADCHardwareOversampleConfigure
000032c3  ADCSequenceDisable            
000032d1  ADCSequenceEnable             
000032df  GPIOIntDisable                
000032ed  GPIOIntStatus                 
000032fb  TimerEnable                   
00003309  __TI_decompress_none          
00003317  CPUcpsie                      
00003323  GPIOIntEnable                 
0000332f  PWMGenEnable                  
0000333b  __TI_zero_init                
00003347  ResetISR                      
00003353  ADCIntClear                   
0000335d  TimerValueGet                 
00003367  UARTCharPut                   
00003371  TimerIntEnable                
00003379  GPIOIntClear                  
0000337f  GPIOPinWrite                  
00003385  SysCtlDelay                   
0000338b  TimerClockSourceSet           
00003391  UARTClockSourceSet            
00003397  TimerADCEventSet              
0000339b  TimerIntClear                 
0000339f  _system_pre_init              
000033a3  C$$EXIT                       
000033a3  abort                         
00003684  __TI_Handler_Table_Base       
00003690  __TI_Handler_Table_Limit      
000036a0  __TI_CINIT_Base               
000036b8  __TI_CINIT_Limit              
20000000  __start___llvm_prf_cnts       
20000000  __stop___llvm_prf_cnts        
20000000  g_pfnRAMVectors               
2000026c  list_retards                  
2000071c  listGlobal                    
2000094c  contador                      
20000950  countListRet                  
20000954  dutysList                     
20000958  mitjTemps                     
2000095c  numExp                        
20000960  retardProva                   
20000964  stateTimeCounter              
20000968  velAnt_N                      
2000096c  velocitatOL                   
20000970  BemfA                         
20000971  BemfB                         
20000972  BemfC                         
20000973  confMode                      
20000974  count                         
20000975  endconfMode                   
20000976  fastComm                      
20000977  readyStab                     
20000978  switch2                       
20000980  __stack                       
20000b80  __STACK_END                   
20000b80  __STACK_TOP                   
20000b80  changeState                   
20000b81  switchPressed                 
20000b82  setError                      
20000b83  state                         
20000b84  sentit                        
20000b85  Bemf2Detect                   
20000b88  duty                          
20000b8c  updateDuty                    
20000b8d  ready2detect                  
20000b90  dutyFuture                    
20000b94  velocitatAnt                  
20000b98  valueAnt                      
20000b9c  a1                            
20000b9d  a2                            
20000b9e  GPIO_ints                     
ffffffff  __TI_pprof_out_hndl           
ffffffff  __TI_prof_data_size           
ffffffff  __TI_prof_data_start          
ffffffff  __binit__                     
ffffffff  __c_args__                    
ffffffff  binit                         
UNDEFED   __mpu_init                    
UNDEFED   _system_post_cinit            

[191 symbols]
