<?xml version="1.0" encoding="ISO-8859-1" ?>
<link_info>
   <banner>TI ARM Linker PC v20.2.7.LTS</banner>
   <copyright>Copyright (c) 1996-2018 Texas Instruments Incorporated</copyright>
   <link_time>0x657cc5fc</link_time>
   <link_errors>0x0</link_errors>
   <output_file>P7_BemfComp2.out</output_file>
   <entry_point>
      <name>_c_int00_noargs</name>
      <address>0x22b9</address>
   </entry_point>
   <input_file_list>
      <input_file id="fl-2">
         <path>.\</path>
         <kind>object</kind>
         <file>fHW.obj</file>
         <name>fHW.obj</name>
      </input_file>
      <input_file id="fl-3">
         <path>.\</path>
         <kind>object</kind>
         <file>fSW.obj</file>
         <name>fSW.obj</name>
      </input_file>
      <input_file id="fl-4">
         <path>.\</path>
         <kind>object</kind>
         <file>initHW.obj</file>
         <name>initHW.obj</name>
      </input_file>
      <input_file id="fl-5">
         <path>.\</path>
         <kind>object</kind>
         <file>main.obj</file>
         <name>main.obj</name>
      </input_file>
      <input_file id="fl-6">
         <path>.\</path>
         <kind>object</kind>
         <file>tm4c123gh6pm_startup_ccs.obj</file>
         <name>tm4c123gh6pm_startup_ccs.obj</name>
      </input_file>
      <input_file id="fl-b">
         <kind>object</kind>
         <file>&lt;internal&gt;</file>
         <name>&lt;internal&gt;</name>
      </input_file>
      <input_file id="fl-c">
         <path>C:\ti\TivaWare_C_Series-2.2.0.295\driverlib\ccs\Debug\</path>
         <kind>archive</kind>
         <file>driverlib.lib</file>
         <name>adc.obj</name>
      </input_file>
      <input_file id="fl-d">
         <path>C:\ti\TivaWare_C_Series-2.2.0.295\driverlib\ccs\Debug\</path>
         <kind>archive</kind>
         <file>driverlib.lib</file>
         <name>gpio.obj</name>
      </input_file>
      <input_file id="fl-e">
         <path>C:\ti\TivaWare_C_Series-2.2.0.295\driverlib\ccs\Debug\</path>
         <kind>archive</kind>
         <file>driverlib.lib</file>
         <name>interrupt.obj</name>
      </input_file>
      <input_file id="fl-f">
         <path>C:\ti\TivaWare_C_Series-2.2.0.295\driverlib\ccs\Debug\</path>
         <kind>archive</kind>
         <file>driverlib.lib</file>
         <name>pwm.obj</name>
      </input_file>
      <input_file id="fl-10">
         <path>C:\ti\TivaWare_C_Series-2.2.0.295\driverlib\ccs\Debug\</path>
         <kind>archive</kind>
         <file>driverlib.lib</file>
         <name>sysctl.obj</name>
      </input_file>
      <input_file id="fl-11">
         <path>C:\ti\TivaWare_C_Series-2.2.0.295\driverlib\ccs\Debug\</path>
         <kind>archive</kind>
         <file>driverlib.lib</file>
         <name>timer.obj</name>
      </input_file>
      <input_file id="fl-12">
         <path>C:\ti\TivaWare_C_Series-2.2.0.295\driverlib\ccs\Debug\</path>
         <kind>archive</kind>
         <file>driverlib.lib</file>
         <name>uart.obj</name>
      </input_file>
      <input_file id="fl-13">
         <path>C:\ti\TivaWare_C_Series-2.2.0.295\driverlib\ccs\Debug\</path>
         <kind>archive</kind>
         <file>driverlib.lib</file>
         <name>cpu.obj</name>
      </input_file>
      <input_file id="fl-c9">
         <path>C:\ti\ccs1240\ccs\tools\compiler\ti-cgt-arm_20.2.7.LTS\lib\</path>
         <kind>archive</kind>
         <file>rtsv7M4_T_le_v4SPD16_eabi.lib</file>
         <name>fd_add_t2.asm.obj</name>
      </input_file>
      <input_file id="fl-ca">
         <path>C:\ti\ccs1240\ccs\tools\compiler\ti-cgt-arm_20.2.7.LTS\lib\</path>
         <kind>archive</kind>
         <file>rtsv7M4_T_le_v4SPD16_eabi.lib</file>
         <name>fd_cmp_t2.asm.obj</name>
      </input_file>
      <input_file id="fl-cb">
         <path>C:\ti\ccs1240\ccs\tools\compiler\ti-cgt-arm_20.2.7.LTS\lib\</path>
         <kind>archive</kind>
         <file>rtsv7M4_T_le_v4SPD16_eabi.lib</file>
         <name>fd_div_t2.asm.obj</name>
      </input_file>
      <input_file id="fl-cc">
         <path>C:\ti\ccs1240\ccs\tools\compiler\ti-cgt-arm_20.2.7.LTS\lib\</path>
         <kind>archive</kind>
         <file>rtsv7M4_T_le_v4SPD16_eabi.lib</file>
         <name>fd_mul_t2.asm.obj</name>
      </input_file>
      <input_file id="fl-cd">
         <path>C:\ti\ccs1240\ccs\tools\compiler\ti-cgt-arm_20.2.7.LTS\lib\</path>
         <kind>archive</kind>
         <file>rtsv7M4_T_le_v4SPD16_eabi.lib</file>
         <name>fd_tos_t2.asm.obj</name>
      </input_file>
      <input_file id="fl-ce">
         <path>C:\ti\ccs1240\ccs\tools\compiler\ti-cgt-arm_20.2.7.LTS\lib\</path>
         <kind>archive</kind>
         <file>rtsv7M4_T_le_v4SPD16_eabi.lib</file>
         <name>fd_tou_t2.asm.obj</name>
      </input_file>
      <input_file id="fl-cf">
         <path>C:\ti\ccs1240\ccs\tools\compiler\ti-cgt-arm_20.2.7.LTS\lib\</path>
         <kind>archive</kind>
         <file>rtsv7M4_T_le_v4SPD16_eabi.lib</file>
         <name>fs_tod_t2.asm.obj</name>
      </input_file>
      <input_file id="fl-d0">
         <path>C:\ti\ccs1240\ccs\tools\compiler\ti-cgt-arm_20.2.7.LTS\lib\</path>
         <kind>archive</kind>
         <file>rtsv7M4_T_le_v4SPD16_eabi.lib</file>
         <name>u_tofd_t2.asm.obj</name>
      </input_file>
      <input_file id="fl-d1">
         <path>C:\ti\ccs1240\ccs\tools\compiler\ti-cgt-arm_20.2.7.LTS\lib\</path>
         <kind>archive</kind>
         <file>rtsv7M4_T_le_v4SPD16_eabi.lib</file>
         <name>copy_zero_init.c.obj</name>
      </input_file>
      <input_file id="fl-d2">
         <path>C:\ti\ccs1240\ccs\tools\compiler\ti-cgt-arm_20.2.7.LTS\lib\</path>
         <kind>archive</kind>
         <file>rtsv7M4_T_le_v4SPD16_eabi.lib</file>
         <name>copy_decompress_none.c.obj</name>
      </input_file>
      <input_file id="fl-d3">
         <path>C:\ti\ccs1240\ccs\tools\compiler\ti-cgt-arm_20.2.7.LTS\lib\</path>
         <kind>archive</kind>
         <file>rtsv7M4_T_le_v4SPD16_eabi.lib</file>
         <name>copy_decompress_lzss.c.obj</name>
      </input_file>
      <input_file id="fl-d4">
         <path>C:\ti\ccs1240\ccs\tools\compiler\ti-cgt-arm_20.2.7.LTS\lib\</path>
         <kind>archive</kind>
         <file>rtsv7M4_T_le_v4SPD16_eabi.lib</file>
         <name>boot_cortex_m.c.obj</name>
      </input_file>
      <input_file id="fl-d5">
         <path>C:\ti\ccs1240\ccs\tools\compiler\ti-cgt-arm_20.2.7.LTS\lib\</path>
         <kind>archive</kind>
         <file>rtsv7M4_T_le_v4SPD16_eabi.lib</file>
         <name>memcpy_t2.asm.obj</name>
      </input_file>
      <input_file id="fl-d6">
         <path>C:\ti\ccs1240\ccs\tools\compiler\ti-cgt-arm_20.2.7.LTS\lib\</path>
         <kind>archive</kind>
         <file>rtsv7M4_T_le_v4SPD16_eabi.lib</file>
         <name>memset_t2.asm.obj</name>
      </input_file>
      <input_file id="fl-d7">
         <path>C:\ti\ccs1240\ccs\tools\compiler\ti-cgt-arm_20.2.7.LTS\lib\</path>
         <kind>archive</kind>
         <file>rtsv7M4_T_le_v4SPD16_eabi.lib</file>
         <name>autoinit.c.obj</name>
      </input_file>
      <input_file id="fl-d8">
         <path>C:\ti\ccs1240\ccs\tools\compiler\ti-cgt-arm_20.2.7.LTS\lib\</path>
         <kind>archive</kind>
         <file>rtsv7M4_T_le_v4SPD16_eabi.lib</file>
         <name>pre_init.c.obj</name>
      </input_file>
      <input_file id="fl-d9">
         <path>C:\ti\ccs1240\ccs\tools\compiler\ti-cgt-arm_20.2.7.LTS\lib\</path>
         <kind>archive</kind>
         <file>rtsv7M4_T_le_v4SPD16_eabi.lib</file>
         <name>cpy_tbl.c.obj</name>
      </input_file>
      <input_file id="fl-da">
         <path>C:\ti\ccs1240\ccs\tools\compiler\ti-cgt-arm_20.2.7.LTS\lib\</path>
         <kind>archive</kind>
         <file>rtsv7M4_T_le_v4SPD16_eabi.lib</file>
         <name>exit.c.obj</name>
      </input_file>
      <input_file id="fl-db">
         <path>C:\ti\ccs1240\ccs\tools\compiler\ti-cgt-arm_20.2.7.LTS\lib\</path>
         <kind>archive</kind>
         <file>rtsv7M4_T_le_v4SPD16_eabi.lib</file>
         <name>_lock.c.obj</name>
      </input_file>
      <input_file id="fl-dc">
         <path>C:\ti\ccs1240\ccs\tools\compiler\ti-cgt-arm_20.2.7.LTS\lib\</path>
         <kind>archive</kind>
         <file>rtsv7M4_T_le_v4SPD16_eabi.lib</file>
         <name>args_main.c.obj</name>
      </input_file>
   </input_file_list>
   <object_component_list>
      <object_component id="oc-12">
         <name>.intvecs</name>
         <load_address>0x0</load_address>
         <run_address>0x0</run_address>
         <size>0x26c</size>
         <input_file_ref idref="fl-6"/>
      </object_component>
      <object_component id="oc-db">
         <name>.text</name>
         <load_address>0x26c</load_address>
         <run_address>0x26c</run_address>
         <size>0x8e0</size>
         <input_file_ref idref="fl-3"/>
      </object_component>
      <object_component id="oc-c9">
         <name>.text</name>
         <load_address>0xb4c</load_address>
         <run_address>0xb4c</run_address>
         <size>0x6cc</size>
         <input_file_ref idref="fl-4"/>
      </object_component>
      <object_component id="oc-d5">
         <name>.text</name>
         <load_address>0x1218</load_address>
         <run_address>0x1218</run_address>
         <size>0x274</size>
         <input_file_ref idref="fl-2"/>
      </object_component>
      <object_component id="oc-25b">
         <name>.text</name>
         <load_address>0x148c</load_address>
         <run_address>0x148c</run_address>
         <size>0x1b6</size>
         <input_file_ref idref="fl-c9"/>
      </object_component>
      <object_component id="oc-14c">
         <name>.text:GPIOPadConfigSet</name>
         <load_address>0x1644</load_address>
         <run_address>0x1644</run_address>
         <size>0x16c</size>
         <input_file_ref idref="fl-d"/>
      </object_component>
      <object_component id="oc-256">
         <name>.text</name>
         <load_address>0x17b0</load_address>
         <run_address>0x17b0</run_address>
         <size>0x136</size>
         <input_file_ref idref="fl-cb"/>
      </object_component>
      <object_component id="oc-281">
         <name>.text</name>
         <load_address>0x18e6</load_address>
         <run_address>0x18e6</run_address>
         <size>0xfc</size>
         <input_file_ref idref="fl-cc"/>
      </object_component>
      <object_component id="oc-122">
         <name>.text:SysCtlClockSet</name>
         <load_address>0x19e4</load_address>
         <run_address>0x19e4</run_address>
         <size>0xf4</size>
         <input_file_ref idref="fl-10"/>
      </object_component>
      <object_component id="oc-3b">
         <name>.text</name>
         <load_address>0x1ad8</load_address>
         <run_address>0x1ad8</run_address>
         <size>0x9c</size>
         <input_file_ref idref="fl-d5"/>
      </object_component>
      <object_component id="oc-286">
         <name>.text:__aeabi_cdcmple</name>
         <load_address>0x1b74</load_address>
         <run_address>0x1b74</run_address>
         <size>0x86</size>
         <input_file_ref idref="fl-ca"/>
      </object_component>
      <object_component id="oc-187">
         <name>.text:__aeabi_cdrcmple</name>
         <load_address>0x1bfa</load_address>
         <run_address>0x1bfa</run_address>
         <size>0x86</size>
         <input_file_ref idref="fl-ca"/>
      </object_component>
      <object_component id="oc-9b">
         <name>.text</name>
         <load_address>0x1c80</load_address>
         <run_address>0x1c80</run_address>
         <size>0x7c</size>
         <input_file_ref idref="fl-5"/>
      </object_component>
      <object_component id="oc-1e6">
         <name>.text:ADCSequenceStepConfigure</name>
         <load_address>0x1cfc</load_address>
         <run_address>0x1cfc</run_address>
         <size>0x7a</size>
         <input_file_ref idref="fl-c"/>
      </object_component>
      <object_component id="oc-260">
         <name>.text</name>
         <load_address>0x1d76</load_address>
         <run_address>0x1d76</run_address>
         <size>0x6e</size>
         <input_file_ref idref="fl-cd"/>
      </object_component>
      <object_component id="oc-224">
         <name>.text:IntDisable</name>
         <load_address>0x1de4</load_address>
         <run_address>0x1de4</run_address>
         <size>0x68</size>
         <input_file_ref idref="fl-e"/>
      </object_component>
      <object_component id="oc-164">
         <name>.text:IntEnable</name>
         <load_address>0x1e4c</load_address>
         <run_address>0x1e4c</run_address>
         <size>0x68</size>
         <input_file_ref idref="fl-e"/>
      </object_component>
      <object_component id="oc-15">
         <name>.text:decompress:lzss:__TI_decompress_lzss</name>
         <load_address>0x1eb4</load_address>
         <run_address>0x1eb4</run_address>
         <size>0x68</size>
         <input_file_ref idref="fl-d3"/>
      </object_component>
      <object_component id="oc-1aa">
         <name>.text:TimerConfigure</name>
         <load_address>0x1f1c</load_address>
         <run_address>0x1f1c</run_address>
         <size>0x60</size>
         <input_file_ref idref="fl-11"/>
      </object_component>
      <object_component id="oc-1c8">
         <name>.text:TimerControlTrigger</name>
         <load_address>0x1f7c</load_address>
         <run_address>0x1f7c</run_address>
         <size>0x5c</size>
         <input_file_ref idref="fl-11"/>
      </object_component>
      <object_component id="oc-158">
         <name>.text:GPIOIntTypeSet</name>
         <load_address>0x1fd8</load_address>
         <run_address>0x1fd8</run_address>
         <size>0x58</size>
         <input_file_ref idref="fl-d"/>
      </object_component>
      <object_component id="oc-1e0">
         <name>.text:ADCSequenceConfigure</name>
         <load_address>0x2030</load_address>
         <run_address>0x2030</run_address>
         <size>0x4e</size>
         <input_file_ref idref="fl-c"/>
      </object_component>
      <object_component id="oc-134">
         <name>.text:GPIOPinConfigure</name>
         <load_address>0x2080</load_address>
         <run_address>0x2080</run_address>
         <size>0x4c</size>
         <input_file_ref idref="fl-d"/>
      </object_component>
      <object_component id="oc-20a">
         <name>.text:UARTConfigSetExpClk</name>
         <load_address>0x20cc</load_address>
         <run_address>0x20cc</run_address>
         <size>0x46</size>
         <input_file_ref idref="fl-12"/>
      </object_component>
      <object_component id="oc-2ca">
         <name>.text:_GPIOIntNumberGet</name>
         <load_address>0x2114</load_address>
         <run_address>0x2114</run_address>
         <size>0x44</size>
         <input_file_ref idref="fl-d"/>
      </object_component>
      <object_component id="oc-ee">
         <name>.text:__TI_auto_init_nobinit_nopinit:__TI_auto_init_nobinit_nopinit</name>
         <load_address>0x2158</load_address>
         <run_address>0x2158</run_address>
         <size>0x44</size>
         <input_file_ref idref="fl-d7"/>
      </object_component>
      <object_component id="oc-28b">
         <name>.text</name>
         <load_address>0x219c</load_address>
         <run_address>0x219c</run_address>
         <size>0x44</size>
         <input_file_ref idref="fl-ce"/>
      </object_component>
      <object_component id="oc-12e">
         <name>.text:SysCtlPeripheralReady</name>
         <load_address>0x21e0</load_address>
         <run_address>0x21e0</run_address>
         <size>0x38</size>
         <input_file_ref idref="fl-10"/>
      </object_component>
      <object_component id="oc-182">
         <name>.text</name>
         <load_address>0x2218</load_address>
         <run_address>0x2218</run_address>
         <size>0x38</size>
         <input_file_ref idref="fl-cf"/>
      </object_component>
      <object_component id="oc-1b6">
         <name>.text:IntRegister</name>
         <load_address>0x2250</load_address>
         <run_address>0x2250</run_address>
         <size>0x34</size>
         <input_file_ref idref="fl-e"/>
      </object_component>
      <object_component id="oc-128">
         <name>.text:SysCtlPeripheralEnable</name>
         <load_address>0x2284</load_address>
         <run_address>0x2284</run_address>
         <size>0x34</size>
         <input_file_ref idref="fl-10"/>
      </object_component>
      <object_component id="oc-59">
         <name>.text:_c_int00_noargs:_c_int00_noargs</name>
         <load_address>0x22b8</load_address>
         <run_address>0x22b8</run_address>
         <size>0x34</size>
         <input_file_ref idref="fl-d4"/>
      </object_component>
      <object_component id="oc-2c0">
         <name>.text:GPIODirModeSet</name>
         <load_address>0x22ec</load_address>
         <run_address>0x22ec</run_address>
         <size>0x2c</size>
         <input_file_ref idref="fl-d"/>
      </object_component>
      <object_component id="oc-16a">
         <name>.text:PWMGenConfigure</name>
         <load_address>0x2318</load_address>
         <run_address>0x2318</run_address>
         <size>0x22</size>
         <input_file_ref idref="fl-f"/>
      </object_component>
      <object_component id="oc-2fa">
         <name>.text:UARTDisable</name>
         <load_address>0x233c</load_address>
         <run_address>0x233c</run_address>
         <size>0x20</size>
         <input_file_ref idref="fl-12"/>
      </object_component>
      <object_component id="oc-27c">
         <name>.text</name>
         <load_address>0x235c</load_address>
         <run_address>0x235c</run_address>
         <size>0x20</size>
         <input_file_ref idref="fl-d0"/>
      </object_component>
      <object_component id="oc-250">
         <name>.text:ADCSequenceDataGet</name>
         <load_address>0x237c</load_address>
         <run_address>0x237c</run_address>
         <size>0x1e</size>
         <input_file_ref idref="fl-c"/>
      </object_component>
      <object_component id="oc-276">
         <name>.text:PWMPulseWidthGet</name>
         <load_address>0x239a</load_address>
         <run_address>0x239a</run_address>
         <size>0x1e</size>
         <input_file_ref idref="fl-f"/>
      </object_component>
      <object_component id="oc-176">
         <name>.text:PWMPulseWidthSet</name>
         <load_address>0x23b8</load_address>
         <run_address>0x23b8</run_address>
         <size>0x1e</size>
         <input_file_ref idref="fl-f"/>
      </object_component>
      <object_component id="oc-47">
         <name>.text:decompress:ZI:__TI_zero_init_nomemset:__TI_zero_init_nomemset</name>
         <load_address>0x23d6</load_address>
         <run_address>0x23d6</run_address>
         <size>0x1c</size>
         <input_file_ref idref="fl-d1"/>
      </object_component>
      <object_component id="oc-140">
         <name>.text:GPIOPinTypeGPIOOutput</name>
         <load_address>0x23f2</load_address>
         <run_address>0x23f2</run_address>
         <size>0x1a</size>
         <input_file_ref idref="fl-d"/>
      </object_component>
      <object_component id="oc-24a">
         <name>.text:ADCProcessorTrigger</name>
         <load_address>0x240c</load_address>
         <run_address>0x240c</run_address>
         <size>0x18</size>
         <input_file_ref idref="fl-c"/>
      </object_component>
      <object_component id="oc-152">
         <name>.text:GPIOIntRegister</name>
         <load_address>0x2424</load_address>
         <run_address>0x2424</run_address>
         <size>0x18</size>
         <input_file_ref idref="fl-d"/>
      </object_component>
      <object_component id="oc-21e">
         <name>.text:TimerDisable</name>
         <load_address>0x243c</load_address>
         <run_address>0x243c</run_address>
         <size>0x18</size>
         <input_file_ref idref="fl-11"/>
      </object_component>
      <object_component id="oc-1ce">
         <name>.text:GPIOPinTypeADC</name>
         <load_address>0x2454</load_address>
         <run_address>0x2454</run_address>
         <size>0x16</size>
         <input_file_ref idref="fl-d"/>
      </object_component>
      <object_component id="oc-146">
         <name>.text:GPIOPinTypeGPIOInput</name>
         <load_address>0x246a</load_address>
         <run_address>0x246a</run_address>
         <size>0x16</size>
         <input_file_ref idref="fl-d"/>
      </object_component>
      <object_component id="oc-13a">
         <name>.text:GPIOPinTypePWM</name>
         <load_address>0x2480</load_address>
         <run_address>0x2480</run_address>
         <size>0x16</size>
         <input_file_ref idref="fl-d"/>
      </object_component>
      <object_component id="oc-1fe">
         <name>.text:GPIOPinTypeUART</name>
         <load_address>0x2496</load_address>
         <run_address>0x2496</run_address>
         <size>0x16</size>
         <input_file_ref idref="fl-d"/>
      </object_component>
      <object_component id="oc-300">
         <name>.text:UARTEnable</name>
         <load_address>0x24ac</load_address>
         <run_address>0x24ac</run_address>
         <size>0x14</size>
         <input_file_ref idref="fl-12"/>
      </object_component>
      <object_component id="oc-18c">
         <name>.text:PWMGenPeriodGet</name>
         <load_address>0x24c0</load_address>
         <run_address>0x24c0</run_address>
         <size>0x12</size>
         <input_file_ref idref="fl-f"/>
      </object_component>
      <object_component id="oc-192">
         <name>.text:PWMOutputInvert</name>
         <load_address>0x24d2</load_address>
         <run_address>0x24d2</run_address>
         <size>0x12</size>
         <input_file_ref idref="fl-f"/>
      </object_component>
      <object_component id="oc-198">
         <name>.text:PWMOutputState</name>
         <load_address>0x24e4</load_address>
         <run_address>0x24e4</run_address>
         <size>0x12</size>
         <input_file_ref idref="fl-f"/>
      </object_component>
      <object_component id="oc-1b0">
         <name>.text:TimerLoadSet</name>
         <load_address>0x24f6</load_address>
         <run_address>0x24f6</run_address>
         <size>0x12</size>
         <input_file_ref idref="fl-11"/>
      </object_component>
      <object_component id="oc-1f8">
         <name>.text:ADCIntEnable</name>
         <load_address>0x2508</load_address>
         <run_address>0x2508</run_address>
         <size>0x10</size>
         <input_file_ref idref="fl-c"/>
      </object_component>
      <object_component id="oc-cf">
         <name>.text:IntMasterEnable</name>
         <load_address>0x2518</load_address>
         <run_address>0x2518</run_address>
         <size>0x10</size>
         <input_file_ref idref="fl-e"/>
      </object_component>
      <object_component id="oc-170">
         <name>.text:PWMGenPeriodSet</name>
         <load_address>0x2528</load_address>
         <run_address>0x2528</run_address>
         <size>0x10</size>
         <input_file_ref idref="fl-f"/>
      </object_component>
      <object_component id="oc-1d4">
         <name>.text:ADCHardwareOversampleConfigure</name>
         <load_address>0x2538</load_address>
         <run_address>0x2538</run_address>
         <size>0xe</size>
         <input_file_ref idref="fl-c"/>
      </object_component>
      <object_component id="oc-1da">
         <name>.text:ADCSequenceDisable</name>
         <load_address>0x2546</load_address>
         <run_address>0x2546</run_address>
         <size>0xe</size>
         <input_file_ref idref="fl-c"/>
      </object_component>
      <object_component id="oc-1ec">
         <name>.text:ADCSequenceEnable</name>
         <load_address>0x2554</load_address>
         <run_address>0x2554</run_address>
         <size>0xe</size>
         <input_file_ref idref="fl-c"/>
      </object_component>
      <object_component id="oc-236">
         <name>.text:GPIOIntDisable</name>
         <load_address>0x2562</load_address>
         <run_address>0x2562</run_address>
         <size>0xe</size>
         <input_file_ref idref="fl-d"/>
      </object_component>
      <object_component id="oc-269">
         <name>.text:GPIOIntStatus</name>
         <load_address>0x2570</load_address>
         <run_address>0x2570</run_address>
         <size>0xe</size>
         <input_file_ref idref="fl-d"/>
      </object_component>
      <object_component id="oc-218">
         <name>.text:TimerEnable</name>
         <load_address>0x257e</load_address>
         <run_address>0x257e</run_address>
         <size>0xe</size>
         <input_file_ref idref="fl-11"/>
      </object_component>
      <object_component id="oc-1b">
         <name>.text:decompress:none:__TI_decompress_none</name>
         <load_address>0x258c</load_address>
         <run_address>0x258c</run_address>
         <size>0xe</size>
         <input_file_ref idref="fl-d2"/>
      </object_component>
      <object_component id="oc-211">
         <name>.text:CPUcpsie</name>
         <load_address>0x259a</load_address>
         <run_address>0x259a</run_address>
         <size>0xc</size>
         <input_file_ref idref="fl-13"/>
      </object_component>
      <object_component id="oc-15e">
         <name>.text:GPIOIntEnable</name>
         <load_address>0x25a6</load_address>
         <run_address>0x25a6</run_address>
         <size>0xc</size>
         <input_file_ref idref="fl-d"/>
      </object_component>
      <object_component id="oc-17c">
         <name>.text:PWMGenEnable</name>
         <load_address>0x25b2</load_address>
         <run_address>0x25b2</run_address>
         <size>0xc</size>
         <input_file_ref idref="fl-f"/>
      </object_component>
      <object_component id="oc-27">
         <name>.text</name>
         <load_address>0x25be</load_address>
         <run_address>0x25be</run_address>
         <size>0xc</size>
         <input_file_ref idref="fl-6"/>
      </object_component>
      <object_component id="oc-1f2">
         <name>.text:ADCIntClear</name>
         <load_address>0x25ca</load_address>
         <run_address>0x25ca</run_address>
         <size>0xa</size>
         <input_file_ref idref="fl-c"/>
      </object_component>
      <object_component id="oc-230">
         <name>.text:TimerValueGet</name>
         <load_address>0x25d4</load_address>
         <run_address>0x25d4</run_address>
         <size>0xa</size>
         <input_file_ref idref="fl-11"/>
      </object_component>
      <object_component id="oc-23c">
         <name>.text:UARTCharPut</name>
         <load_address>0x25de</load_address>
         <run_address>0x25de</run_address>
         <size>0xa</size>
         <input_file_ref idref="fl-12"/>
      </object_component>
      <object_component id="oc-1bc">
         <name>.text:TimerIntEnable</name>
         <load_address>0x25e8</load_address>
         <run_address>0x25e8</run_address>
         <size>0x8</size>
         <input_file_ref idref="fl-11"/>
      </object_component>
      <object_component id="oc-26f">
         <name>.text:GPIOIntClear</name>
         <load_address>0x25f0</load_address>
         <run_address>0x25f0</run_address>
         <size>0x6</size>
         <input_file_ref idref="fl-d"/>
      </object_component>
      <object_component id="oc-19e">
         <name>.text:GPIOPinWrite</name>
         <load_address>0x25f6</load_address>
         <run_address>0x25f6</run_address>
         <size>0x6</size>
         <input_file_ref idref="fl-d"/>
      </object_component>
      <object_component id="oc-2b1">
         <name>.text:SysCtlDelay</name>
         <load_address>0x25fc</load_address>
         <run_address>0x25fc</run_address>
         <size>0x6</size>
         <input_file_ref idref="fl-10"/>
      </object_component>
      <object_component id="oc-1a4">
         <name>.text:TimerClockSourceSet</name>
         <load_address>0x2602</load_address>
         <run_address>0x2602</run_address>
         <size>0x6</size>
         <input_file_ref idref="fl-11"/>
      </object_component>
      <object_component id="oc-204">
         <name>.text:UARTClockSourceSet</name>
         <load_address>0x2608</load_address>
         <run_address>0x2608</run_address>
         <size>0x6</size>
         <input_file_ref idref="fl-12"/>
      </object_component>
      <object_component id="oc-1c2">
         <name>.text:TimerADCEventSet</name>
         <load_address>0x260e</load_address>
         <run_address>0x260e</run_address>
         <size>0x4</size>
         <input_file_ref idref="fl-11"/>
      </object_component>
      <object_component id="oc-22a">
         <name>.text:TimerIntClear</name>
         <load_address>0x2612</load_address>
         <run_address>0x2612</run_address>
         <size>0x4</size>
         <input_file_ref idref="fl-11"/>
      </object_component>
      <object_component id="oc-95">
         <name>.text:_system_pre_init</name>
         <load_address>0x2616</load_address>
         <run_address>0x2616</run_address>
         <size>0x4</size>
         <input_file_ref idref="fl-d8"/>
      </object_component>
      <object_component id="oc-e2">
         <name>.text:abort:abort</name>
         <load_address>0x261a</load_address>
         <run_address>0x261a</run_address>
         <size>0x4</size>
         <input_file_ref idref="fl-da"/>
      </object_component>
      <object_component id="oc-362">
         <name>.const:g_ppui32GPIOIntMapSnowflake</name>
         <load_address>0x2620</load_address>
         <run_address>0x2620</run_address>
         <size>0xd8</size>
         <input_file_ref idref="fl-d"/>
      </object_component>
      <object_component id="oc-35f">
         <name>.const:g_ppui32GPIOIntMapBlizzard</name>
         <load_address>0x26f8</load_address>
         <run_address>0x26f8</run_address>
         <size>0xc0</size>
         <input_file_ref idref="fl-d"/>
      </object_component>
      <object_component id="oc-2bb">
         <name>.const:g_pui32GPIOBaseAddrs</name>
         <load_address>0x27b8</load_address>
         <run_address>0x27b8</run_address>
         <size>0x90</size>
         <input_file_ref idref="fl-d"/>
      </object_component>
      <object_component id="oc-30a">
         <name>.const:g_pui32Dii16Regs</name>
         <load_address>0x2848</load_address>
         <run_address>0x2848</run_address>
         <size>0x14</size>
         <input_file_ref idref="fl-e"/>
      </object_component>
      <object_component id="oc-2d3">
         <name>.const:g_pui32EnRegs</name>
         <load_address>0x285c</load_address>
         <run_address>0x285c</run_address>
         <size>0x14</size>
         <input_file_ref idref="fl-e"/>
      </object_component>
      <object_component id="oc-3b7">
         <name>.cinit..data.load</name>
         <load_address>0x2870</load_address>
         <run_address>0x2870</run_address>
         <size>0x25</size>
      </object_component>
      <object_component id="oc-3b4">
         <name>__TI_handler_table</name>
         <load_address>0x2898</load_address>
         <run_address>0x2898</run_address>
         <size>0xc</size>
      </object_component>
      <object_component id="oc-3b8">
         <name>.cinit..bss.load</name>
         <load_address>0x28a8</load_address>
         <run_address>0x28a8</run_address>
         <size>0x8</size>
      </object_component>
      <object_component id="oc-3b6">
         <name>.cinit..vtable.load</name>
         <load_address>0x28b0</load_address>
         <run_address>0x28b0</run_address>
         <size>0x8</size>
      </object_component>
      <object_component id="oc-3b5">
         <name>__TI_cinit_table</name>
         <load_address>0x28b8</load_address>
         <run_address>0x28b8</run_address>
         <size>0x18</size>
      </object_component>
      <object_component id="oc-2e7">
         <name>.vtable</name>
         <uninitialized>true</uninitialized>
         <run_address>0x20000000</run_address>
         <size>0x26c</size>
         <input_file_ref idref="fl-e"/>
      </object_component>
      <object_component id="oc-243">
         <name>.data</name>
         <load_address>0x200004a0</load_address>
         <run_address>0x200004a0</run_address>
         <size>0xc</size>
         <input_file_ref idref="fl-2"/>
      </object_component>
      <object_component id="oc-247">
         <name>.data</name>
         <load_address>0x20000470</load_address>
         <run_address>0x20000470</run_address>
         <size>0x30</size>
         <input_file_ref idref="fl-3"/>
      </object_component>
      <object_component id="oc-242">
         <name>.common:contador</name>
         <uninitialized>true</uninitialized>
         <run_address>0x200004b0</run_address>
         <size>0x4</size>
      </object_component>
      <object_component id="oc-265">
         <name>.common:Velocity</name>
         <uninitialized>true</uninitialized>
         <run_address>0x200004ac</run_address>
         <size>0x4</size>
      </object_component>
      <object_component id="oc-275">
         <name>.common:referenceADC</name>
         <uninitialized>true</uninitialized>
         <run_address>0x200004b4</run_address>
         <size>0x4</size>
      </object_component>
      <object_component id="oc-268">
         <name>.common:velocitatAnt</name>
         <uninitialized>true</uninitialized>
         <run_address>0x200004b8</run_address>
         <size>0x4</size>
      </object_component>
      <object_component id="oc-24">
         <name>.stack</name>
         <uninitialized>true</uninitialized>
         <run_address>0x20000270</run_address>
         <size>0x4</size>
         <input_file_ref idref="fl-d4"/>
      </object_component>
      <object_component id="oc-3ba">
         <name>.stack</name>
         <uninitialized>true</uninitialized>
         <run_address>0x20000270</run_address>
         <size>0x0</size>
      </object_component>
      <object_component id="oc-b7">
         <name>.debug_info</name>
         <load_address>0x0</load_address>
         <run_address>0x0</run_address>
         <size>0x5fb</size>
         <input_file_ref idref="fl-2"/>
      </object_component>
      <object_component id="oc-244">
         <name>.debug_info</name>
         <load_address>0x5fb</load_address>
         <run_address>0x5fb</run_address>
         <size>0x199</size>
         <input_file_ref idref="fl-2"/>
      </object_component>
      <object_component id="oc-d6">
         <name>.debug_info</name>
         <load_address>0x794</load_address>
         <run_address>0x794</run_address>
         <size>0x955</size>
         <input_file_ref idref="fl-2"/>
      </object_component>
      <object_component id="oc-70">
         <name>.debug_info</name>
         <load_address>0x10e9</load_address>
         <run_address>0x10e9</run_address>
         <size>0x26b</size>
         <input_file_ref idref="fl-2"/>
      </object_component>
      <object_component id="oc-b2">
         <name>.debug_info</name>
         <load_address>0x1354</load_address>
         <run_address>0x1354</run_address>
         <size>0x8b</size>
         <input_file_ref idref="fl-2"/>
      </object_component>
      <object_component id="oc-ad">
         <name>.debug_info</name>
         <load_address>0x13df</load_address>
         <run_address>0x13df</run_address>
         <size>0x2a4</size>
         <input_file_ref idref="fl-2"/>
      </object_component>
      <object_component id="oc-75">
         <name>.debug_info</name>
         <load_address>0x1683</load_address>
         <run_address>0x1683</run_address>
         <size>0xbb</size>
         <input_file_ref idref="fl-2"/>
      </object_component>
      <object_component id="oc-266">
         <name>.debug_info</name>
         <load_address>0x173e</load_address>
         <run_address>0x173e</run_address>
         <size>0x764</size>
         <input_file_ref idref="fl-3"/>
      </object_component>
      <object_component id="oc-248">
         <name>.debug_info</name>
         <load_address>0x1ea2</load_address>
         <run_address>0x1ea2</run_address>
         <size>0x3a7</size>
         <input_file_ref idref="fl-3"/>
      </object_component>
      <object_component id="oc-dc">
         <name>.debug_info</name>
         <load_address>0x2249</load_address>
         <run_address>0x2249</run_address>
         <size>0xd4c</size>
         <input_file_ref idref="fl-3"/>
      </object_component>
      <object_component id="oc-ca">
         <name>.debug_info</name>
         <load_address>0x2f95</load_address>
         <run_address>0x2f95</run_address>
         <size>0x118f</size>
         <input_file_ref idref="fl-4"/>
      </object_component>
      <object_component id="oc-9c">
         <name>.debug_info</name>
         <load_address>0x4124</load_address>
         <run_address>0x4124</run_address>
         <size>0x236</size>
         <input_file_ref idref="fl-5"/>
      </object_component>
      <object_component id="oc-2f">
         <name>.debug_info</name>
         <load_address>0x435a</load_address>
         <run_address>0x435a</run_address>
         <size>0x2e0</size>
         <input_file_ref idref="fl-6"/>
      </object_component>
      <object_component id="oc-13">
         <name>.debug_info</name>
         <load_address>0x463a</load_address>
         <run_address>0x463a</run_address>
         <size>0x11f</size>
         <input_file_ref idref="fl-6"/>
      </object_component>
      <object_component id="oc-2a">
         <name>.debug_info</name>
         <load_address>0x4759</load_address>
         <run_address>0x4759</run_address>
         <size>0x29b</size>
         <input_file_ref idref="fl-6"/>
      </object_component>
      <object_component id="oc-36">
         <name>.debug_info</name>
         <load_address>0x49f4</load_address>
         <run_address>0x49f4</run_address>
         <size>0x84</size>
         <input_file_ref idref="fl-6"/>
      </object_component>
      <object_component id="oc-2f0">
         <name>.debug_info</name>
         <load_address>0x4a78</load_address>
         <run_address>0x4a78</run_address>
         <size>0x3ba</size>
         <input_file_ref idref="fl-c"/>
      </object_component>
      <object_component id="oc-1e8">
         <name>.debug_info</name>
         <load_address>0x4e32</load_address>
         <run_address>0x4e32</run_address>
         <size>0x33c</size>
         <input_file_ref idref="fl-c"/>
      </object_component>
      <object_component id="oc-1ed">
         <name>.debug_info</name>
         <load_address>0x516e</load_address>
         <run_address>0x516e</run_address>
         <size>0x2a9</size>
         <input_file_ref idref="fl-c"/>
      </object_component>
      <object_component id="oc-1db">
         <name>.debug_info</name>
         <load_address>0x5417</load_address>
         <run_address>0x5417</run_address>
         <size>0x2ab</size>
         <input_file_ref idref="fl-c"/>
      </object_component>
      <object_component id="oc-251">
         <name>.debug_info</name>
         <load_address>0x56c2</load_address>
         <run_address>0x56c2</run_address>
         <size>0x308</size>
         <input_file_ref idref="fl-c"/>
      </object_component>
      <object_component id="oc-1e1">
         <name>.debug_info</name>
         <load_address>0x59ca</load_address>
         <run_address>0x59ca</run_address>
         <size>0x32f</size>
         <input_file_ref idref="fl-c"/>
      </object_component>
      <object_component id="oc-24c">
         <name>.debug_info</name>
         <load_address>0x5cf9</load_address>
         <run_address>0x5cf9</run_address>
         <size>0x2ad</size>
         <input_file_ref idref="fl-c"/>
      </object_component>
      <object_component id="oc-1fa">
         <name>.debug_info</name>
         <load_address>0x5fa6</load_address>
         <run_address>0x5fa6</run_address>
         <size>0x29f</size>
         <input_file_ref idref="fl-c"/>
      </object_component>
      <object_component id="oc-1f4">
         <name>.debug_info</name>
         <load_address>0x6245</load_address>
         <run_address>0x6245</run_address>
         <size>0x29d</size>
         <input_file_ref idref="fl-c"/>
      </object_component>
      <object_component id="oc-1d6">
         <name>.debug_info</name>
         <load_address>0x64e2</load_address>
         <run_address>0x64e2</run_address>
         <size>0x2ca</size>
         <input_file_ref idref="fl-c"/>
      </object_component>
      <object_component id="oc-355">
         <name>.debug_info</name>
         <load_address>0x67ac</load_address>
         <run_address>0x67ac</run_address>
         <size>0x26b</size>
         <input_file_ref idref="fl-c"/>
      </object_component>
      <object_component id="oc-345">
         <name>.debug_info</name>
         <load_address>0x6a17</load_address>
         <run_address>0x6a17</run_address>
         <size>0x297</size>
         <input_file_ref idref="fl-c"/>
      </object_component>
      <object_component id="oc-350">
         <name>.debug_info</name>
         <load_address>0x6cae</load_address>
         <run_address>0x6cae</run_address>
         <size>0xef</size>
         <input_file_ref idref="fl-c"/>
      </object_component>
      <object_component id="oc-2b3">
         <name>.debug_info</name>
         <load_address>0x6d9d</load_address>
         <run_address>0x6d9d</run_address>
         <size>0xbb</size>
         <input_file_ref idref="fl-c"/>
      </object_component>
      <object_component id="oc-2bf">
         <name>.debug_info</name>
         <load_address>0x6e58</load_address>
         <run_address>0x6e58</run_address>
         <size>0x3e4</size>
         <input_file_ref idref="fl-d"/>
      </object_component>
      <object_component id="oc-360">
         <name>.debug_info</name>
         <load_address>0x723c</load_address>
         <run_address>0x723c</run_address>
         <size>0x170</size>
         <input_file_ref idref="fl-d"/>
      </object_component>
      <object_component id="oc-363">
         <name>.debug_info</name>
         <load_address>0x73ac</load_address>
         <run_address>0x73ac</run_address>
         <size>0x172</size>
         <input_file_ref idref="fl-d"/>
      </object_component>
      <object_component id="oc-2bc">
         <name>.debug_info</name>
         <load_address>0x751e</load_address>
         <run_address>0x751e</run_address>
         <size>0x164</size>
         <input_file_ref idref="fl-d"/>
      </object_component>
      <object_component id="oc-19f">
         <name>.debug_info</name>
         <load_address>0x7682</load_address>
         <run_address>0x7682</run_address>
         <size>0x2ac</size>
         <input_file_ref idref="fl-d"/>
      </object_component>
      <object_component id="oc-2c1">
         <name>.debug_info</name>
         <load_address>0x792e</load_address>
         <run_address>0x792e</run_address>
         <size>0x2bc</size>
         <input_file_ref idref="fl-d"/>
      </object_component>
      <object_component id="oc-14d">
         <name>.debug_info</name>
         <load_address>0x7bea</load_address>
         <run_address>0x7bea</run_address>
         <size>0x31f</size>
         <input_file_ref idref="fl-d"/>
      </object_component>
      <object_component id="oc-1ff">
         <name>.debug_info</name>
         <load_address>0x7f09</load_address>
         <run_address>0x7f09</run_address>
         <size>0x29b</size>
         <input_file_ref idref="fl-d"/>
      </object_component>
      <object_component id="oc-13b">
         <name>.debug_info</name>
         <load_address>0x81a4</load_address>
         <run_address>0x81a4</run_address>
         <size>0x299</size>
         <input_file_ref idref="fl-d"/>
      </object_component>
      <object_component id="oc-141">
         <name>.debug_info</name>
         <load_address>0x843d</load_address>
         <run_address>0x843d</run_address>
         <size>0x2c0</size>
         <input_file_ref idref="fl-d"/>
      </object_component>
      <object_component id="oc-147">
         <name>.debug_info</name>
         <load_address>0x86fd</load_address>
         <run_address>0x86fd</run_address>
         <size>0x2a5</size>
         <input_file_ref idref="fl-d"/>
      </object_component>
      <object_component id="oc-1cf">
         <name>.debug_info</name>
         <load_address>0x89a2</load_address>
         <run_address>0x89a2</run_address>
         <size>0x299</size>
         <input_file_ref idref="fl-d"/>
      </object_component>
      <object_component id="oc-135">
         <name>.debug_info</name>
         <load_address>0x8c3b</load_address>
         <run_address>0x8c3b</run_address>
         <size>0x289</size>
         <input_file_ref idref="fl-d"/>
      </object_component>
      <object_component id="oc-2cc">
         <name>.debug_info</name>
         <load_address>0x8ec4</load_address>
         <run_address>0x8ec4</run_address>
         <size>0x2a1</size>
         <input_file_ref idref="fl-d"/>
      </object_component>
      <object_component id="oc-159">
         <name>.debug_info</name>
         <load_address>0x9165</load_address>
         <run_address>0x9165</run_address>
         <size>0x2c4</size>
         <input_file_ref idref="fl-d"/>
      </object_component>
      <object_component id="oc-26a">
         <name>.debug_info</name>
         <load_address>0x9429</load_address>
         <run_address>0x9429</run_address>
         <size>0x288</size>
         <input_file_ref idref="fl-d"/>
      </object_component>
      <object_component id="oc-153">
         <name>.debug_info</name>
         <load_address>0x96b1</load_address>
         <run_address>0x96b1</run_address>
         <size>0x2d8</size>
         <input_file_ref idref="fl-d"/>
      </object_component>
      <object_component id="oc-15f">
         <name>.debug_info</name>
         <load_address>0x9989</load_address>
         <run_address>0x9989</run_address>
         <size>0x298</size>
         <input_file_ref idref="fl-d"/>
      </object_component>
      <object_component id="oc-237">
         <name>.debug_info</name>
         <load_address>0x9c21</load_address>
         <run_address>0x9c21</run_address>
         <size>0x29a</size>
         <input_file_ref idref="fl-d"/>
      </object_component>
      <object_component id="oc-270">
         <name>.debug_info</name>
         <load_address>0x9ebb</load_address>
         <run_address>0x9ebb</run_address>
         <size>0x296</size>
         <input_file_ref idref="fl-d"/>
      </object_component>
      <object_component id="oc-2d7">
         <name>.debug_info</name>
         <load_address>0xa151</load_address>
         <run_address>0xa151</run_address>
         <size>0x3b7</size>
         <input_file_ref idref="fl-e"/>
      </object_component>
      <object_component id="oc-2d4">
         <name>.debug_info</name>
         <load_address>0xa508</load_address>
         <run_address>0xa508</run_address>
         <size>0x15b</size>
         <input_file_ref idref="fl-e"/>
      </object_component>
      <object_component id="oc-30b">
         <name>.debug_info</name>
         <load_address>0xa663</load_address>
         <run_address>0xa663</run_address>
         <size>0x161</size>
         <input_file_ref idref="fl-e"/>
      </object_component>
      <object_component id="oc-2e8">
         <name>.debug_info</name>
         <load_address>0xa7c4</load_address>
         <run_address>0xa7c4</run_address>
         <size>0x160</size>
         <input_file_ref idref="fl-e"/>
      </object_component>
      <object_component id="oc-1b7">
         <name>.debug_info</name>
         <load_address>0xa924</load_address>
         <run_address>0xa924</run_address>
         <size>0x2ca</size>
         <input_file_ref idref="fl-e"/>
      </object_component>
      <object_component id="oc-d2">
         <name>.debug_info</name>
         <load_address>0xabee</load_address>
         <run_address>0xabee</run_address>
         <size>0x247</size>
         <input_file_ref idref="fl-e"/>
      </object_component>
      <object_component id="oc-166">
         <name>.debug_info</name>
         <load_address>0xae35</load_address>
         <run_address>0xae35</run_address>
         <size>0x271</size>
         <input_file_ref idref="fl-e"/>
      </object_component>
      <object_component id="oc-226">
         <name>.debug_info</name>
         <load_address>0xb0a6</load_address>
         <run_address>0xb0a6</run_address>
         <size>0x273</size>
         <input_file_ref idref="fl-e"/>
      </object_component>
      <object_component id="oc-2d9">
         <name>.debug_info</name>
         <load_address>0xb319</load_address>
         <run_address>0xb319</run_address>
         <size>0x396</size>
         <input_file_ref idref="fl-f"/>
      </object_component>
      <object_component id="oc-178">
         <name>.debug_info</name>
         <load_address>0xb6af</load_address>
         <run_address>0xb6af</run_address>
         <size>0x2ff</size>
         <input_file_ref idref="fl-f"/>
      </object_component>
      <object_component id="oc-278">
         <name>.debug_info</name>
         <load_address>0xb9ae</load_address>
         <run_address>0xb9ae</run_address>
         <size>0x2e6</size>
         <input_file_ref idref="fl-f"/>
      </object_component>
      <object_component id="oc-19a">
         <name>.debug_info</name>
         <load_address>0xbc94</load_address>
         <run_address>0xbc94</run_address>
         <size>0x2cd</size>
         <input_file_ref idref="fl-f"/>
      </object_component>
      <object_component id="oc-194">
         <name>.debug_info</name>
         <load_address>0xbf61</load_address>
         <run_address>0xbf61</run_address>
         <size>0x2cf</size>
         <input_file_ref idref="fl-f"/>
      </object_component>
      <object_component id="oc-172">
         <name>.debug_info</name>
         <load_address>0xc230</load_address>
         <run_address>0xc230</run_address>
         <size>0x2bf</size>
         <input_file_ref idref="fl-f"/>
      </object_component>
      <object_component id="oc-18e">
         <name>.debug_info</name>
         <load_address>0xc4ef</load_address>
         <run_address>0xc4ef</run_address>
         <size>0x289</size>
         <input_file_ref idref="fl-f"/>
      </object_component>
      <object_component id="oc-17d">
         <name>.debug_info</name>
         <load_address>0xc778</load_address>
         <run_address>0xc778</run_address>
         <size>0x27f</size>
         <input_file_ref idref="fl-f"/>
      </object_component>
      <object_component id="oc-16b">
         <name>.debug_info</name>
         <load_address>0xc9f7</load_address>
         <run_address>0xc9f7</run_address>
         <size>0x2bc</size>
         <input_file_ref idref="fl-f"/>
      </object_component>
      <object_component id="oc-2b8">
         <name>.debug_info</name>
         <load_address>0xccb3</load_address>
         <run_address>0xccb3</run_address>
         <size>0x441</size>
         <input_file_ref idref="fl-10"/>
      </object_component>
      <object_component id="oc-130">
         <name>.debug_info</name>
         <load_address>0xd0f4</load_address>
         <run_address>0xd0f4</run_address>
         <size>0x288</size>
         <input_file_ref idref="fl-10"/>
      </object_component>
      <object_component id="oc-12a">
         <name>.debug_info</name>
         <load_address>0xd37c</load_address>
         <run_address>0xd37c</run_address>
         <size>0x286</size>
         <input_file_ref idref="fl-10"/>
      </object_component>
      <object_component id="oc-124">
         <name>.debug_info</name>
         <load_address>0xd602</load_address>
         <run_address>0xd602</run_address>
         <size>0x2e4</size>
         <input_file_ref idref="fl-10"/>
      </object_component>
      <object_component id="oc-34c">
         <name>.debug_info</name>
         <load_address>0xd8e6</load_address>
         <run_address>0xd8e6</run_address>
         <size>0x51</size>
         <input_file_ref idref="fl-10"/>
      </object_component>
      <object_component id="oc-2e4">
         <name>.debug_info</name>
         <load_address>0xd937</load_address>
         <run_address>0xd937</run_address>
         <size>0x3c7</size>
         <input_file_ref idref="fl-11"/>
      </object_component>
      <object_component id="oc-233">
         <name>.debug_info</name>
         <load_address>0xdcfe</load_address>
         <run_address>0xdcfe</run_address>
         <size>0x293</size>
         <input_file_ref idref="fl-11"/>
      </object_component>
      <object_component id="oc-1b3">
         <name>.debug_info</name>
         <load_address>0xdf91</load_address>
         <run_address>0xdf91</run_address>
         <size>0x2c3</size>
         <input_file_ref idref="fl-11"/>
      </object_component>
      <object_component id="oc-1bf">
         <name>.debug_info</name>
         <load_address>0xe254</load_address>
         <run_address>0xe254</run_address>
         <size>0x29d</size>
         <input_file_ref idref="fl-11"/>
      </object_component>
      <object_component id="oc-22d">
         <name>.debug_info</name>
         <load_address>0xe4f1</load_address>
         <run_address>0xe4f1</run_address>
         <size>0x29b</size>
         <input_file_ref idref="fl-11"/>
      </object_component>
      <object_component id="oc-21b">
         <name>.debug_info</name>
         <load_address>0xe78c</load_address>
         <run_address>0xe78c</run_address>
         <size>0x288</size>
         <input_file_ref idref="fl-11"/>
      </object_component>
      <object_component id="oc-220">
         <name>.debug_info</name>
         <load_address>0xea14</load_address>
         <run_address>0xea14</run_address>
         <size>0x28a</size>
         <input_file_ref idref="fl-11"/>
      </object_component>
      <object_component id="oc-1ca">
         <name>.debug_info</name>
         <load_address>0xec9e</load_address>
         <run_address>0xec9e</run_address>
         <size>0x2e0</size>
         <input_file_ref idref="fl-11"/>
      </object_component>
      <object_component id="oc-1ab">
         <name>.debug_info</name>
         <load_address>0xef7e</load_address>
         <run_address>0xef7e</run_address>
         <size>0x295</size>
         <input_file_ref idref="fl-11"/>
      </object_component>
      <object_component id="oc-1a5">
         <name>.debug_info</name>
         <load_address>0xf213</load_address>
         <run_address>0xf213</run_address>
         <size>0x29f</size>
         <input_file_ref idref="fl-11"/>
      </object_component>
      <object_component id="oc-1c4">
         <name>.debug_info</name>
         <load_address>0xf4b2</load_address>
         <run_address>0xf4b2</run_address>
         <size>0x2a1</size>
         <input_file_ref idref="fl-11"/>
      </object_component>
      <object_component id="oc-2f9">
         <name>.debug_info</name>
         <load_address>0xf753</load_address>
         <run_address>0xf753</run_address>
         <size>0x3cb</size>
         <input_file_ref idref="fl-12"/>
      </object_component>
      <object_component id="oc-301">
         <name>.debug_info</name>
         <load_address>0xfb1e</load_address>
         <run_address>0xfb1e</run_address>
         <size>0x250</size>
         <input_file_ref idref="fl-12"/>
      </object_component>
      <object_component id="oc-2fb">
         <name>.debug_info</name>
         <load_address>0xfd6e</load_address>
         <run_address>0xfd6e</run_address>
         <size>0x252</size>
         <input_file_ref idref="fl-12"/>
      </object_component>
      <object_component id="oc-20c">
         <name>.debug_info</name>
         <load_address>0xffc0</load_address>
         <run_address>0xffc0</run_address>
         <size>0x32f</size>
         <input_file_ref idref="fl-12"/>
      </object_component>
      <object_component id="oc-205">
         <name>.debug_info</name>
         <load_address>0x102ef</load_address>
         <run_address>0x102ef</run_address>
         <size>0x29a</size>
         <input_file_ref idref="fl-12"/>
      </object_component>
      <object_component id="oc-23e">
         <name>.debug_info</name>
         <load_address>0x10589</load_address>
         <run_address>0x10589</run_address>
         <size>0x27c</size>
         <input_file_ref idref="fl-12"/>
      </object_component>
      <object_component id="oc-212">
         <name>.debug_info</name>
         <load_address>0x10805</load_address>
         <run_address>0x10805</run_address>
         <size>0x21b</size>
         <input_file_ref idref="fl-13"/>
      </object_component>
      <object_component id="oc-25d">
         <name>.debug_info</name>
         <load_address>0x10a20</load_address>
         <run_address>0x10a20</run_address>
         <size>0x14c</size>
         <input_file_ref idref="fl-c9"/>
      </object_component>
      <object_component id="oc-289">
         <name>.debug_info</name>
         <load_address>0x10b6c</load_address>
         <run_address>0x10b6c</run_address>
         <size>0x128</size>
         <input_file_ref idref="fl-ca"/>
      </object_component>
      <object_component id="oc-189">
         <name>.debug_info</name>
         <load_address>0x10c94</load_address>
         <run_address>0x10c94</run_address>
         <size>0x12a</size>
         <input_file_ref idref="fl-ca"/>
      </object_component>
      <object_component id="oc-258">
         <name>.debug_info</name>
         <load_address>0x10dbe</load_address>
         <run_address>0x10dbe</run_address>
         <size>0x13a</size>
         <input_file_ref idref="fl-cb"/>
      </object_component>
      <object_component id="oc-282">
         <name>.debug_info</name>
         <load_address>0x10ef8</load_address>
         <run_address>0x10ef8</run_address>
         <size>0x13a</size>
         <input_file_ref idref="fl-cc"/>
      </object_component>
      <object_component id="oc-261">
         <name>.debug_info</name>
         <load_address>0x11032</load_address>
         <run_address>0x11032</run_address>
         <size>0x13e</size>
         <input_file_ref idref="fl-cd"/>
      </object_component>
      <object_component id="oc-28c">
         <name>.debug_info</name>
         <load_address>0x11170</load_address>
         <run_address>0x11170</run_address>
         <size>0x139</size>
         <input_file_ref idref="fl-ce"/>
      </object_component>
      <object_component id="oc-184">
         <name>.debug_info</name>
         <load_address>0x112a9</load_address>
         <run_address>0x112a9</run_address>
         <size>0x12c</size>
         <input_file_ref idref="fl-cf"/>
      </object_component>
      <object_component id="oc-27d">
         <name>.debug_info</name>
         <load_address>0x113d5</load_address>
         <run_address>0x113d5</run_address>
         <size>0x12e</size>
         <input_file_ref idref="fl-d0"/>
      </object_component>
      <object_component id="oc-8e">
         <name>.debug_info</name>
         <load_address>0x11503</load_address>
         <run_address>0x11503</run_address>
         <size>0x2d4</size>
         <input_file_ref idref="fl-d1"/>
      </object_component>
      <object_component id="oc-4a">
         <name>.debug_info</name>
         <load_address>0x117d7</load_address>
         <run_address>0x117d7</run_address>
         <size>0x1d2</size>
         <input_file_ref idref="fl-d1"/>
      </object_component>
      <object_component id="oc-89">
         <name>.debug_info</name>
         <load_address>0x119a9</load_address>
         <run_address>0x119a9</run_address>
         <size>0x46</size>
         <input_file_ref idref="fl-d1"/>
      </object_component>
      <object_component id="oc-c0">
         <name>.debug_info</name>
         <load_address>0x119ef</load_address>
         <run_address>0x119ef</run_address>
         <size>0x2c</size>
         <input_file_ref idref="fl-d1"/>
      </object_component>
      <object_component id="oc-46">
         <name>.debug_info</name>
         <load_address>0x11a1b</load_address>
         <run_address>0x11a1b</run_address>
         <size>0x2a8</size>
         <input_file_ref idref="fl-d2"/>
      </object_component>
      <object_component id="oc-1c">
         <name>.debug_info</name>
         <load_address>0x11cc3</load_address>
         <run_address>0x11cc3</run_address>
         <size>0x1ea</size>
         <input_file_ref idref="fl-d2"/>
      </object_component>
      <object_component id="oc-41">
         <name>.debug_info</name>
         <load_address>0x11ead</load_address>
         <run_address>0x11ead</run_address>
         <size>0x46</size>
         <input_file_ref idref="fl-d2"/>
      </object_component>
      <object_component id="oc-81">
         <name>.debug_info</name>
         <load_address>0x11ef3</load_address>
         <run_address>0x11ef3</run_address>
         <size>0x2c</size>
         <input_file_ref idref="fl-d2"/>
      </object_component>
      <object_component id="oc-7f">
         <name>.debug_info</name>
         <load_address>0x11f1f</load_address>
         <run_address>0x11f1f</run_address>
         <size>0x29e</size>
         <input_file_ref idref="fl-d3"/>
      </object_component>
      <object_component id="oc-18">
         <name>.debug_info</name>
         <load_address>0x121bd</load_address>
         <run_address>0x121bd</run_address>
         <size>0x250</size>
         <input_file_ref idref="fl-d3"/>
      </object_component>
      <object_component id="oc-31">
         <name>.debug_info</name>
         <load_address>0x1240d</load_address>
         <run_address>0x1240d</run_address>
         <size>0x60</size>
         <input_file_ref idref="fl-d3"/>
      </object_component>
      <object_component id="oc-b9">
         <name>.debug_info</name>
         <load_address>0x1246d</load_address>
         <run_address>0x1246d</run_address>
         <size>0x46</size>
         <input_file_ref idref="fl-d3"/>
      </object_component>
      <object_component id="oc-7a">
         <name>.debug_info</name>
         <load_address>0x124b3</load_address>
         <run_address>0x124b3</run_address>
         <size>0x39</size>
         <input_file_ref idref="fl-d3"/>
      </object_component>
      <object_component id="oc-25">
         <name>.debug_info</name>
         <load_address>0x124ec</load_address>
         <run_address>0x124ec</run_address>
         <size>0x10b</size>
         <input_file_ref idref="fl-d4"/>
      </object_component>
      <object_component id="oc-5b">
         <name>.debug_info</name>
         <load_address>0x125f7</load_address>
         <run_address>0x125f7</run_address>
         <size>0x1a9</size>
         <input_file_ref idref="fl-d4"/>
      </object_component>
      <object_component id="oc-3c">
         <name>.debug_info</name>
         <load_address>0x127a0</load_address>
         <run_address>0x127a0</run_address>
         <size>0x119</size>
         <input_file_ref idref="fl-d5"/>
      </object_component>
      <object_component id="oc-29c">
         <name>.debug_info</name>
         <load_address>0x128b9</load_address>
         <run_address>0x128b9</run_address>
         <size>0x4b3</size>
         <input_file_ref idref="fl-d7"/>
      </object_component>
      <object_component id="oc-ef">
         <name>.debug_info</name>
         <load_address>0x12d6c</load_address>
         <run_address>0x12d6c</run_address>
         <size>0x1a6</size>
         <input_file_ref idref="fl-d7"/>
      </object_component>
      <object_component id="oc-334">
         <name>.debug_info</name>
         <load_address>0x12f12</load_address>
         <run_address>0x12f12</run_address>
         <size>0x39</size>
         <input_file_ref idref="fl-d7"/>
      </object_component>
      <object_component id="oc-37b">
         <name>.debug_info</name>
         <load_address>0x12f4b</load_address>
         <run_address>0x12f4b</run_address>
         <size>0x39</size>
         <input_file_ref idref="fl-d7"/>
      </object_component>
      <object_component id="oc-339">
         <name>.debug_info</name>
         <load_address>0x12f84</load_address>
         <run_address>0x12f84</run_address>
         <size>0x39</size>
         <input_file_ref idref="fl-d7"/>
      </object_component>
      <object_component id="oc-33e">
         <name>.debug_info</name>
         <load_address>0x12fbd</load_address>
         <run_address>0x12fbd</run_address>
         <size>0xcd</size>
         <input_file_ref idref="fl-d7"/>
      </object_component>
      <object_component id="oc-98">
         <name>.debug_info</name>
         <load_address>0x1308a</load_address>
         <run_address>0x1308a</run_address>
         <size>0x153</size>
         <input_file_ref idref="fl-d8"/>
      </object_component>
      <object_component id="oc-e5">
         <name>.debug_info</name>
         <load_address>0x131dd</load_address>
         <run_address>0x131dd</run_address>
         <size>0x122</size>
         <input_file_ref idref="fl-da"/>
      </object_component>
      <object_component id="oc-3bb">
         <name>.debug_info</name>
         <load_address>0x132ff</load_address>
         <run_address>0x132ff</run_address>
         <size>0xd2</size>
      </object_component>
      <object_component id="oc-121">
         <name>.debug_line</name>
         <load_address>0x0</load_address>
         <run_address>0x0</run_address>
         <size>0x14e</size>
         <input_file_ref idref="fl-2"/>
      </object_component>
      <object_component id="oc-313">
         <name>.debug_line</name>
         <load_address>0x14e</load_address>
         <run_address>0x14e</run_address>
         <size>0x2c</size>
         <input_file_ref idref="fl-2"/>
      </object_component>
      <object_component id="oc-d9">
         <name>.debug_line</name>
         <load_address>0x17a</load_address>
         <run_address>0x17a</run_address>
         <size>0x1eb</size>
         <input_file_ref idref="fl-2"/>
      </object_component>
      <object_component id="oc-73">
         <name>.debug_line</name>
         <load_address>0x365</load_address>
         <run_address>0x365</run_address>
         <size>0x6f</size>
         <input_file_ref idref="fl-2"/>
      </object_component>
      <object_component id="oc-b5">
         <name>.debug_line</name>
         <load_address>0x3d4</load_address>
         <run_address>0x3d4</run_address>
         <size>0x20</size>
         <input_file_ref idref="fl-2"/>
      </object_component>
      <object_component id="oc-b0">
         <name>.debug_line</name>
         <load_address>0x3f4</load_address>
         <run_address>0x3f4</run_address>
         <size>0x73</size>
         <input_file_ref idref="fl-2"/>
      </object_component>
      <object_component id="oc-78">
         <name>.debug_line</name>
         <load_address>0x467</load_address>
         <run_address>0x467</run_address>
         <size>0x70</size>
         <input_file_ref idref="fl-2"/>
      </object_component>
      <object_component id="oc-31c">
         <name>.debug_line</name>
         <load_address>0x4d7</load_address>
         <run_address>0x4d7</run_address>
         <size>0x14a</size>
         <input_file_ref idref="fl-3"/>
      </object_component>
      <object_component id="oc-315">
         <name>.debug_line</name>
         <load_address>0x621</load_address>
         <run_address>0x621</run_address>
         <size>0x2c</size>
         <input_file_ref idref="fl-3"/>
      </object_component>
      <object_component id="oc-e0">
         <name>.debug_line</name>
         <load_address>0x64d</load_address>
         <run_address>0x64d</run_address>
         <size>0x34e</size>
         <input_file_ref idref="fl-3"/>
      </object_component>
      <object_component id="oc-ce">
         <name>.debug_line</name>
         <load_address>0x99b</load_address>
         <run_address>0x99b</run_address>
         <size>0x271</size>
         <input_file_ref idref="fl-4"/>
      </object_component>
      <object_component id="oc-9f">
         <name>.debug_line</name>
         <load_address>0xc0c</load_address>
         <run_address>0xc0c</run_address>
         <size>0x5d</size>
         <input_file_ref idref="fl-5"/>
      </object_component>
      <object_component id="oc-6f">
         <name>.debug_line</name>
         <load_address>0xc69</load_address>
         <run_address>0xc69</run_address>
         <size>0x41</size>
         <input_file_ref idref="fl-6"/>
      </object_component>
      <object_component id="oc-2e">
         <name>.debug_line</name>
         <load_address>0xcaa</load_address>
         <run_address>0xcaa</run_address>
         <size>0x41</size>
         <input_file_ref idref="fl-6"/>
      </object_component>
      <object_component id="oc-29">
         <name>.debug_line</name>
         <load_address>0xceb</load_address>
         <run_address>0xceb</run_address>
         <size>0xa1</size>
         <input_file_ref idref="fl-6"/>
      </object_component>
      <object_component id="oc-39">
         <name>.debug_line</name>
         <load_address>0xd8c</load_address>
         <run_address>0xd8c</run_address>
         <size>0x20</size>
         <input_file_ref idref="fl-6"/>
      </object_component>
      <object_component id="oc-371">
         <name>.debug_line</name>
         <load_address>0xdac</load_address>
         <run_address>0xdac</run_address>
         <size>0x82</size>
         <input_file_ref idref="fl-c"/>
      </object_component>
      <object_component id="oc-1eb">
         <name>.debug_line</name>
         <load_address>0xe2e</load_address>
         <run_address>0xe2e</run_address>
         <size>0xa7</size>
         <input_file_ref idref="fl-c"/>
      </object_component>
      <object_component id="oc-1f0">
         <name>.debug_line</name>
         <load_address>0xed5</load_address>
         <run_address>0xed5</run_address>
         <size>0x91</size>
         <input_file_ref idref="fl-c"/>
      </object_component>
      <object_component id="oc-1de">
         <name>.debug_line</name>
         <load_address>0xf66</load_address>
         <run_address>0xf66</run_address>
         <size>0x91</size>
         <input_file_ref idref="fl-c"/>
      </object_component>
      <object_component id="oc-254">
         <name>.debug_line</name>
         <load_address>0xff7</load_address>
         <run_address>0xff7</run_address>
         <size>0x9c</size>
         <input_file_ref idref="fl-c"/>
      </object_component>
      <object_component id="oc-1e4">
         <name>.debug_line</name>
         <load_address>0x1093</load_address>
         <run_address>0x1093</run_address>
         <size>0xa4</size>
         <input_file_ref idref="fl-c"/>
      </object_component>
      <object_component id="oc-24b">
         <name>.debug_line</name>
         <load_address>0x1137</load_address>
         <run_address>0x1137</run_address>
         <size>0x91</size>
         <input_file_ref idref="fl-c"/>
      </object_component>
      <object_component id="oc-1f9">
         <name>.debug_line</name>
         <load_address>0x11c8</load_address>
         <run_address>0x11c8</run_address>
         <size>0x92</size>
         <input_file_ref idref="fl-c"/>
      </object_component>
      <object_component id="oc-1f3">
         <name>.debug_line</name>
         <load_address>0x125a</load_address>
         <run_address>0x125a</run_address>
         <size>0x91</size>
         <input_file_ref idref="fl-c"/>
      </object_component>
      <object_component id="oc-1d5">
         <name>.debug_line</name>
         <load_address>0x12eb</load_address>
         <run_address>0x12eb</run_address>
         <size>0x9b</size>
         <input_file_ref idref="fl-c"/>
      </object_component>
      <object_component id="oc-358">
         <name>.debug_line</name>
         <load_address>0x1386</load_address>
         <run_address>0x1386</run_address>
         <size>0x71</size>
         <input_file_ref idref="fl-c"/>
      </object_component>
      <object_component id="oc-348">
         <name>.debug_line</name>
         <load_address>0x13f7</load_address>
         <run_address>0x13f7</run_address>
         <size>0x75</size>
         <input_file_ref idref="fl-c"/>
      </object_component>
      <object_component id="oc-353">
         <name>.debug_line</name>
         <load_address>0x146c</load_address>
         <run_address>0x146c</run_address>
         <size>0x71</size>
         <input_file_ref idref="fl-c"/>
      </object_component>
      <object_component id="oc-2b6">
         <name>.debug_line</name>
         <load_address>0x14dd</load_address>
         <run_address>0x14dd</run_address>
         <size>0x72</size>
         <input_file_ref idref="fl-c"/>
      </object_component>
      <object_component id="oc-35d">
         <name>.debug_line</name>
         <load_address>0x154f</load_address>
         <run_address>0x154f</run_address>
         <size>0x82</size>
         <input_file_ref idref="fl-d"/>
      </object_component>
      <object_component id="oc-388">
         <name>.debug_line</name>
         <load_address>0x15d1</load_address>
         <run_address>0x15d1</run_address>
         <size>0x7d</size>
         <input_file_ref idref="fl-d"/>
      </object_component>
      <object_component id="oc-38a">
         <name>.debug_line</name>
         <load_address>0x164e</load_address>
         <run_address>0x164e</run_address>
         <size>0x7d</size>
         <input_file_ref idref="fl-d"/>
      </object_component>
      <object_component id="oc-35b">
         <name>.debug_line</name>
         <load_address>0x16cb</load_address>
         <run_address>0x16cb</run_address>
         <size>0x7d</size>
         <input_file_ref idref="fl-d"/>
      </object_component>
      <object_component id="oc-1a2">
         <name>.debug_line</name>
         <load_address>0x1748</load_address>
         <run_address>0x1748</run_address>
         <size>0x92</size>
         <input_file_ref idref="fl-d"/>
      </object_component>
      <object_component id="oc-2c4">
         <name>.debug_line</name>
         <load_address>0x17da</load_address>
         <run_address>0x17da</run_address>
         <size>0x95</size>
         <input_file_ref idref="fl-d"/>
      </object_component>
      <object_component id="oc-150">
         <name>.debug_line</name>
         <load_address>0x186f</load_address>
         <run_address>0x186f</run_address>
         <size>0xc4</size>
         <input_file_ref idref="fl-d"/>
      </object_component>
      <object_component id="oc-202">
         <name>.debug_line</name>
         <load_address>0x1933</load_address>
         <run_address>0x1933</run_address>
         <size>0x99</size>
         <input_file_ref idref="fl-d"/>
      </object_component>
      <object_component id="oc-13e">
         <name>.debug_line</name>
         <load_address>0x19cc</load_address>
         <run_address>0x19cc</run_address>
         <size>0x99</size>
         <input_file_ref idref="fl-d"/>
      </object_component>
      <object_component id="oc-144">
         <name>.debug_line</name>
         <load_address>0x1a65</load_address>
         <run_address>0x1a65</run_address>
         <size>0x99</size>
         <input_file_ref idref="fl-d"/>
      </object_component>
      <object_component id="oc-14a">
         <name>.debug_line</name>
         <load_address>0x1afe</load_address>
         <run_address>0x1afe</run_address>
         <size>0x99</size>
         <input_file_ref idref="fl-d"/>
      </object_component>
      <object_component id="oc-1d2">
         <name>.debug_line</name>
         <load_address>0x1b97</load_address>
         <run_address>0x1b97</run_address>
         <size>0x99</size>
         <input_file_ref idref="fl-d"/>
      </object_component>
      <object_component id="oc-138">
         <name>.debug_line</name>
         <load_address>0x1c30</load_address>
         <run_address>0x1c30</run_address>
         <size>0xa7</size>
         <input_file_ref idref="fl-d"/>
      </object_component>
      <object_component id="oc-2cb">
         <name>.debug_line</name>
         <load_address>0x1cd7</load_address>
         <run_address>0x1cd7</run_address>
         <size>0xa6</size>
         <input_file_ref idref="fl-d"/>
      </object_component>
      <object_component id="oc-15c">
         <name>.debug_line</name>
         <load_address>0x1d7d</load_address>
         <run_address>0x1d7d</run_address>
         <size>0x95</size>
         <input_file_ref idref="fl-d"/>
      </object_component>
      <object_component id="oc-26e">
         <name>.debug_line</name>
         <load_address>0x1e12</load_address>
         <run_address>0x1e12</run_address>
         <size>0x92</size>
         <input_file_ref idref="fl-d"/>
      </object_component>
      <object_component id="oc-156">
         <name>.debug_line</name>
         <load_address>0x1ea4</load_address>
         <run_address>0x1ea4</run_address>
         <size>0x99</size>
         <input_file_ref idref="fl-d"/>
      </object_component>
      <object_component id="oc-163">
         <name>.debug_line</name>
         <load_address>0x1f3d</load_address>
         <run_address>0x1f3d</run_address>
         <size>0x92</size>
         <input_file_ref idref="fl-d"/>
      </object_component>
      <object_component id="oc-23a">
         <name>.debug_line</name>
         <load_address>0x1fcf</load_address>
         <run_address>0x1fcf</run_address>
         <size>0x92</size>
         <input_file_ref idref="fl-d"/>
      </object_component>
      <object_component id="oc-273">
         <name>.debug_line</name>
         <load_address>0x2061</load_address>
         <run_address>0x2061</run_address>
         <size>0x92</size>
         <input_file_ref idref="fl-d"/>
      </object_component>
      <object_component id="oc-369">
         <name>.debug_line</name>
         <load_address>0x20f3</load_address>
         <run_address>0x20f3</run_address>
         <size>0x7c</size>
         <input_file_ref idref="fl-e"/>
      </object_component>
      <object_component id="oc-367">
         <name>.debug_line</name>
         <load_address>0x216f</load_address>
         <run_address>0x216f</run_address>
         <size>0x82</size>
         <input_file_ref idref="fl-e"/>
      </object_component>
      <object_component id="oc-377">
         <name>.debug_line</name>
         <load_address>0x21f1</load_address>
         <run_address>0x21f1</run_address>
         <size>0x82</size>
         <input_file_ref idref="fl-e"/>
      </object_component>
      <object_component id="oc-36f">
         <name>.debug_line</name>
         <load_address>0x2273</load_address>
         <run_address>0x2273</run_address>
         <size>0x82</size>
         <input_file_ref idref="fl-e"/>
      </object_component>
      <object_component id="oc-1ba">
         <name>.debug_line</name>
         <load_address>0x22f5</load_address>
         <run_address>0x22f5</run_address>
         <size>0xaf</size>
         <input_file_ref idref="fl-e"/>
      </object_component>
      <object_component id="oc-d1">
         <name>.debug_line</name>
         <load_address>0x23a4</load_address>
         <run_address>0x23a4</run_address>
         <size>0x97</size>
         <input_file_ref idref="fl-e"/>
      </object_component>
      <object_component id="oc-169">
         <name>.debug_line</name>
         <load_address>0x243b</load_address>
         <run_address>0x243b</run_address>
         <size>0xc2</size>
         <input_file_ref idref="fl-e"/>
      </object_component>
      <object_component id="oc-229">
         <name>.debug_line</name>
         <load_address>0x24fd</load_address>
         <run_address>0x24fd</run_address>
         <size>0xc2</size>
         <input_file_ref idref="fl-e"/>
      </object_component>
      <object_component id="oc-36b">
         <name>.debug_line</name>
         <load_address>0x25bf</load_address>
         <run_address>0x25bf</run_address>
         <size>0x82</size>
         <input_file_ref idref="fl-f"/>
[...]
         <name>Mode_Rampa</name>
         <value>0x20000476</value>
         <object_component_ref idref="oc-247"/>
      </symbol>
      <symbol id="sm-150">
         <name>RdChangeState</name>
         <value>0x26d</value>
         <object_component_ref idref="oc-db"/>
      </symbol>
      <symbol id="sm-151">
         <name>contadorADC</name>
         <value>0x2000048c</value>
         <object_component_ref idref="oc-247"/>
      </symbol>
      <symbol id="sm-152">
         <name>ADC0IntHandler</name>
         <value>0x64f</value>
         <object_component_ref idref="oc-db"/>
      </symbol>
      <symbol id="sm-153">
         <name>ADC1IntHandler</name>
         <value>0x6b1</value>
         <object_component_ref idref="oc-db"/>
      </symbol>
      <symbol id="sm-154">
         <name>PotData</name>
         <value>0x20000475</value>
         <object_component_ref idref="oc-247"/>
      </symbol>
      <symbol id="sm-155">
         <name>InterruptTimeOut</name>
         <value>0x789</value>
         <object_component_ref idref="oc-db"/>
      </symbol>
      <symbol id="sm-156">
         <name>changeDuty</name>
         <value>0x921</value>
         <object_component_ref idref="oc-db"/>
      </symbol>
      <symbol id="sm-157">
         <name>ready</name>
         <value>0x20000494</value>
         <object_component_ref idref="oc-247"/>
      </symbol>
      <symbol id="sm-158">
         <name>state</name>
         <value>0x20000473</value>
         <object_component_ref idref="oc-247"/>
      </symbol>
      <symbol id="sm-159">
         <name>provaADCBemf</name>
         <value>0x20000489</value>
         <object_component_ref idref="oc-247"/>
      </symbol>
      <symbol id="sm-15a">
         <name>updateVelocity</name>
         <value>0x20000477</value>
         <object_component_ref idref="oc-247"/>
      </symbol>
      <symbol id="sm-15b">
         <name>nState</name>
         <value>0x273</value>
         <object_component_ref idref="oc-db"/>
      </symbol>
      <symbol id="sm-15c">
         <name>Fstate</name>
         <value>0x425</value>
         <object_component_ref idref="oc-db"/>
      </symbol>
      <symbol id="sm-15d">
         <name>data_init</name>
         <value>0x2000049c</value>
         <object_component_ref idref="oc-247"/>
      </symbol>
      <symbol id="sm-15e">
         <name>sentit</name>
         <value>0x20000474</value>
         <object_component_ref idref="oc-247"/>
      </symbol>
      <symbol id="sm-15f">
         <name>refADCrun</name>
         <value>0x20000488</value>
         <object_component_ref idref="oc-247"/>
      </symbol>
      <symbol id="sm-160">
         <name>VFuture</name>
         <value>0x20000480</value>
         <object_component_ref idref="oc-247"/>
      </symbol>
      <symbol id="sm-161">
         <name>data_ant</name>
         <value>0x20000498</value>
         <object_component_ref idref="oc-247"/>
      </symbol>
      <symbol id="sm-162">
         <name>changeState</name>
         <value>0x20000470</value>
         <object_component_ref idref="oc-247"/>
      </symbol>
      <symbol id="sm-163">
         <name>setError</name>
         <value>0x20000472</value>
         <object_component_ref idref="oc-247"/>
      </symbol>
      <symbol id="sm-164">
         <name>PortIntHandler</name>
         <value>0x7dd</value>
         <object_component_ref idref="oc-db"/>
      </symbol>
      <symbol id="sm-165">
         <name>InterruptTimeChange</name>
         <value>0xa21</value>
         <object_component_ref idref="oc-db"/>
      </symbol>
      <symbol id="sm-166">
         <name>GainVel</name>
         <value>0x2000047c</value>
         <object_component_ref idref="oc-247"/>
      </symbol>
      <symbol id="sm-167">
         <name>setADC0ref</name>
         <value>0xab9</value>
         <object_component_ref idref="oc-db"/>
      </symbol>
      <symbol id="sm-168">
         <name>GainState</name>
         <value>0x20000484</value>
         <object_component_ref idref="oc-247"/>
      </symbol>
      <symbol id="sm-169">
         <name>contadorTimer</name>
         <value>0x20000490</value>
         <object_component_ref idref="oc-247"/>
      </symbol>
      <symbol id="sm-16a">
         <name>arribatADC</name>
         <value>0x2000048a</value>
         <object_component_ref idref="oc-247"/>
      </symbol>
      <symbol id="sm-16b">
         <name>countState</name>
         <value>0x20000478</value>
         <object_component_ref idref="oc-247"/>
      </symbol>
      <symbol id="sm-16c">
         <name>switchPressed</name>
         <value>0x20000471</value>
         <object_component_ref idref="oc-247"/>
      </symbol>
      <symbol id="sm-1ea">
         <name>setPWM</name>
         <value>0xdd9</value>
         <object_component_ref idref="oc-c9"/>
      </symbol>
      <symbol id="sm-1eb">
         <name>init_GPIOs</name>
         <value>0xb57</value>
         <object_component_ref idref="oc-c9"/>
      </symbol>
      <symbol id="sm-1ec">
         <name>setPWMfreqk</name>
         <value>0xd2f</value>
         <object_component_ref idref="oc-c9"/>
      </symbol>
      <symbol id="sm-1ed">
         <name>init_clock</name>
         <value>0xb4d</value>
         <object_component_ref idref="oc-c9"/>
      </symbol>
      <symbol id="sm-1ee">
         <name>init_ADC</name>
         <value>0x1069</value>
         <object_component_ref idref="oc-c9"/>
      </symbol>
      <symbol id="sm-1ef">
         <name>setPWMDuty</name>
         <value>0xd63</value>
         <object_component_ref idref="oc-c9"/>
      </symbol>
      <symbol id="sm-1f0">
         <name>init_timers</name>
         <value>0xf39</value>
         <object_component_ref idref="oc-c9"/>
      </symbol>
      <symbol id="sm-1f1">
         <name>init_PWMs</name>
         <value>0xc73</value>
         <object_component_ref idref="oc-c9"/>
      </symbol>
      <symbol id="sm-1f2">
         <name>initUART</name>
         <value>0x1155</value>
         <object_component_ref idref="oc-c9"/>
      </symbol>
      <symbol id="sm-1f3">
         <name>setGPIO</name>
         <value>0xebb</value>
         <object_component_ref idref="oc-c9"/>
      </symbol>
      <symbol id="sm-200">
         <name>main</name>
         <value>0x1c81</value>
         <object_component_ref idref="oc-9b"/>
      </symbol>
      <symbol id="sm-221">
         <name>ResetISR</name>
         <value>0x25bf</value>
         <object_component_ref idref="oc-27"/>
      </symbol>
      <symbol id="sm-222">
         <name>g_pfnVectors</name>
         <value>0x0</value>
         <object_component_ref idref="oc-12"/>
      </symbol>
      <symbol id="sm-28b">
         <name>ADCProcessorTrigger</name>
         <value>0x240d</value>
         <object_component_ref idref="oc-24a"/>
      </symbol>
      <symbol id="sm-28c">
         <name>ADCSequenceEnable</name>
         <value>0x2555</value>
         <object_component_ref idref="oc-1ec"/>
      </symbol>
      <symbol id="sm-28d">
         <name>ADCSequenceConfigure</name>
         <value>0x2031</value>
         <object_component_ref idref="oc-1e0"/>
      </symbol>
      <symbol id="sm-28e">
         <name>ADCIntEnable</name>
         <value>0x2509</value>
         <object_component_ref idref="oc-1f8"/>
      </symbol>
      <symbol id="sm-28f">
         <name>ADCSequenceStepConfigure</name>
         <value>0x1cfd</value>
         <object_component_ref idref="oc-1e6"/>
      </symbol>
      <symbol id="sm-290">
         <name>ADCIntClear</name>
         <value>0x25cb</value>
         <object_component_ref idref="oc-1f2"/>
      </symbol>
      <symbol id="sm-291">
         <name>ADCHardwareOversampleConfigure</name>
         <value>0x2539</value>
         <object_component_ref idref="oc-1d4"/>
      </symbol>
      <symbol id="sm-292">
         <name>ADCSequenceDisable</name>
         <value>0x2547</value>
         <object_component_ref idref="oc-1da"/>
      </symbol>
      <symbol id="sm-293">
         <name>ADCSequenceDataGet</name>
         <value>0x237d</value>
         <object_component_ref idref="oc-250"/>
      </symbol>
      <symbol id="sm-344">
         <name>GPIOPinTypePWM</name>
         <value>0x2481</value>
         <object_component_ref idref="oc-13a"/>
      </symbol>
      <symbol id="sm-345">
         <name>GPIOIntRegister</name>
         <value>0x2425</value>
         <object_component_ref idref="oc-152"/>
      </symbol>
      <symbol id="sm-346">
         <name>GPIOPinConfigure</name>
         <value>0x2081</value>
         <object_component_ref idref="oc-134"/>
      </symbol>
      <symbol id="sm-347">
         <name>GPIOIntDisable</name>
         <value>0x2563</value>
         <object_component_ref idref="oc-236"/>
      </symbol>
      <symbol id="sm-348">
         <name>GPIOIntEnable</name>
         <value>0x25a7</value>
         <object_component_ref idref="oc-15e"/>
      </symbol>
      <symbol id="sm-349">
         <name>GPIOIntTypeSet</name>
         <value>0x1fd9</value>
         <object_component_ref idref="oc-158"/>
      </symbol>
      <symbol id="sm-34a">
         <name>GPIOPinTypeADC</name>
         <value>0x2455</value>
         <object_component_ref idref="oc-1ce"/>
      </symbol>
      <symbol id="sm-34b">
         <name>GPIOPinTypeGPIOInput</name>
         <value>0x246b</value>
         <object_component_ref idref="oc-146"/>
      </symbol>
      <symbol id="sm-34c">
         <name>GPIOIntClear</name>
         <value>0x25f1</value>
         <object_component_ref idref="oc-26f"/>
      </symbol>
      <symbol id="sm-34d">
         <name>GPIOPinTypeUART</name>
         <value>0x2497</value>
         <object_component_ref idref="oc-1fe"/>
      </symbol>
      <symbol id="sm-34e">
         <name>GPIOIntStatus</name>
         <value>0x2571</value>
         <object_component_ref idref="oc-269"/>
      </symbol>
      <symbol id="sm-34f">
         <name>GPIOPinTypeGPIOOutput</name>
         <value>0x23f3</value>
         <object_component_ref idref="oc-140"/>
      </symbol>
      <symbol id="sm-350">
         <name>GPIODirModeSet</name>
         <value>0x22ed</value>
         <object_component_ref idref="oc-2c0"/>
      </symbol>
      <symbol id="sm-351">
         <name>GPIOPinWrite</name>
         <value>0x25f7</value>
         <object_component_ref idref="oc-19e"/>
      </symbol>
      <symbol id="sm-352">
         <name>GPIOPadConfigSet</name>
         <value>0x1645</value>
         <object_component_ref idref="oc-14c"/>
      </symbol>
      <symbol id="sm-3a6">
         <name>IntEnable</name>
         <value>0x1e4d</value>
         <object_component_ref idref="oc-164"/>
      </symbol>
      <symbol id="sm-3a7">
         <name>IntDisable</name>
         <value>0x1de5</value>
         <object_component_ref idref="oc-224"/>
      </symbol>
      <symbol id="sm-3a8">
         <name>IntRegister</name>
         <value>0x2251</value>
         <object_component_ref idref="oc-1b6"/>
      </symbol>
      <symbol id="sm-3a9">
         <name>g_pfnRAMVectors</name>
         <value>0x20000000</value>
         <object_component_ref idref="oc-2e7"/>
      </symbol>
      <symbol id="sm-3aa">
         <name>IntMasterEnable</name>
         <value>0x2519</value>
         <object_component_ref idref="oc-cf"/>
      </symbol>
      <symbol id="sm-3ef">
         <name>PWMGenPeriodSet</name>
         <value>0x2529</value>
         <object_component_ref idref="oc-170"/>
      </symbol>
      <symbol id="sm-3f0">
         <name>PWMPulseWidthSet</name>
         <value>0x23b9</value>
         <object_component_ref idref="oc-176"/>
      </symbol>
      <symbol id="sm-3f1">
         <name>PWMGenPeriodGet</name>
         <value>0x24c1</value>
         <object_component_ref idref="oc-18c"/>
      </symbol>
      <symbol id="sm-3f2">
         <name>PWMOutputState</name>
         <value>0x24e5</value>
         <object_component_ref idref="oc-198"/>
      </symbol>
      <symbol id="sm-3f3">
         <name>PWMGenEnable</name>
         <value>0x25b3</value>
         <object_component_ref idref="oc-17c"/>
      </symbol>
      <symbol id="sm-3f4">
         <name>PWMGenConfigure</name>
         <value>0x2319</value>
         <object_component_ref idref="oc-16a"/>
      </symbol>
      <symbol id="sm-3f5">
         <name>PWMPulseWidthGet</name>
         <value>0x239b</value>
         <object_component_ref idref="oc-276"/>
      </symbol>
      <symbol id="sm-3f6">
         <name>PWMOutputInvert</name>
         <value>0x24d3</value>
         <object_component_ref idref="oc-192"/>
      </symbol>
      <symbol id="sm-42c">
         <name>SysCtlClockSet</name>
         <value>0x19e5</value>
         <object_component_ref idref="oc-122"/>
      </symbol>
      <symbol id="sm-42d">
         <name>SysCtlDelay</name>
         <value>0x25fd</value>
         <object_component_ref idref="oc-2b1"/>
      </symbol>
      <symbol id="sm-42e">
         <name>SysCtlPeripheralEnable</name>
         <value>0x2285</value>
         <object_component_ref idref="oc-128"/>
      </symbol>
      <symbol id="sm-42f">
         <name>SysCtlPeripheralReady</name>
         <value>0x21e1</value>
         <object_component_ref idref="oc-12e"/>
      </symbol>
      <symbol id="sm-494">
         <name>TimerLoadSet</name>
         <value>0x24f7</value>
         <object_component_ref idref="oc-1b0"/>
      </symbol>
      <symbol id="sm-495">
         <name>TimerADCEventSet</name>
         <value>0x260f</value>
         <object_component_ref idref="oc-1c2"/>
      </symbol>
      <symbol id="sm-496">
         <name>TimerDisable</name>
         <value>0x243d</value>
         <object_component_ref idref="oc-21e"/>
      </symbol>
      <symbol id="sm-497">
         <name>TimerEnable</name>
         <value>0x257f</value>
         <object_component_ref idref="oc-218"/>
      </symbol>
      <symbol id="sm-498">
         <name>TimerValueGet</name>
         <value>0x25d5</value>
         <object_component_ref idref="oc-230"/>
      </symbol>
      <symbol id="sm-499">
         <name>TimerControlTrigger</name>
         <value>0x1f7d</value>
         <object_component_ref idref="oc-1c8"/>
      </symbol>
      <symbol id="sm-49a">
         <name>TimerIntEnable</name>
         <value>0x25e9</value>
         <object_component_ref idref="oc-1bc"/>
      </symbol>
      <symbol id="sm-49b">
         <name>TimerClockSourceSet</name>
         <value>0x2603</value>
         <object_component_ref idref="oc-1a4"/>
      </symbol>
      <symbol id="sm-49c">
         <name>TimerConfigure</name>
         <value>0x1f1d</value>
         <object_component_ref idref="oc-1aa"/>
      </symbol>
      <symbol id="sm-49d">
         <name>TimerIntClear</name>
         <value>0x2613</value>
         <object_component_ref idref="oc-22a"/>
      </symbol>
      <symbol id="sm-4cf">
         <name>UARTConfigSetExpClk</name>
         <value>0x20cd</value>
         <object_component_ref idref="oc-20a"/>
      </symbol>
      <symbol id="sm-4d0">
         <name>UARTDisable</name>
         <value>0x233d</value>
         <object_component_ref idref="oc-2fa"/>
      </symbol>
      <symbol id="sm-4d1">
         <name>UARTClockSourceSet</name>
         <value>0x2609</value>
         <object_component_ref idref="oc-204"/>
      </symbol>
      <symbol id="sm-4d2">
         <name>UARTCharPut</name>
         <value>0x25df</value>
         <object_component_ref idref="oc-23c"/>
      </symbol>
      <symbol id="sm-4d3">
         <name>UARTEnable</name>
         <value>0x24ad</value>
         <object_component_ref idref="oc-300"/>
      </symbol>
      <symbol id="sm-4dd">
         <name>CPUcpsie</name>
         <value>0x259b</value>
         <object_component_ref idref="oc-211"/>
      </symbol>
      <symbol id="sm-4f4">
         <name>__aeabi_dsub</name>
         <value>0x148d</value>
         <object_component_ref idref="oc-25b"/>
      </symbol>
      <symbol id="sm-4f5">
         <name>__aeabi_dadd</name>
         <value>0x1497</value>
         <object_component_ref idref="oc-25b"/>
      </symbol>
      <symbol id="sm-517">
         <name>__aeabi_cdcmpeq</name>
         <value>0x1b75</value>
         <object_component_ref idref="oc-286"/>
      </symbol>
      <symbol id="sm-518">
         <name>__aeabi_cdcmple</name>
         <value>0x1b75</value>
         <object_component_ref idref="oc-286"/>
      </symbol>
      <symbol id="sm-519">
         <name>__aeabi_cdrcmple</name>
         <value>0x1bfb</value>
         <object_component_ref idref="oc-187"/>
      </symbol>
      <symbol id="sm-52d">
         <name>__aeabi_ddiv</name>
         <value>0x17b1</value>
         <object_component_ref idref="oc-256"/>
      </symbol>
      <symbol id="sm-538">
         <name>__aeabi_dmul</name>
         <value>0x18e7</value>
         <object_component_ref idref="oc-281"/>
      </symbol>
      <symbol id="sm-544">
         <name>__aeabi_d2f</name>
         <value>0x1d77</value>
         <object_component_ref idref="oc-260"/>
      </symbol>
      <symbol id="sm-54e">
         <name>__aeabi_d2uiz</name>
         <value>0x219d</value>
         <object_component_ref idref="oc-28b"/>
      </symbol>
      <symbol id="sm-559">
         <name>__aeabi_f2d</name>
         <value>0x2219</value>
         <object_component_ref idref="oc-182"/>
      </symbol>
      <symbol id="sm-563">
         <name>__aeabi_ui2d</name>
         <value>0x235d</value>
         <object_component_ref idref="oc-27c"/>
      </symbol>
      <symbol id="sm-57c">
         <name>__TI_zero_init_nomemset</name>
         <value>0x23d7</value>
         <object_component_ref idref="oc-47"/>
      </symbol>
      <symbol id="sm-593">
         <name>__TI_decompress_none</name>
         <value>0x258d</value>
         <object_component_ref idref="oc-1b"/>
      </symbol>
      <symbol id="sm-5b6">
         <name>__TI_decompress_lzss</name>
         <value>0x1eb5</value>
         <object_component_ref idref="oc-15"/>
      </symbol>
      <symbol id="sm-5c9">
         <name>__stack</name>
         <value>0x20000270</value>
         <object_component_ref idref="oc-24"/>
      </symbol>
      <symbol id="sm-5ca">
         <name>_c_int00_noargs</name>
         <value>0x22b9</value>
         <object_component_ref idref="oc-59"/>
      </symbol>
      <symbol id="sm-5e5">
         <name>memcpy</name>
         <value>0x1ad9</value>
         <object_component_ref idref="oc-3b"/>
      </symbol>
      <symbol id="sm-5e6">
         <name>__aeabi_memcpy</name>
         <value>0x1ad9</value>
         <object_component_ref idref="oc-3b"/>
      </symbol>
      <symbol id="sm-5e7">
         <name>__aeabi_memcpy8</name>
         <value>0x1ad9</value>
         <object_component_ref idref="oc-3b"/>
      </symbol>
      <symbol id="sm-5e8">
         <name>__aeabi_memcpy4</name>
         <value>0x1ad9</value>
         <object_component_ref idref="oc-3b"/>
      </symbol>
      <symbol id="sm-611">
         <name>__TI_auto_init_nobinit_nopinit</name>
         <value>0x2159</value>
         <object_component_ref idref="oc-ee"/>
      </symbol>
      <symbol id="sm-61b">
         <name>_system_pre_init</name>
         <value>0x2617</value>
         <object_component_ref idref="oc-95"/>
      </symbol>
      <symbol id="sm-627">
         <name>C$$EXIT</name>
         <value>0x261b</value>
         <object_component_ref idref="oc-e2"/>
      </symbol>
      <symbol id="sm-628">
         <name>abort</name>
         <value>0x261b</value>
         <object_component_ref idref="oc-e2"/>
      </symbol>
      <symbol id="sm-62b">
         <name>__TI_static_base__</name>
         <value>0x0</value>
      </symbol>
      <symbol id="sm-62e">
         <name>__mpu_init</name>
         <value>0x0</value>
      </symbol>
      <symbol id="sm-62f">
         <name>_system_post_cinit</name>
         <value>0x0</value>
      </symbol>
   </symbol_table>
   <title>Link successful</title>
</link_info>
