******************************************************************************
                  TI ARM Linker PC v20.2.7                     
******************************************************************************
>> Linked Wed Nov  1 19:07:37 2023

OUTPUT FILE NAME:   <Projecte0.out>
ENTRY POINT SYMBOL: "_c_int00_noargs"  address: 00000bc1


MEMORY CONFIGURATION

         name            origin    length      used     unused   attr    fill
----------------------  --------  ---------  --------  --------  ----  --------
  FLASH                 00000000   00040000  00000e7e  0003f182  R  X
  SRAM                  20000000   00008000  00000470  00007b90  RW X


SEGMENT ALLOCATION MAP

run origin  load origin   length   init length attrs members
----------  ----------- ---------- ----------- ----- -------
00000000    00000000    00000e84   00000e84    r-x
  00000000    00000000    0000026c   0000026c    r-- .intvecs
  0000026c    0000026c    00000b36   00000b36    r-x .text
  00000da4    00000da4    000000b8   000000b8    r-- .const
  00000e60    00000e60    00000024   00000024    r-- .cinit
20000000    20000000    00000470   00000000    rw-
  20000000    20000000    0000026c   00000000    rw- .vtable
  2000026c    2000026c    00000004   00000000    rw- .bss
  20000270    20000270    00000200   00000000    rw- .stack


SECTION ALLOCATION MAP

 output                                  attributes/
section   page    origin      length       input sections
--------  ----  ----------  ----------   ----------------
.intvecs   0    00000000    0000026c     
                  00000000    0000026c     tm4c123gh6pm_startup_ccs.obj (.intvecs)

.text      0    0000026c    00000b36     
                  0000026c    00000360     initHW.obj (.text)
                  000005cc    0000016c     driverlib.lib : gpio.obj (.text:GPIOPadConfigSet)
                  00000738    000000f4                   : sysctl.obj (.text:SysCtlClockSet)
                  0000082c    000000a4     fHW.obj (.text)
                  000008d0    0000008e     main.obj (.text)
                  0000095e    00000002     --HOLE-- [fill = 0]
                  00000960    00000068     driverlib.lib : interrupt.obj (.text:IntDisable)
                  000009c8    00000068                   : interrupt.obj (.text:IntEnable)
                  00000a30    00000060                   : timer.obj (.text:TimerConfigure)
                  00000a90    0000004c                   : gpio.obj (.text:GPIOPinConfigure)
                  00000adc    00000044     rtsv7M4_T_le_v4SPD16_eabi.lib : autoinit.c.obj (.text:__TI_auto_init_nobinit_nopinit:__TI_auto_init_nobinit_nopinit)
                  00000b20    00000038     driverlib.lib : sysctl.obj (.text:SysCtlPeripheralReady)
                  00000b58    00000034                   : interrupt.obj (.text:IntRegister)
                  00000b8c    00000034                   : sysctl.obj (.text:SysCtlPeripheralEnable)
                  00000bc0    00000034     rtsv7M4_T_le_v4SPD16_eabi.lib : boot_cortex_m.c.obj (.text:_c_int00_noargs:_c_int00_noargs)
                  00000bf4    0000002c     driverlib.lib : gpio.obj (.text:GPIODirModeSet)
                  00000c20    00000022                   : pwm.obj (.text:PWMGenConfigure)
                  00000c42    0000001e                   : pwm.obj (.text:PWMPulseWidthSet)
                  00000c60    0000001c     rtsv7M4_T_le_v4SPD16_eabi.lib : copy_zero_init.c.obj (.text:decompress:ZI:__TI_zero_init_nomemset:__TI_zero_init_nomemset)
                  00000c7c    00000018     driverlib.lib : timer.obj (.text:TimerDisable)
                  00000c94    00000016                   : gpio.obj (.text:GPIOPinTypeGPIOInput)
                  00000caa    00000016                   : gpio.obj (.text:GPIOPinTypePWM)
                  00000cc0    00000014                   : sysctl.obj (.text:SysCtlPWMClockSet)
                  00000cd4    00000012                   : pwm.obj (.text:PWMGenPeriodGet)
                  00000ce6    00000012                   : pwm.obj (.text:PWMOutputInvert)
                  00000cf8    00000012                   : pwm.obj (.text:PWMOutputState)
                  00000d0a    00000012                   : timer.obj (.text:TimerLoadSet)
                  00000d1c    00000010                   : interrupt.obj (.text:IntMasterEnable)
                  00000d2c    00000010                   : pwm.obj (.text:PWMGenPeriodSet)
                  00000d3c    0000000e                   : timer.obj (.text:TimerEnable)
                  00000d4a    0000000c                   : cpu.obj (.text:CPUcpsie)
                  00000d56    0000000c                   : pwm.obj (.text:PWMGenEnable)
                  00000d62    0000000c     tm4c123gh6pm_startup_ccs.obj (.text)
                  00000d6e    0000000a     driverlib.lib : timer.obj (.text:TimerIntDisable)
                  00000d78    0000000a                   : timer.obj (.text:TimerValueGet)
                  00000d82    00000008                   : timer.obj (.text:TimerIntEnable)
                  00000d8a    00000006                   : sysctl.obj (.text:SysCtlDelay)
                  00000d90    00000006                   : timer.obj (.text:TimerClockSourceSet)
                  00000d96    00000004                   : timer.obj (.text:TimerIntClear)
                  00000d9a    00000004     rtsv7M4_T_le_v4SPD16_eabi.lib : pre_init.c.obj (.text:_system_pre_init)
                  00000d9e    00000004                                   : exit.c.obj (.text:abort:abort)

.const     0    00000da4    000000b8     
                  00000da4    00000090     driverlib.lib : gpio.obj (.const:g_pui32GPIOBaseAddrs)
                  00000e34    00000014                   : interrupt.obj (.const:g_pui32Dii16Regs)
                  00000e48    00000014                   : interrupt.obj (.const:g_pui32EnRegs)

.cinit     0    00000e60    00000024     
                  00000e60    00000008     (.cinit..bss.load) [load image, compression = zero_init]
                  00000e68    00000008     (.cinit..vtable.load) [load image, compression = zero_init]
                  00000e70    00000004     (__TI_handler_table)
                  00000e74    00000010     (__TI_cinit_table)

.init_array 
*          0    00000000    00000000     UNINITIALIZED

.vtable    0    20000000    0000026c     UNINITIALIZED
                  20000000    0000026c     driverlib.lib : interrupt.obj (.vtable)

.bss       0    2000026c    00000004     UNINITIALIZED
                  2000026c    00000004     (.common:contador)

.stack     0    20000270    00000200     UNINITIALIZED
                  20000270    00000004     rtsv7M4_T_le_v4SPD16_eabi.lib : boot_cortex_m.c.obj (.stack)
                  20000274    000001fc     --HOLE--

__llvm_prf_cnts 
*          0    20000000    00000000     UNINITIALIZED

MODULE SUMMARY

       Module                         code   ro data   rw data
       ------                         ----   -------   -------
    .\
       initHW.obj                     864    0         0      
       tm4c123gh6pm_startup_ccs.obj   12     620       0      
       fHW.obj                        164    0         4      
       main.obj                       142    0         0      
    +--+------------------------------+------+---------+---------+
       Total:                         1182   620       4      
                                                              
    C:/ti/TivaWare_C_Series-2.2.0.295/driverlib/ccs/Debug/driverlib.lib
       interrupt.obj                  276    40        620    
       gpio.obj                       528    144       0      
       sysctl.obj                     378    0         0      
       timer.obj                      190    0         0      
       pwm.obj                        146    0         0      
       cpu.obj                        12     0         0      
    +--+------------------------------+------+---------+---------+
       Total:                         1530   184       620    
                                                              
    C:\ti\ccs1240\ccs\tools\compiler\ti-cgt-arm_20.2.7.LTS\lib\rtsv7M4_T_le_v4SPD16_eabi.lib
       autoinit.c.obj                 68     0         0      
       boot_cortex_m.c.obj            52     0         0      
       copy_zero_init.c.obj           28     0         0      
       exit.c.obj                     4      0         0      
       pre_init.c.obj                 4      0         0      
    +--+------------------------------+------+---------+---------+
       Total:                         156    0         0      
                                                              
       Stack:                         0      0         512    
       Linker Generated:              0      36        0      
    +--+------------------------------+------+---------+---------+
       Grand Total:                   2868   840       1136   


LINKER GENERATED COPY TABLES

__TI_cinit_table @ 00000e74 records: 2, size/record: 8, table size: 16
	.bss: load addr=00000e60, load size=00000008 bytes, run addr=2000026c, run size=00000004 bytes, compression=zero_init
	.vtable: load addr=00000e68, load size=00000008 bytes, run addr=20000000, run size=0000026c bytes, compression=zero_init


LINKER GENERATED HANDLER TABLE

__TI_handler_table @ 00000e70 records: 1, size/record: 4, table size: 4
	index: 0, handler: __TI_zero_init


GLOBAL SYMBOLS: SORTED ALPHABETICALLY BY Name 

address   name                          
-------   ----                          
00000d9f  C$$EXIT                       
00000d4b  CPUcpsie                      
00000bf5  GPIODirModeSet                
000005cd  GPIOPadConfigSet              
00000a91  GPIOPinConfigure              
00000c95  GPIOPinTypeGPIOInput          
00000cab  GPIOPinTypePWM                
00000961  IntDisable                    
000009c9  IntEnable                     
00000d1d  IntMasterEnable               
00000b59  IntRegister                   
00000c21  PWMGenConfigure               
00000d57  PWMGenEnable                  
00000cd5  PWMGenPeriodGet               
00000d2d  PWMGenPeriodSet               
00000ce7  PWMOutputInvert               
00000cf9  PWMOutputState                
00000c43  PWMPulseWidthSet              
00000d63  ResetISR                      
00000739  SysCtlClockSet                
00000d8b  SysCtlDelay                   
00000cc1  SysCtlPWMClockSet             
00000b8d  SysCtlPeripheralEnable        
00000b21  SysCtlPeripheralReady         
0000087f  Timer1AIntHandler             
00000d91  TimerClockSourceSet           
00000a31  TimerConfigure                
00000c7d  TimerDisable                  
00000d3d  TimerEnable                   
00000d97  TimerIntClear                 
00000d6f  TimerIntDisable               
00000d83  TimerIntEnable                
00000d0b  TimerLoadSet                  
00000d79  TimerValueGet                 
20000470  __STACK_END                   
00000200  __STACK_SIZE                  
20000470  __STACK_TOP                   
00000e74  __TI_CINIT_Base               
00000e84  __TI_CINIT_Limit              
00000e70  __TI_Handler_Table_Base       
00000e74  __TI_Handler_Table_Limit      
00000add  __TI_auto_init_nobinit_nopinit
ffffffff  __TI_pprof_out_hndl           
ffffffff  __TI_prof_data_size           
ffffffff  __TI_prof_data_start          
00000000  __TI_static_base__            
00000c61  __TI_zero_init_nomemset       
ffffffff  __binit__                     
ffffffff  __c_args__                    
UNDEFED   __mpu_init                    
20000270  __stack                       
20000000  __start___llvm_prf_cnts       
20000000  __stop___llvm_prf_cnts        
00000bc1  _c_int00_noargs               
UNDEFED   _system_post_cinit            
00000d9b  _system_pre_init              
00000d9f  abort                         
ffffffff  binit                         
2000026c  contador                      
0000082d  delayms                       
000008ab  dt                            
20000000  g_pfnRAMVectors               
00000000  g_pfnVectors                  
0000027f  init_GPIOs                    
00000327  init_PWMs                     
0000026d  init_clock                    
0000051b  init_timers                   
000008d1  main                          
00000439  setPWM                        
000003f5  setPWMDutyk                   
000003c3  setPWMfreqk                   
00000893  t0                            


GLOBAL SYMBOLS: SORTED BY Symbol Address 

address   name                          
-------   ----                          
00000000  __TI_static_base__            
00000000  g_pfnVectors                  
00000200  __STACK_SIZE                  
0000026d  init_clock                    
0000027f  init_GPIOs                    
00000327  init_PWMs                     
000003c3  setPWMfreqk                   
000003f5  setPWMDutyk                   
00000439  setPWM                        
0000051b  init_timers                   
000005cd  GPIOPadConfigSet              
00000739  SysCtlClockSet                
0000082d  delayms                       
0000087f  Timer1AIntHandler             
00000893  t0                            
000008ab  dt                            
000008d1  main                          
00000961  IntDisable                    
000009c9  IntEnable                     
00000a31  TimerConfigure                
00000a91  GPIOPinConfigure              
00000add  __TI_auto_init_nobinit_nopinit
00000b21  SysCtlPeripheralReady         
00000b59  IntRegister                   
00000b8d  SysCtlPeripheralEnable        
00000bc1  _c_int00_noargs               
00000bf5  GPIODirModeSet                
00000c21  PWMGenConfigure               
00000c43  PWMPulseWidthSet              
00000c61  __TI_zero_init_nomemset       
00000c7d  TimerDisable                  
00000c95  GPIOPinTypeGPIOInput          
00000cab  GPIOPinTypePWM                
00000cc1  SysCtlPWMClockSet             
00000cd5  PWMGenPeriodGet               
00000ce7  PWMOutputInvert               
00000cf9  PWMOutputState                
00000d0b  TimerLoadSet                  
00000d1d  IntMasterEnable               
00000d2d  PWMGenPeriodSet               
00000d3d  TimerEnable                   
00000d4b  CPUcpsie                      
00000d57  PWMGenEnable                  
00000d63  ResetISR                      
00000d6f  TimerIntDisable               
00000d79  TimerValueGet                 
00000d83  TimerIntEnable                
00000d8b  SysCtlDelay                   
00000d91  TimerClockSourceSet           
00000d97  TimerIntClear                 
00000d9b  _system_pre_init              
00000d9f  C$$EXIT                       
00000d9f  abort                         
00000e70  __TI_Handler_Table_Base       
00000e74  __TI_CINIT_Base               
00000e74  __TI_Handler_Table_Limit      
00000e84  __TI_CINIT_Limit              
20000000  __start___llvm_prf_cnts       
20000000  __stop___llvm_prf_cnts        
20000000  g_pfnRAMVectors               
2000026c  contador                      
20000270  __stack                       
20000470  __STACK_END                   
20000470  __STACK_TOP                   
ffffffff  __TI_pprof_out_hndl           
ffffffff  __TI_prof_data_size           
ffffffff  __TI_prof_data_start          
ffffffff  __binit__                     
ffffffff  __c_args__                    
ffffffff  binit                         
UNDEFED   __mpu_init                    
UNDEFED   _system_post_cinit            

[72 symbols]
