******************************************************************************
                  TI ARM Linker PC v20.2.7                     
******************************************************************************
>> Linked Thu Nov 30 12:50:06 2023

OUTPUT FILE NAME:   <Projecte3.out>
ENTRY POINT SYMBOL: "_c_int00_noargs"  address: 000018b9


MEMORY CONFIGURATION

         name            origin    length      used     unused   attr    fill
----------------------  --------  ---------  --------  --------  ----  --------
  FLASH                 00000000   00040000  00001e5a  0003e1a6  R  X
  SRAM                  20000000   00008000  00000481  00007b7f  RW X


SEGMENT ALLOCATION MAP

run origin  load origin   length   init length attrs members
----------  ----------- ---------- ----------- ----- -------
00000000    00000000    00001e60   00001e60    r-x
  00000000    00000000    0000026c   0000026c    r-- .intvecs
  0000026c    0000026c    0000195e   0000195e    r-x .text
  00001bcc    00001bcc    00000250   00000250    r-- .const
  00001e20    00001e20    00000040   00000040    r-- .cinit
20000000    20000000    00000481   00000000    rw-
  20000000    20000000    0000026c   00000000    rw- .vtable
  2000026c    2000026c    00000004   00000000    rw- .bss
  20000270    20000270    00000200   00000000    rw- .stack
  20000470    20000470    00000011   00000000    rw- .data


SECTION ALLOCATION MAP

 output                                  attributes/
section   page    origin      length       input sections
--------  ----  ----------  ----------   ----------------
.intvecs   0    00000000    0000026c     
                  00000000    0000026c     tm4c123gh6pm_startup_ccs.obj (.intvecs)

.text      0    0000026c    0000195e     
                  0000026c    00000650     initHW.obj (.text)
                  000008bc    0000040c     fSW.obj (.text)
                  00000cc8    00000260     fHW.obj (.text)
                  00000f28    0000016c     driverlib.lib : gpio.obj (.text:GPIOPadConfigSet)
                  00001094    00000104     main.obj (.text)
                  00001198    000000f4     driverlib.lib : sysctl.obj (.text:SysCtlClockSet)
                  0000128c    0000009c     rtsv7M4_T_le_v4SPD16_eabi.lib : memcpy_t2.asm.obj (.text)
                  00001328    00000086                                   : fd_cmp_t2.asm.obj (.text:__aeabi_cdrcmple)
                  000013ae    0000007a     driverlib.lib : adc.obj (.text:ADCSequenceStepConfigure)
                  00001428    00000068                   : interrupt.obj (.text:IntDisable)
                  00001490    00000068                   : interrupt.obj (.text:IntEnable)
                  000014f8    00000068     rtsv7M4_T_le_v4SPD16_eabi.lib : copy_decompress_lzss.c.obj (.text:decompress:lzss:__TI_decompress_lzss)
                  00001560    00000060     driverlib.lib : timer.obj (.text:TimerConfigure)
                  000015c0    0000005c                   : timer.obj (.text:TimerControlTrigger)
                  0000161c    00000058                   : gpio.obj (.text:GPIOIntTypeSet)
                  00001674    0000004e                   : adc.obj (.text:ADCSequenceConfigure)
                  000016c2    00000002     --HOLE-- [fill = 0]
                  000016c4    0000004c                   : gpio.obj (.text:GPIOPinConfigure)
                  00001710    00000046                   : uart.obj (.text:UARTConfigSetExpClk)
                  00001756    00000002     --HOLE-- [fill = 0]
                  00001758    00000044                   : gpio.obj (.text:_GPIOIntNumberGet)
                  0000179c    00000044     rtsv7M4_T_le_v4SPD16_eabi.lib : autoinit.c.obj (.text:__TI_auto_init_nobinit_nopinit:__TI_auto_init_nobinit_nopinit)
                  000017e0    00000038     driverlib.lib : sysctl.obj (.text:SysCtlPeripheralReady)
                  00001818    00000038     rtsv7M4_T_le_v4SPD16_eabi.lib : fs_tod_t2.asm.obj (.text)
                  00001850    00000034     driverlib.lib : interrupt.obj (.text:IntRegister)
                  00001884    00000034                   : sysctl.obj (.text:SysCtlPeripheralEnable)
                  000018b8    00000034     rtsv7M4_T_le_v4SPD16_eabi.lib : boot_cortex_m.c.obj (.text:_c_int00_noargs:_c_int00_noargs)
                  000018ec    0000002c     driverlib.lib : gpio.obj (.text:GPIODirModeSet)
                  00001918    00000022                   : pwm.obj (.text:PWMGenConfigure)
                  0000193a    00000002     --HOLE-- [fill = 0]
                  0000193c    00000020                   : uart.obj (.text:UARTDisable)
                  0000195c    0000001e                   : adc.obj (.text:ADCSequenceDataGet)
                  0000197a    0000001e                   : pwm.obj (.text:PWMPulseWidthSet)
                  00001998    0000001c     rtsv7M4_T_le_v4SPD16_eabi.lib : copy_zero_init.c.obj (.text:decompress:ZI:__TI_zero_init_nomemset:__TI_zero_init_nomemset)
                  000019b4    0000001a     driverlib.lib : gpio.obj (.text:GPIOPinTypeGPIOOutput)
                  000019ce    00000018                   : gpio.obj (.text:GPIOIntRegister)
                  000019e6    00000002     --HOLE-- [fill = 0]
                  000019e8    00000018                   : timer.obj (.text:TimerDisable)
                  00001a00    00000016                   : gpio.obj (.text:GPIOPinTypeADC)
                  00001a16    00000016                   : gpio.obj (.text:GPIOPinTypeGPIOInput)
                  00001a2c    00000016                   : gpio.obj (.text:GPIOPinTypePWM)
                  00001a42    00000016                   : gpio.obj (.text:GPIOPinTypeUART)
                  00001a58    00000014                   : uart.obj (.text:UARTEnable)
                  00001a6c    00000012                   : pwm.obj (.text:PWMGenPeriodGet)
                  00001a7e    00000012                   : pwm.obj (.text:PWMOutputInvert)
                  00001a90    00000012                   : pwm.obj (.text:PWMOutputState)
                  00001aa2    00000012                   : timer.obj (.text:TimerLoadSet)
                  00001ab4    00000010                   : adc.obj (.text:ADCIntEnable)
                  00001ac4    00000010                   : interrupt.obj (.text:IntMasterEnable)
                  00001ad4    00000010                   : pwm.obj (.text:PWMGenPeriodSet)
                  00001ae4    0000000e                   : adc.obj (.text:ADCHardwareOversampleConfigure)
                  00001af2    0000000e                   : adc.obj (.text:ADCSequenceDisable)
                  00001b00    0000000e                   : adc.obj (.text:ADCSequenceEnable)
                  00001b0e    0000000e                   : gpio.obj (.text:GPIOIntDisable)
                  00001b1c    0000000e                   : gpio.obj (.text:GPIOIntStatus)
                  00001b2a    0000000e                   : timer.obj (.text:TimerEnable)
                  00001b38    0000000e     rtsv7M4_T_le_v4SPD16_eabi.lib : copy_decompress_none.c.obj (.text:decompress:none:__TI_decompress_none)
                  00001b46    0000000c     driverlib.lib : cpu.obj (.text:CPUcpsie)
                  00001b52    0000000c                   : gpio.obj (.text:GPIOIntEnable)
                  00001b5e    0000000c                   : pwm.obj (.text:PWMGenEnable)
                  00001b6a    0000000c     tm4c123gh6pm_startup_ccs.obj (.text)
                  00001b76    0000000a     driverlib.lib : adc.obj (.text:ADCIntClear)
                  00001b80    0000000a                   : timer.obj (.text:TimerValueGet)
                  00001b8a    0000000a                   : uart.obj (.text:UARTCharPut)
                  00001b94    00000008                   : timer.obj (.text:TimerIntEnable)
                  00001b9c    00000006                   : gpio.obj (.text:GPIOIntClear)
                  00001ba2    00000006                   : gpio.obj (.text:GPIOPinWrite)
                  00001ba8    00000006                   : sysctl.obj (.text:SysCtlDelay)
                  00001bae    00000006                   : timer.obj (.text:TimerClockSourceSet)
                  00001bb4    00000006                   : uart.obj (.text:UARTClockSourceSet)
                  00001bba    00000004                   : timer.obj (.text:TimerADCEventSet)
                  00001bbe    00000004                   : timer.obj (.text:TimerIntClear)
                  00001bc2    00000004     rtsv7M4_T_le_v4SPD16_eabi.lib : pre_init.c.obj (.text:_system_pre_init)
                  00001bc6    00000004                                   : exit.c.obj (.text:abort:abort)

.const     0    00001bcc    00000250     
                  00001bcc    000000d8     driverlib.lib : gpio.obj (.const:g_ppui32GPIOIntMapSnowflake)
                  00001ca4    000000c0                   : gpio.obj (.const:g_ppui32GPIOIntMapBlizzard)
                  00001d64    00000090                   : gpio.obj (.const:g_pui32GPIOBaseAddrs)
                  00001df4    00000014                   : interrupt.obj (.const:g_pui32Dii16Regs)
                  00001e08    00000014                   : interrupt.obj (.const:g_pui32EnRegs)

.cinit     0    00001e20    00000040     
                  00001e20    0000000c     (.cinit..data.load) [load image, compression = lzss]
                  00001e2c    0000000c     (__TI_handler_table)
                  00001e38    00000008     (.cinit..bss.load) [load image, compression = zero_init]
                  00001e40    00000008     (.cinit..vtable.load) [load image, compression = zero_init]
                  00001e48    00000018     (__TI_cinit_table)

.init_array 
*          0    00000000    00000000     UNINITIALIZED

.vtable    0    20000000    0000026c     UNINITIALIZED
                  20000000    0000026c     driverlib.lib : interrupt.obj (.vtable)

.bss       0    2000026c    00000004     UNINITIALIZED
                  2000026c    00000004     (.common:contador)

.data      0    20000470    00000011     UNINITIALIZED
                  20000470    0000000c     fHW.obj (.data)
                  2000047c    00000005     fSW.obj (.data)

.stack     0    20000270    00000200     UNINITIALIZED
                  20000270    00000004     rtsv7M4_T_le_v4SPD16_eabi.lib : boot_cortex_m.c.obj (.stack)
                  20000274    000001fc     --HOLE--

__llvm_prf_cnts 
*          0    20000000    00000000     UNINITIALIZED

MODULE SUMMARY

       Module                         code   ro data   rw data
       ------                         ----   -------   -------
    .\
       initHW.obj                     1616   0         0      
       fSW.obj                        1036   0         5      
       tm4c123gh6pm_startup_ccs.obj   12     620       0      
       fHW.obj                        608    0         16     
       main.obj                       260    0         0      
    +--+------------------------------+------+---------+---------+
       Total:                         3532   620       21     
                                                              
    C:/ti/TivaWare_C_Series-2.2.0.295/driverlib/ccs/Debug/driverlib.lib
       gpio.obj                       830    552       0      
       interrupt.obj                  276    40        620    
       sysctl.obj                     358    0         0      
       adc.obj                        298    0         0      
       timer.obj                      276    0         0      
       pwm.obj                        146    0         0      
       uart.obj                       138    0         0      
       cpu.obj                        12     0         0      
    +--+------------------------------+------+---------+---------+
       Total:                         2334   592       620    
                                                              
    C:\ti\ccs1240\ccs\tools\compiler\ti-cgt-arm_20.2.7.LTS\lib\rtsv7M4_T_le_v4SPD16_eabi.lib
       memcpy_t2.asm.obj              156    0         0      
       fd_cmp_t2.asm.obj              134    0         0      
       copy_decompress_lzss.c.obj     104    0         0      
       autoinit.c.obj                 68     0         0      
       fs_tod_t2.asm.obj              56     0         0      
       boot_cortex_m.c.obj            52     0         0      
       copy_zero_init.c.obj           28     0         0      
       copy_decompress_none.c.obj     14     0         0      
       exit.c.obj                     4      0         0      
       pre_init.c.obj                 4      0         0      
    +--+------------------------------+------+---------+---------+
       Total:                         620    0         0      
                                                              
       Stack:                         0      0         512    
       Linker Generated:              0      64        0      
    +--+------------------------------+------+---------+---------+
       Grand Total:                   6486   1276      1153   


LINKER GENERATED COPY TABLES

__TI_cinit_table @ 00001e48 records: 3, size/record: 8, table size: 24
	.data: load addr=00001e20, load size=0000000c bytes, run addr=20000470, run size=00000011 bytes, compression=lzss
	.bss: load addr=00001e38, load size=00000008 bytes, run addr=2000026c, run size=00000004 bytes, compression=zero_init
	.vtable: load addr=00001e40, load size=00000008 bytes, run addr=20000000, run size=0000026c bytes, compression=zero_init


LINKER GENERATED HANDLER TABLE

__TI_handler_table @ 00001e2c records: 3, size/record: 4, table size: 12
	index: 0, handler: __TI_zero_init
	index: 1, handler: __TI_decompress_lzss
	index: 2, handler: __TI_decompress_none


GLOBAL SYMBOLS: SORTED ALPHABETICALLY BY Name 

address   name                          
-------   ----                          
00000bd1  ADC0IntHandler                
20000478  ADC0Pointer                   
00001ae5  ADCHardwareOversampleConfigure
00001b77  ADCIntClear                   
00001ab5  ADCIntEnable                  
00001675  ADCSequenceConfigure          
0000195d  ADCSequenceDataGet            
00001af3  ADCSequenceDisable            
00001b01  ADCSequenceEnable             
000013af  ADCSequenceStepConfigure      
00001bc7  C$$EXIT                       
00001b47  CPUcpsie                      
00000a67  Fstate                        
000018ed  GPIODirModeSet                
00001b9d  GPIOIntClear                  
00001b0f  GPIOIntDisable                
00001b53  GPIOIntEnable                 
000019cf  GPIOIntRegister               
00001b1d  GPIOIntStatus                 
0000161d  GPIOIntTypeSet                
00000f29  GPIOPadConfigSet              
000016c5  GPIOPinConfigure              
00001a01  GPIOPinTypeADC                
00001a17  GPIOPinTypeGPIOInput          
000019b5  GPIOPinTypeGPIOOutput         
00001a2d  GPIOPinTypePWM                
00001a43  GPIOPinTypeUART               
00001ba3  GPIOPinWrite                  
20000474  GPIO_ints                     
00001429  IntDisable                    
00001491  IntEnable                     
00001ac5  IntMasterEnable               
00001851  IntRegister                   
00000c8b  InterruptTimeChange           
00000bf1  InterruptTimeOut              
00001919  PWMGenConfigure               
00001b5f  PWMGenEnable                  
00001a6d  PWMGenPeriodGet               
00001ad5  PWMGenPeriodSet               
00001a7f  PWMOutputInvert               
00001a91  PWMOutputState                
0000197b  PWMPulseWidthSet              
00000c29  PortIntHandler                
000008bd  RdChangeState                 
00001b6b  ResetISR                      
00000ee7  RstTimeOut                    
00001199  SysCtlClockSet                
00001ba9  SysCtlDelay                   
00001885  SysCtlPeripheralEnable        
000017e1  SysCtlPeripheralReady         
00000d1f  Timer1AIntHandler_funcioDelay 
00001bbb  TimerADCEventSet              
00001baf  TimerClockSourceSet           
00001561  TimerConfigure                
000015c1  TimerControlTrigger           
000019e9  TimerDisable                  
00001b2b  TimerEnable                   
00001bbf  TimerIntClear                 
00001b95  TimerIntEnable                
00001aa3  TimerLoadSet                  
00001b81  TimerValueGet                 
00001b8b  UARTCharPut                   
00001bb5  UARTClockSourceSet            
00001711  UARTConfigSetExpClk           
0000193d  UARTDisable                   
00001a59  UARTEnable                    
00000ded  UARTSend                      
20000470  __STACK_END                   
00000200  __STACK_SIZE                  
20000470  __STACK_TOP                   
00001e48  __TI_CINIT_Base               
00001e60  __TI_CINIT_Limit              
00001e2c  __TI_Handler_Table_Base       
00001e38  __TI_Handler_Table_Limit      
0000179d  __TI_auto_init_nobinit_nopinit
000014f9  __TI_decompress_lzss          
00001b39  __TI_decompress_none          
ffffffff  __TI_pprof_out_hndl           
ffffffff  __TI_prof_data_size           
ffffffff  __TI_prof_data_start          
00000000  __TI_static_base__            
00001999  __TI_zero_init_nomemset       
00001329  __aeabi_cdrcmple              
00001819  __aeabi_f2d                   
0000128d  __aeabi_memcpy                
0000128d  __aeabi_memcpy4               
0000128d  __aeabi_memcpy8               
ffffffff  __binit__                     
ffffffff  __c_args__                    
UNDEFED   __mpu_init                    
20000270  __stack                       
20000000  __start___llvm_prf_cnts       
20000000  __stop___llvm_prf_cnts        
000018b9  _c_int00_noargs               
UNDEFED   _system_post_cinit            
00001bc3  _system_pre_init              
20000470  a1                            
20000471  a2                            
00001bc7  abort                         
00000da7  activarADC                    
00000db9  adcChannel                    
ffffffff  binit                         
2000047c  changeState                   
2000026c  contador                      
00000cc9  createADC0MEM                 
00000cd5  delayms                       
20000476  delayms_GOUT                  
00000d4b  dt                            
00000d63  enableGPIOInt                 
20000000  g_pfnRAMVectors               
00000000  g_pfnVectors                  
00000803  initUART                      
00000789  init_ADC                      
00000277  init_GPIOs                    
00000393  init_PWMs                     
0000026d  init_clock                    
00000659  init_timers                   
00001095  main                          
0000128d  memcpy                        
000008c3  nState                        
20000472  sendU                         
20000480  sentit                        
2000047e  setError                      
000005db  setGPIO                       
00000e69  setOut                        
000004f9  setPWM                        
00000483  setPWMDuty                    
0000044f  setPWMfreqk                   
00000ecb  setTimeOut                    
2000047f  state                         
2000047d  switchPressed                 
00000d33  t0                            
00000e15  write                         
00000e41  writeData                     


GLOBAL SYMBOLS: SORTED BY Symbol Address 

address   name                          
-------   ----                          
00000000  __TI_static_base__            
00000000  g_pfnVectors                  
00000200  __STACK_SIZE                  
0000026d  init_clock                    
00000277  init_GPIOs                    
00000393  init_PWMs                     
0000044f  setPWMfreqk                   
00000483  setPWMDuty                    
000004f9  setPWM                        
000005db  setGPIO                       
00000659  init_timers                   
00000789  init_ADC                      
00000803  initUART                      
000008bd  RdChangeState                 
000008c3  nState                        
00000a67  Fstate                        
00000bd1  ADC0IntHandler                
00000bf1  InterruptTimeOut              
00000c29  PortIntHandler                
00000c8b  InterruptTimeChange           
00000cc9  createADC0MEM                 
00000cd5  delayms                       
00000d1f  Timer1AIntHandler_funcioDelay 
00000d33  t0                            
00000d4b  dt                            
00000d63  enableGPIOInt                 
00000da7  activarADC                    
00000db9  adcChannel                    
00000ded  UARTSend                      
00000e15  write                         
00000e41  writeData                     
00000e69  setOut                        
00000ecb  setTimeOut                    
00000ee7  RstTimeOut                    
00000f29  GPIOPadConfigSet              
00001095  main                          
00001199  SysCtlClockSet                
0000128d  __aeabi_memcpy                
0000128d  __aeabi_memcpy4               
0000128d  __aeabi_memcpy8               
0000128d  memcpy                        
00001329  __aeabi_cdrcmple              
000013af  ADCSequenceStepConfigure      
00001429  IntDisable                    
00001491  IntEnable                     
000014f9  __TI_decompress_lzss          
00001561  TimerConfigure                
000015c1  TimerControlTrigger           
0000161d  GPIOIntTypeSet                
00001675  ADCSequenceConfigure          
000016c5  GPIOPinConfigure              
00001711  UARTConfigSetExpClk           
0000179d  __TI_auto_init_nobinit_nopinit
000017e1  SysCtlPeripheralReady         
00001819  __aeabi_f2d                   
00001851  IntRegister                   
00001885  SysCtlPeripheralEnable        
000018b9  _c_int00_noargs               
000018ed  GPIODirModeSet                
00001919  PWMGenConfigure               
0000193d  UARTDisable                   
0000195d  ADCSequenceDataGet            
0000197b  PWMPulseWidthSet              
00001999  __TI_zero_init_nomemset       
000019b5  GPIOPinTypeGPIOOutput         
000019cf  GPIOIntRegister               
000019e9  TimerDisable                  
00001a01  GPIOPinTypeADC                
00001a17  GPIOPinTypeGPIOInput          
00001a2d  GPIOPinTypePWM                
00001a43  GPIOPinTypeUART               
00001a59  UARTEnable                    
00001a6d  PWMGenPeriodGet               
00001a7f  PWMOutputInvert               
00001a91  PWMOutputState                
00001aa3  TimerLoadSet                  
00001ab5  ADCIntEnable                  
00001ac5  IntMasterEnable               
00001ad5  PWMGenPeriodSet               
00001ae5  ADCHardwareOversampleConfigure
00001af3  ADCSequenceDisable            
00001b01  ADCSequenceEnable             
00001b0f  GPIOIntDisable                
00001b1d  GPIOIntStatus                 
00001b2b  TimerEnable                   
00001b39  __TI_decompress_none          
00001b47  CPUcpsie                      
00001b53  GPIOIntEnable                 
00001b5f  PWMGenEnable                  
00001b6b  ResetISR                      
00001b77  ADCIntClear                   
00001b81  TimerValueGet                 
00001b8b  UARTCharPut                   
00001b95  TimerIntEnable                
00001b9d  GPIOIntClear                  
00001ba3  GPIOPinWrite                  
00001ba9  SysCtlDelay                   
00001baf  TimerClockSourceSet           
00001bb5  UARTClockSourceSet            
00001bbb  TimerADCEventSet              
00001bbf  TimerIntClear                 
00001bc3  _system_pre_init              
00001bc7  C$$EXIT                       
00001bc7  abort                         
00001e2c  __TI_Handler_Table_Base       
00001e38  __TI_Handler_Table_Limit      
00001e48  __TI_CINIT_Base               
00001e60  __TI_CINIT_Limit              
20000000  __start___llvm_prf_cnts       
20000000  __stop___llvm_prf_cnts        
20000000  g_pfnRAMVectors               
2000026c  contador                      
20000270  __stack                       
20000470  __STACK_END                   
20000470  __STACK_TOP                   
20000470  a1                            
20000471  a2                            
20000472  sendU                         
20000474  GPIO_ints                     
20000476  delayms_GOUT                  
20000478  ADC0Pointer                   
2000047c  changeState                   
2000047d  switchPressed                 
2000047e  setError                      
2000047f  state                         
20000480  sentit                        
ffffffff  __TI_pprof_out_hndl           
ffffffff  __TI_prof_data_size           
ffffffff  __TI_prof_data_start          
ffffffff  __binit__                     
ffffffff  __c_args__                    
ffffffff  binit                         
UNDEFED   __mpu_init                    
UNDEFED   _system_post_cinit            

[134 symbols]
