******************************************************************************
                  TI ARM Linker PC v20.2.7                     
******************************************************************************
>> Linked Wed Dec 13 18:59:28 2023

OUTPUT FILE NAME:   <Projecte5_Bemf.out>
ENTRY POINT SYMBOL: "_c_int00_noargs"  address: 00001ca5


MEMORY CONFIGURATION

         name            origin    length      used     unused   attr    fill
----------------------  --------  ---------  --------  --------  ----  --------
  FLASH                 00000000   00040000  0000227e  0003dd82  R  X
  SRAM                  20000000   00008000  000004b4  00007b4c  RW X


SEGMENT ALLOCATION MAP

run origin  load origin   length   init length attrs members
----------  ----------- ---------- ----------- ----- -------
00000000    00000000    00002280   00002280    r-x
  00000000    00000000    0000026c   0000026c    r-- .intvecs
  0000026c    0000026c    00001d62   00001d62    r-x .text
  00001fd0    00001fd0    00000250   00000250    r-- .const
  00002220    00002220    00000060   00000060    r-- .cinit
20000000    20000000    000004b8   00000000    rw-
  20000000    20000000    0000026c   00000000    rw- .vtable
  20000270    20000270    00000200   00000000    rw- .stack
  20000470    20000470    0000003c   00000000    rw- .data
  200004ac    200004ac    0000000c   00000000    rw- .bss


SECTION ALLOCATION MAP

 output                                  attributes/
section   page    origin      length       input sections
--------  ----  ----------  ----------   ----------------
.intvecs   0    00000000    0000026c     
                  00000000    0000026c     tm4c123gh6pm_startup_ccs.obj (.intvecs)

.text      0    0000026c    00001d62     
                  0000026c    00000754     fSW.obj (.text)
                  000009c0    000006c8     initHW.obj (.text)
                  00001088    0000026c     fHW.obj (.text)
                  000012f4    0000016c     driverlib.lib : gpio.obj (.text:GPIOPadConfigSet)
                  00001460    00000124     main.obj (.text)
                  00001584    000000f4     driverlib.lib : sysctl.obj (.text:SysCtlClockSet)
                  00001678    0000009c     rtsv7M4_T_le_v4SPD16_eabi.lib : memcpy_t2.asm.obj (.text)
                  00001714    00000086                                   : fd_cmp_t2.asm.obj (.text:__aeabi_cdrcmple)
                  0000179a    0000007a     driverlib.lib : adc.obj (.text:ADCSequenceStepConfigure)
                  00001814    00000068                   : interrupt.obj (.text:IntDisable)
                  0000187c    00000068                   : interrupt.obj (.text:IntEnable)
                  000018e4    00000068     rtsv7M4_T_le_v4SPD16_eabi.lib : copy_decompress_lzss.c.obj (.text:decompress:lzss:__TI_decompress_lzss)
                  0000194c    00000060     driverlib.lib : timer.obj (.text:TimerConfigure)
                  000019ac    0000005c                   : timer.obj (.text:TimerControlTrigger)
                  00001a08    00000058                   : gpio.obj (.text:GPIOIntTypeSet)
                  00001a60    0000004e                   : adc.obj (.text:ADCSequenceConfigure)
                  00001aae    00000002     --HOLE-- [fill = 0]
                  00001ab0    0000004c                   : gpio.obj (.text:GPIOPinConfigure)
                  00001afc    00000046                   : uart.obj (.text:UARTConfigSetExpClk)
                  00001b42    00000002     --HOLE-- [fill = 0]
                  00001b44    00000044                   : gpio.obj (.text:_GPIOIntNumberGet)
                  00001b88    00000044     rtsv7M4_T_le_v4SPD16_eabi.lib : autoinit.c.obj (.text:__TI_auto_init_nobinit_nopinit:__TI_auto_init_nobinit_nopinit)
                  00001bcc    00000038     driverlib.lib : sysctl.obj (.text:SysCtlPeripheralReady)
                  00001c04    00000038     rtsv7M4_T_le_v4SPD16_eabi.lib : fs_tod_t2.asm.obj (.text)
                  00001c3c    00000034     driverlib.lib : interrupt.obj (.text:IntRegister)
                  00001c70    00000034                   : sysctl.obj (.text:SysCtlPeripheralEnable)
                  00001ca4    00000034     rtsv7M4_T_le_v4SPD16_eabi.lib : boot_cortex_m.c.obj (.text:_c_int00_noargs:_c_int00_noargs)
                  00001cd8    0000002c     driverlib.lib : gpio.obj (.text:GPIODirModeSet)
                  00001d04    00000022                   : pwm.obj (.text:PWMGenConfigure)
                  00001d26    00000002     --HOLE-- [fill = 0]
                  00001d28    00000020                   : uart.obj (.text:UARTDisable)
                  00001d48    0000001e                   : adc.obj (.text:ADCSequenceDataGet)
                  00001d66    0000001e                   : pwm.obj (.text:PWMPulseWidthSet)
                  00001d84    0000001c     rtsv7M4_T_le_v4SPD16_eabi.lib : copy_zero_init.c.obj (.text:decompress:ZI:__TI_zero_init_nomemset:__TI_zero_init_nomemset)
                  00001da0    0000001a     driverlib.lib : gpio.obj (.text:GPIOPinTypeGPIOOutput)
                  00001dba    00000018                   : adc.obj (.text:ADCProcessorTrigger)
                  00001dd2    00000018                   : gpio.obj (.text:GPIOIntRegister)
                  00001dea    00000002     --HOLE-- [fill = 0]
                  00001dec    00000018                   : timer.obj (.text:TimerDisable)
                  00001e04    00000016                   : gpio.obj (.text:GPIOPinTypeADC)
                  00001e1a    00000016                   : gpio.obj (.text:GPIOPinTypeGPIOInput)
                  00001e30    00000016                   : gpio.obj (.text:GPIOPinTypePWM)
                  00001e46    00000016                   : gpio.obj (.text:GPIOPinTypeUART)
                  00001e5c    00000014                   : uart.obj (.text:UARTEnable)
                  00001e70    00000012                   : pwm.obj (.text:PWMGenPeriodGet)
                  00001e82    00000012                   : pwm.obj (.text:PWMOutputInvert)
                  00001e94    00000012                   : pwm.obj (.text:PWMOutputState)
                  00001ea6    00000012                   : timer.obj (.text:TimerLoadSet)
                  00001eb8    00000010                   : adc.obj (.text:ADCIntEnable)
                  00001ec8    00000010                   : interrupt.obj (.text:IntMasterEnable)
                  00001ed8    00000010                   : pwm.obj (.text:PWMGenPeriodSet)
                  00001ee8    0000000e                   : adc.obj (.text:ADCHardwareOversampleConfigure)
                  00001ef6    0000000e                   : adc.obj (.text:ADCSequenceDisable)
                  00001f04    0000000e                   : adc.obj (.text:ADCSequenceEnable)
                  00001f12    0000000e                   : gpio.obj (.text:GPIOIntDisable)
                  00001f20    0000000e                   : gpio.obj (.text:GPIOIntStatus)
                  00001f2e    0000000e                   : timer.obj (.text:TimerEnable)
                  00001f3c    0000000e     rtsv7M4_T_le_v4SPD16_eabi.lib : copy_decompress_none.c.obj (.text:decompress:none:__TI_decompress_none)
                  00001f4a    0000000c     driverlib.lib : cpu.obj (.text:CPUcpsie)
                  00001f56    0000000c                   : gpio.obj (.text:GPIOIntEnable)
                  00001f62    0000000c                   : pwm.obj (.text:PWMGenEnable)
                  00001f6e    0000000c     tm4c123gh6pm_startup_ccs.obj (.text)
                  00001f7a    0000000a     driverlib.lib : adc.obj (.text:ADCIntClear)
                  00001f84    0000000a                   : timer.obj (.text:TimerValueGet)
                  00001f8e    0000000a                   : uart.obj (.text:UARTCharPut)
                  00001f98    00000008                   : timer.obj (.text:TimerIntEnable)
                  00001fa0    00000006                   : gpio.obj (.text:GPIOIntClear)
                  00001fa6    00000006                   : gpio.obj (.text:GPIOPinWrite)
                  00001fac    00000006                   : sysctl.obj (.text:SysCtlDelay)
                  00001fb2    00000006                   : timer.obj (.text:TimerClockSourceSet)
                  00001fb8    00000006                   : uart.obj (.text:UARTClockSourceSet)
                  00001fbe    00000004                   : timer.obj (.text:TimerADCEventSet)
                  00001fc2    00000004                   : timer.obj (.text:TimerIntClear)
                  00001fc6    00000004     rtsv7M4_T_le_v4SPD16_eabi.lib : pre_init.c.obj (.text:_system_pre_init)
                  00001fca    00000004                                   : exit.c.obj (.text:abort:abort)

.const     0    00001fd0    00000250     
                  00001fd0    000000d8     driverlib.lib : gpio.obj (.const:g_ppui32GPIOIntMapSnowflake)
                  000020a8    000000c0                   : gpio.obj (.const:g_ppui32GPIOIntMapBlizzard)
                  00002168    00000090                   : gpio.obj (.const:g_pui32GPIOBaseAddrs)
                  000021f8    00000014                   : interrupt.obj (.const:g_pui32Dii16Regs)
                  0000220c    00000014                   : interrupt.obj (.const:g_pui32EnRegs)

.cinit     0    00002220    00000060     
                  00002220    00000025     (.cinit..data.load) [load image, compression = lzss]
                  00002245    00000003     --HOLE-- [fill = 0]
                  00002248    0000000c     (__TI_handler_table)
                  00002254    00000004     --HOLE-- [fill = 0]
                  00002258    00000008     (.cinit..bss.load) [load image, compression = zero_init]
                  00002260    00000008     (.cinit..vtable.load) [load image, compression = zero_init]
                  00002268    00000018     (__TI_cinit_table)

.init_array 
*          0    00000000    00000000     UNINITIALIZED

.vtable    0    20000000    0000026c     UNINITIALIZED
                  20000000    0000026c     driverlib.lib : interrupt.obj (.vtable)

.data      0    20000470    0000003c     UNINITIALIZED
                  20000470    00000030     fSW.obj (.data)
                  200004a0    0000000c     fHW.obj (.data)

.bss       0    200004ac    0000000c     UNINITIALIZED
                  200004ac    00000004     (.common:Velocity)
                  200004b0    00000004     (.common:contador)
                  200004b4    00000004     (.common:referenceADC)

.stack     0    20000270    00000200     UNINITIALIZED
                  20000270    00000004     rtsv7M4_T_le_v4SPD16_eabi.lib : boot_cortex_m.c.obj (.stack)
                  20000274    000001fc     --HOLE--

__llvm_prf_cnts 
*          0    20000000    00000000     UNINITIALIZED

MODULE SUMMARY

       Module                         code   ro data   rw data
       ------                         ----   -------   -------
    .\
       fSW.obj                        1876   0         56     
       initHW.obj                     1736   0         0      
       fHW.obj                        620    0         16     
       tm4c123gh6pm_startup_ccs.obj   12     620       0      
       main.obj                       292    0         0      
    +--+------------------------------+------+---------+---------+
       Total:                         4536   620       72     
                                                              
    C:/ti/TivaWare_C_Series-2.2.0.295/driverlib/ccs/Debug/driverlib.lib
       gpio.obj                       830    552       0      
       interrupt.obj                  276    40        620    
       sysctl.obj                     358    0         0      
       adc.obj                        322    0         0      
       timer.obj                      276    0         0      
       pwm.obj                        146    0         0      
       uart.obj                       138    0         0      
       cpu.obj                        12     0         0      
    +--+------------------------------+------+---------+---------+
       Total:                         2358   592       620    
                                                              
    C:\ti\ccs1240\ccs\tools\compiler\ti-cgt-arm_20.2.7.LTS\lib\rtsv7M4_T_le_v4SPD16_eabi.lib
       memcpy_t2.asm.obj              156    0         0      
       fd_cmp_t2.asm.obj              134    0         0      
       copy_decompress_lzss.c.obj     104    0         0      
       autoinit.c.obj                 68     0         0      
       fs_tod_t2.asm.obj              56     0         0      
       boot_cortex_m.c.obj            52     0         0      
       copy_zero_init.c.obj           28     0         0      
       copy_decompress_none.c.obj     14     0         0      
       exit.c.obj                     4      0         0      
       pre_init.c.obj                 4      0         0      
    +--+------------------------------+------+---------+---------+
       Total:                         620    0         0      
                                                              
       Stack:                         0      0         512    
       Linker Generated:              0      89        0      
    +--+------------------------------+------+---------+---------+
       Grand Total:                   7514   1301      1204   


LINKER GENERATED COPY TABLES

__TI_cinit_table @ 00002268 records: 3, size/record: 8, table size: 24
	.data: load addr=00002220, load size=00000025 bytes, run addr=20000470, run size=0000003c bytes, compression=lzss
	.bss: load addr=00002258, load size=00000008 bytes, run addr=200004ac, run size=0000000c bytes, compression=zero_init
	.vtable: load addr=00002260, load size=00000008 bytes, run addr=20000000, run size=0000026c bytes, compression=zero_init


LINKER GENERATED HANDLER TABLE

__TI_handler_table @ 00002248 records: 3, size/record: 4, table size: 12
	index: 0, handler: __TI_zero_init
	index: 1, handler: __TI_decompress_lzss
	index: 2, handler: __TI_decompress_none


GLOBAL SYMBOLS: SORTED ALPHABETICALLY BY Name 

address   name                          
-------   ----                          
0000064b  ADC0IntHandler                
200004a8  ADC0Pointer                   
000006ef  ADC1IntHandler                
00001ee9  ADCHardwareOversampleConfigure
00001f7b  ADCIntClear                   
00001eb9  ADCIntEnable                  
00001dbb  ADCProcessorTrigger           
00001a61  ADCSequenceConfigure          
00001d49  ADCSequenceDataGet            
00001ef7  ADCSequenceDisable            
00001f05  ADCSequenceEnable             
0000179b  ADCSequenceStepConfigure      
00001fcb  C$$EXIT                       
00001f4b  CPUcpsie                      
00000425  Fstate                        
00001cd9  GPIODirModeSet                
00001fa1  GPIOIntClear                  
00001f13  GPIOIntDisable                
00001f57  GPIOIntEnable                 
00001dd3  GPIOIntRegister               
00001f21  GPIOIntStatus                 
00001a09  GPIOIntTypeSet                
000012f5  GPIOPadConfigSet              
00001ab1  GPIOPinConfigure              
00001e05  GPIOPinTypeADC                
00001e1b  GPIOPinTypeGPIOInput          
00001da1  GPIOPinTypeGPIOOutput         
00001e31  GPIOPinTypePWM                
00001e47  GPIOPinTypeUART               
00001fa7  GPIOPinWrite                  
200004a4  GPIO_ints                     
20000484  GainState                     
2000047c  GainVel                       
00001815  IntDisable                    
0000187d  IntEnable                     
00001ec9  IntMasterEnable               
00001c3d  IntRegister                   
00000875  InterruptTimeChange           
00000761  InterruptTimeOut              
20000476  Mode_Rampa                    
00001d05  PWMGenConfigure               
00001f63  PWMGenEnable                  
00001e71  PWMGenPeriodGet               
00001ed9  PWMGenPeriodSet               
00001e83  PWMOutputInvert               
00001e95  PWMOutputState                
00001d67  PWMPulseWidthSet              
000007b1  PortIntHandler                
20000475  PotData                       
00000741  PotVel                        
0000026d  RdChangeState                 
00001f6f  ResetISR                      
000012ad  RstTimeOut                    
00001585  SysCtlClockSet                
00001fad  SysCtlDelay                   
00001c71  SysCtlPeripheralEnable        
00001bcd  SysCtlPeripheralReady         
000010df  Timer1AIntHandler_funcioDelay 
00001fbf  TimerADCEventSet              
00001fb3  TimerClockSourceSet           
0000194d  TimerConfigure                
000019ad  TimerControlTrigger           
00001ded  TimerDisable                  
00001f2f  TimerEnable                   
00001fc3  TimerIntClear                 
00001f99  TimerIntEnable                
00001ea7  TimerLoadSet                  
00001f85  TimerValueGet                 
00001f8f  UARTCharPut                   
00001fb9  UARTClockSourceSet            
00001afd  UARTConfigSetExpClk           
00001d29  UARTDisable                   
00001e5d  UARTEnable                    
000011ad  UARTSend                      
20000480  VFuture                       
200004ac  Velocity                      
20000470  __STACK_END                   
00000200  __STACK_SIZE                  
20000470  __STACK_TOP                   
00002268  __TI_CINIT_Base               
00002280  __TI_CINIT_Limit              
00002248  __TI_Handler_Table_Base       
00002254  __TI_Handler_Table_Limit      
00001b89  __TI_auto_init_nobinit_nopinit
000018e5  __TI_decompress_lzss          
00001f3d  __TI_decompress_none          
ffffffff  __TI_pprof_out_hndl           
ffffffff  __TI_prof_data_size           
ffffffff  __TI_prof_data_start          
00000000  __TI_static_base__            
00001d85  __TI_zero_init_nomemset       
00001715  __aeabi_cdrcmple              
00001c05  __aeabi_f2d                   
00001679  __aeabi_memcpy                
00001679  __aeabi_memcpy4               
00001679  __aeabi_memcpy8               
ffffffff  __binit__                     
ffffffff  __c_args__                    
UNDEFED   __mpu_init                    
20000270  __stack                       
20000000  __start___llvm_prf_cnts       
20000000  __stop___llvm_prf_cnts        
00001ca5  _c_int00_noargs               
UNDEFED   _system_post_cinit            
00001fc7  _system_pre_init              
200004a0  a1                            
200004a1  a2                            
00001fcb  abort                         
00001167  activarADC                    
00001179  adcChannel                    
2000048a  arribatADC                    
ffffffff  binit                         
20000470  changeState                   
200004b0  contador                      
2000048c  contadorADC                   
20000490  contadorTimer                 
20000478  countState                    
00001089  createADC0MEM                 
20000498  data_ant                      
2000049c  data_init                     
00001095  delayms                       
200004a6  delayms_GOUT                  
0000110b  dt                            
00001123  enableGPIOInt                 
20000000  g_pfnRAMVectors               
00000000  g_pfnVectors                  
00000fc5  initUART                      
00000ed9  init_ADC                      
000009cb  init_GPIOs                    
00000ae3  init_PWMs                     
000009c1  init_clock                    
00000da9  init_timers                   
00001461  main                          
00001679  memcpy                        
00000273  nState                        
20000489  provaADCBemf                  
20000494  ready                         
20000488  refADCrun                     
200004b4  referenceADC                  
200004a2  sendU                         
20000474  sentit                        
00000939  setADC0ref                    
20000472  setError                      
00000d2b  setGPIO                       
0000122f  setOut                        
00000c49  setPWM                        
00000bd3  setPWMDuty                    
00000b9f  setPWMfreqk                   
00001291  setTimeOut                    
20000473  state                         
20000471  switchPressed                 
000010f3  t0                            
20000477  updateVelocity                
000011d5  write                         
00001201  writeData                     


GLOBAL SYMBOLS: SORTED BY Symbol Address 

address   name                          
-------   ----                          
00000000  __TI_static_base__            
00000000  g_pfnVectors                  
00000200  __STACK_SIZE                  
0000026d  RdChangeState                 
00000273  nState                        
00000425  Fstate                        
0000064b  ADC0IntHandler                
000006ef  ADC1IntHandler                
00000741  PotVel                        
00000761  InterruptTimeOut              
000007b1  PortIntHandler                
00000875  InterruptTimeChange           
00000939  setADC0ref                    
000009c1  init_clock                    
000009cb  init_GPIOs                    
00000ae3  init_PWMs                     
00000b9f  setPWMfreqk                   
00000bd3  setPWMDuty                    
00000c49  setPWM                        
00000d2b  setGPIO                       
00000da9  init_timers                   
00000ed9  init_ADC                      
00000fc5  initUART                      
00001089  createADC0MEM                 
00001095  delayms                       
000010df  Timer1AIntHandler_funcioDelay 
000010f3  t0                            
0000110b  dt                            
00001123  enableGPIOInt                 
00001167  activarADC                    
00001179  adcChannel                    
000011ad  UARTSend                      
000011d5  write                         
00001201  writeData                     
0000122f  setOut                        
00001291  setTimeOut                    
000012ad  RstTimeOut                    
000012f5  GPIOPadConfigSet              
00001461  main                          
00001585  SysCtlClockSet                
00001679  __aeabi_memcpy                
00001679  __aeabi_memcpy4               
00001679  __aeabi_memcpy8               
00001679  memcpy                        
00001715  __aeabi_cdrcmple              
0000179b  ADCSequenceStepConfigure      
00001815  IntDisable                    
0000187d  IntEnable                     
000018e5  __TI_decompress_lzss          
0000194d  TimerConfigure                
000019ad  TimerControlTrigger           
00001a09  GPIOIntTypeSet                
00001a61  ADCSequenceConfigure          
00001ab1  GPIOPinConfigure              
00001afd  UARTConfigSetExpClk           
00001b89  __TI_auto_init_nobinit_nopinit
00001bcd  SysCtlPeripheralReady         
00001c05  __aeabi_f2d                   
00001c3d  IntRegister                   
00001c71  SysCtlPeripheralEnable        
00001ca5  _c_int00_noargs               
00001cd9  GPIODirModeSet                
00001d05  PWMGenConfigure               
00001d29  UARTDisable                   
00001d49  ADCSequenceDataGet            
00001d67  PWMPulseWidthSet              
00001d85  __TI_zero_init_nomemset       
00001da1  GPIOPinTypeGPIOOutput         
00001dbb  ADCProcessorTrigger           
00001dd3  GPIOIntRegister               
00001ded  TimerDisable                  
00001e05  GPIOPinTypeADC                
00001e1b  GPIOPinTypeGPIOInput          
00001e31  GPIOPinTypePWM                
00001e47  GPIOPinTypeUART               
00001e5d  UARTEnable                    
00001e71  PWMGenPeriodGet               
00001e83  PWMOutputInvert               
00001e95  PWMOutputState                
00001ea7  TimerLoadSet                  
00001eb9  ADCIntEnable                  
00001ec9  IntMasterEnable               
00001ed9  PWMGenPeriodSet               
00001ee9  ADCHardwareOversampleConfigure
00001ef7  ADCSequenceDisable            
00001f05  ADCSequenceEnable             
00001f13  GPIOIntDisable                
00001f21  GPIOIntStatus                 
00001f2f  TimerEnable                   
00001f3d  __TI_decompress_none          
00001f4b  CPUcpsie                      
00001f57  GPIOIntEnable                 
00001f63  PWMGenEnable                  
00001f6f  ResetISR                      
00001f7b  ADCIntClear                   
00001f85  TimerValueGet                 
00001f8f  UARTCharPut                   
00001f99  TimerIntEnable                
00001fa1  GPIOIntClear                  
00001fa7  GPIOPinWrite                  
00001fad  SysCtlDelay                   
00001fb3  TimerClockSourceSet           
00001fb9  UARTClockSourceSet            
00001fbf  TimerADCEventSet              
00001fc3  TimerIntClear                 
00001fc7  _system_pre_init              
00001fcb  C$$EXIT                       
00001fcb  abort                         
00002248  __TI_Handler_Table_Base       
00002254  __TI_Handler_Table_Limit      
00002268  __TI_CINIT_Base               
00002280  __TI_CINIT_Limit              
20000000  __start___llvm_prf_cnts       
20000000  __stop___llvm_prf_cnts        
20000000  g_pfnRAMVectors               
20000270  __stack                       
20000470  __STACK_END                   
20000470  __STACK_TOP                   
20000470  changeState                   
20000471  switchPressed                 
20000472  setError                      
20000473  state                         
20000474  sentit                        
20000475  PotData                       
20000476  Mode_Rampa                    
20000477  updateVelocity                
20000478  countState                    
2000047c  GainVel                       
20000480  VFuture                       
20000484  GainState                     
20000488  refADCrun                     
20000489  provaADCBemf                  
2000048a  arribatADC                    
2000048c  contadorADC                   
20000490  contadorTimer                 
20000494  ready                         
20000498  data_ant                      
2000049c  data_init                     
200004a0  a1                            
200004a1  a2                            
200004a2  sendU                         
200004a4  GPIO_ints                     
200004a6  delayms_GOUT                  
200004a8  ADC0Pointer                   
200004ac  Velocity                      
200004b0  contador                      
200004b4  referenceADC                  
ffffffff  __TI_pprof_out_hndl           
ffffffff  __TI_prof_data_size           
ffffffff  __TI_prof_data_start          
ffffffff  __binit__                     
ffffffff  __c_args__                    
ffffffff  binit                         
UNDEFED   __mpu_init                    
UNDEFED   _system_post_cinit            

[155 symbols]
